Archive member included to satisfy reference by file (symbol)

/teamspace/studios/this_studio/AI-Automated-Radiology-Report/glibc-2.34/build/libc_pic.a(check_fds.os)
                              /teamspace/studios/this_studio/AI-Automated-Radiology-Report/glibc-2.34/build/elf/dl-allobjs.os (__libc_check_standard_fds)
/teamspace/studios/this_studio/AI-Automated-Radiology-Report/glibc-2.34/build/libc_pic.a(errno.os)
                              /teamspace/studios/this_studio/AI-Automated-Radiology-Report/glibc-2.34/build/libc_pic.a(check_fds.os) (__libc_errno)
/teamspace/studios/this_studio/AI-Automated-Radiology-Report/glibc-2.34/build/libc_pic.a(setjmp.os)
                              /teamspace/studios/this_studio/AI-Automated-Radiology-Report/glibc-2.34/build/elf/dl-allobjs.os (__sigsetjmp)
/teamspace/studios/this_studio/AI-Automated-Radiology-Report/glibc-2.34/build/libc_pic.a(__longjmp.os)
                              /teamspace/studios/this_studio/AI-Automated-Radiology-Report/glibc-2.34/build/elf/dl-allobjs.os (__longjmp)
/teamspace/studios/this_studio/AI-Automated-Radiology-Report/glibc-2.34/build/libc_pic.a(lowlevellock.os)
                              /teamspace/studios/this_studio/AI-Automated-Radiology-Report/glibc-2.34/build/elf/dl-allobjs.os (__lll_lock_wait_private)
/teamspace/studios/this_studio/AI-Automated-Radiology-Report/glibc-2.34/build/libc_pic.a(scratch_buffer_set_array_size.os)
                              /teamspace/studios/this_studio/AI-Automated-Radiology-Report/glibc-2.34/build/elf/dl-allobjs.os (__libc_scratch_buffer_set_array_size)
/teamspace/studios/this_studio/AI-Automated-Radiology-Report/glibc-2.34/build/libc_pic.a(strchr.os)
                              /teamspace/studios/this_studio/AI-Automated-Radiology-Report/glibc-2.34/build/elf/dl-allobjs.os (strchr)
/teamspace/studios/this_studio/AI-Automated-Radiology-Report/glibc-2.34/build/libc_pic.a(strcmp.os)
                              /teamspace/studios/this_studio/AI-Automated-Radiology-Report/glibc-2.34/build/elf/dl-allobjs.os (strcmp)
/teamspace/studios/this_studio/AI-Automated-Radiology-Report/glibc-2.34/build/libc_pic.a(strcspn.os)
                              /teamspace/studios/this_studio/AI-Automated-Radiology-Report/glibc-2.34/build/elf/dl-allobjs.os (strcspn)
/teamspace/studios/this_studio/AI-Automated-Radiology-Report/glibc-2.34/build/libc_pic.a(strdup.os)
                              /teamspace/studios/this_studio/AI-Automated-Radiology-Report/glibc-2.34/build/elf/dl-allobjs.os (__strdup)
/teamspace/studios/this_studio/AI-Automated-Radiology-Report/glibc-2.34/build/libc_pic.a(strlen.os)
                              /teamspace/studios/this_studio/AI-Automated-Radiology-Report/glibc-2.34/build/elf/dl-allobjs.os (strlen)
/teamspace/studios/this_studio/AI-Automated-Radiology-Report/glibc-2.34/build/libc_pic.a(strnlen.os)
                              /teamspace/studios/this_studio/AI-Automated-Radiology-Report/glibc-2.34/build/elf/dl-allobjs.os (strnlen)
/teamspace/studios/this_studio/AI-Automated-Radiology-Report/glibc-2.34/build/libc_pic.a(strncmp.os)
                              /teamspace/studios/this_studio/AI-Automated-Radiology-Report/glibc-2.34/build/elf/dl-allobjs.os (strncmp)
/teamspace/studios/this_studio/AI-Automated-Radiology-Report/glibc-2.34/build/libc_pic.a(memchr.os)
                              /teamspace/studios/this_studio/AI-Automated-Radiology-Report/glibc-2.34/build/elf/dl-allobjs.os (memchr)
/teamspace/studios/this_studio/AI-Automated-Radiology-Report/glibc-2.34/build/libc_pic.a(memcmp.os)
                              /teamspace/studios/this_studio/AI-Automated-Radiology-Report/glibc-2.34/build/elf/dl-allobjs.os (memcmp)
/teamspace/studios/this_studio/AI-Automated-Radiology-Report/glibc-2.34/build/libc_pic.a(memmove.os)
                              /teamspace/studios/this_studio/AI-Automated-Radiology-Report/glibc-2.34/build/elf/dl-allobjs.os (memmove)
/teamspace/studios/this_studio/AI-Automated-Radiology-Report/glibc-2.34/build/libc_pic.a(memset.os)
                              /teamspace/studios/this_studio/AI-Automated-Radiology-Report/glibc-2.34/build/elf/dl-allobjs.os (memset)
/teamspace/studios/this_studio/AI-Automated-Radiology-Report/glibc-2.34/build/libc_pic.a(mempcpy.os)
                              /teamspace/studios/this_studio/AI-Automated-Radiology-Report/glibc-2.34/build/elf/dl-allobjs.os (__mempcpy)
/teamspace/studios/this_studio/AI-Automated-Radiology-Report/glibc-2.34/build/libc_pic.a(stpcpy.os)
                              /teamspace/studios/this_studio/AI-Automated-Radiology-Report/glibc-2.34/build/elf/dl-allobjs.os (__stpcpy)
/teamspace/studios/this_studio/AI-Automated-Radiology-Report/glibc-2.34/build/libc_pic.a(memcpy.os)
                              /teamspace/studios/this_studio/AI-Automated-Radiology-Report/glibc-2.34/build/libc_pic.a(check_fds.os) (__GI_memcpy)
[...]
Memory Configuration

Name             Origin             Length             Attributes
*default*        0x0000000000000000 0xffffffffffffffff

Linker script and memory map

LOAD /teamspace/studios/this_studio/AI-Automated-Radiology-Report/glibc-2.34/build/elf/librtld.mapT.o
START GROUP
LOAD /teamspace/studios/this_studio/AI-Automated-Radiology-Report/glibc-2.34/build/elf/dl-allobjs.os
LOAD /teamspace/studios/this_studio/AI-Automated-Radiology-Report/glibc-2.34/build/libc_pic.a
LOAD /usr/lib/gcc/x86_64-linux-gnu/9/libgcc.a
END GROUP

.interp
 *(.interp)

.note.gnu.build-id
 *(.note.gnu.build-id)

.hash
 *(.hash)

.gnu.hash
 *(.gnu.hash)

.dynsym
 *(.dynsym)

.dynstr
 *(.dynstr)

.gnu.version
 *(.gnu.version)

.gnu.version_d
 *(.gnu.version_d)

.gnu.version_r
 *(.gnu.version_r)

.rela.init
 *(.rela.init)

.rela.text
 *(.rela.text)

.rela.fini
 *(.rela.fini)

.rela.rodata
 *(.rela.rodata)

.rela.data.rel.ro
 *(.rela.data.rel.ro)

.rela.data
 *(.rela.data)

.rela.tdata
 *(.rela.tdata)

.rela.tbss
 *(.rela.tbss)

.rela.ctors
 *(.rela.ctors)

.rela.dtors
 *(.rela.dtors)

.rela.got
 *(.rela.got)

.rela.bss
 *(.rela.bss)

.rela.ldata
 *(.rela.ldata)

.rela.lbss
 *(.rela.lbss)

.rela.lrodata
 *(.rela.lrodata)

.rela.ifunc
 *(.rela.ifunc)

.rela.plt
 *(.rela.plt)

.init
 *(SORT_NONE(.init))

.plt
 *(.plt)

.plt.got
 *(.plt.got)

.plt.sec
 *(.plt.sec)

.text           0x0000000000000000    0x2679c
 *(.text .stub)
 .text          0x0000000000000000        0x0 /teamspace/studios/this_studio/AI-Automated-Radiology-Report/glibc-2.34/build/elf/librtld.mapT.o
                0x0000000000000000                __stack_chk_fail_local
                0x0000000000000000                malloc
                0x0000000000000000                __stack_chk_fail
                0x0000000000000000                calloc
                0x0000000000000000                __GI___pthread_enable_asynccancel
                0x0000000000000000                realloc
                0x0000000000000000                __GI___pthread_disable_asynccancel
                0x0000000000000000                __pthread_enable_asynccancel
                0x0000000000000000                __pthread_disable_asynccancel
                0x0000000000000000                free
 .text          0x0000000000000000    0x1fbf4 /teamspace/studios/this_studio/AI-Automated-Radiology-Report/glibc-2.34/build/elf/dl-allobjs.os
                0x0000000000000000                _start
                0x0000000000000008                _dl_start_user
                0x00000000000013e0                handle_preload_list
                0x0000000000006550                _dl_dst_count
                0x0000000000006600                _dl_dst_substitute
                0x0000000000006d40                _dl_init_paths
                0x00000000000070b0                _dl_process_pt_gnu_property
                0x00000000000087e0                _dl_map_object
                0x0000000000009280                _dl_rtld_di_serinfo
                0x000000000000a1f0                _dl_lookup_symbol_x
                0x000000000000b170                _dl_setup_hash
                0x000000000000b230                _dl_add_to_namespace_list
                0x000000000000b2d0                _dl_new_object
                0x000000000000b6e0                _dl_try_allocate_static_tls
                0x000000000000b810                _dl_allocate_static_tls
                0x000000000000b850                _dl_protect_relro
                0x000000000000b8c0                _dl_reloc_bad_type
                0x000000000000b990                _dl_relocate_object
                0x000000000000d6d0                _dl_map_object_deps
                0x000000000000e8d0                _dl_fixup
                0x000000000000ea80                _dl_profile_fixup
                0x000000000000f150                _dl_call_pltexit
                0x000000000000f400                _dl_init
                0x000000000000f530                _dl_fini
                0x000000000000f970                _dl_debug_state
                0x000000000000f970                __GI__dl_debug_state
                0x000000000000f980                _dl_debug_initialize
                0x0000000000010160                _dl_sysdep_read_whole_file
                0x00000000000101f0                _dl_debug_printf
                0x00000000000102a0                _dl_debug_printf_c
                0x0000000000010350                _dl_dprintf
                0x00000000000103f0                _dl_printf
                0x00000000000104a0                _dl_error_printf
                0x0000000000010550                _dl_fatal_printf
                0x0000000000010550                __GI__dl_fatal_printf
                0x0000000000010600                _dl_name_match_p
                0x0000000000010670                _dl_higher_prime_number
                0x00000000000106c0                _dl_strtoul
                0x0000000000010820                _dl_check_map_versions
                0x0000000000010f80                _dl_check_all_versions
                0x0000000000011000                _dl_start_profile
                0x0000000000011800                __GI__dl_mcount
                0x0000000000011800                _dl_mcount
                0x0000000000011d50                _dl_tls_static_surplus_init
                0x0000000000011de0                _dl_assign_tls_modid
                0x0000000000011ef0                _dl_count_modids
                0x0000000000011f60                _dl_determine_tlsoffset
                0x0000000000012110                _dl_get_tls_static_info
                0x0000000000012130                _dl_allocate_tls_storage
                0x0000000000012200                __GI__dl_allocate_tls_init
                0x0000000000012200                _dl_allocate_tls_init
                0x0000000000012450                __GI__dl_allocate_tls
                0x0000000000012450                _dl_allocate_tls
                0x0000000000012490                _dl_deallocate_tls
                0x0000000000012490                __GI__dl_deallocate_tls
                0x0000000000012520                _dl_update_slotinfo
                0x0000000000012780                __GI___tls_get_addr
                0x0000000000012780                ___tls_get_addr
                0x00000000000127d0                _dl_tls_get_addr_soft
                0x0000000000012850                _dl_add_to_slotinfo
                0x0000000000012970                _dl_init_static_tls
                0x0000000000012aa0                __tls_get_addr_slow
                0x0000000000012ad0                _dl_get_origin
                0x0000000000012c40                _dl_scope_free
                0x0000000000012d40                __GI___nptl_change_stack_perm
                0x0000000000012d40                __nptl_change_stack_perm
                0x0000000000012d80                _dl_make_stacks_executable
                0x00000000000131c0                __GI__dl_find_dso_for_object
                0x00000000000131c0                _dl_find_dso_for_object
                0x0000000000013290                _dl_open
                0x00000000000135c0                _dl_show_scope
                0x00000000000143d0                _dl_close_worker
                0x0000000000015570                _dl_close
                0x00000000000155e0                _dl_runtime_profile_avx512
                0x0000000000015a60                _dl_runtime_profile_avx
                0x0000000000015ee0                _dl_runtime_profile_sse
                0x00000000000160e0                _dl_runtime_resolve_fxsave
                0x0000000000016160                _dl_runtime_resolve_xsave
                0x0000000000016230                _dl_runtime_resolve_xsavec
                0x0000000000016310                _dl_error_free
                0x0000000000016340                _dl_exception_create
                0x0000000000016340                __GI__dl_exception_create
                0x0000000000016440                __GI__dl_exception_create_format
                0x0000000000016440                _dl_exception_create_format
                0x00000000000168a0                _dl_exception_free
                0x00000000000168a0                __GI__dl_exception_free
                0x00000000000168d0                _dl_sort_maps
                0x0000000000016ca0                _dl_lookup_direct
                0x0000000000016e70                _dl_call_libc_early_init
                0x0000000000016f00                _dl_write
                0x0000000000016f10                __thread_gscope_wait
                0x0000000000017100                __tls_pre_init_tp
                0x0000000000017160                __tls_init_tp
                0x0000000000017230                _dl_cache_libcmp
                0x00000000000179e0                _dl_load_cache_lookup
                0x0000000000017d70                _dl_unload_cache
                0x0000000000017ee0                __GI___tunable_set_val
                0x0000000000017f10                __GI___tunables_init
                0x0000000000018480                __GI___tunables_print
                0x0000000000018570                __tunable_get_val
                0x0000000000018570                __GI___tunable_get_val
                0x00000000000185e0                _dl_make_tlsdesc_dynamic
                0x0000000000018890                _dl_unmap
                0x0000000000018910                _dl_tlsdesc_return
                0x0000000000018920                _dl_tlsdesc_undefweak
                0x0000000000018940                _dl_tlsdesc_dynamic
                0x00000000000189e0                __tls_get_addr
                0x000000000001aa30                __x86_cpu_features
                0x000000000001aa60                _dl_x86_init_cpu_features
                0x000000000001aa80                _dl_x86_get_cpu_features
                0x000000000001aee0                _dl_cet_open_check
                0x000000000001aef0                _dl_cet_check
                0x000000000001af00                _dl_tunable_set_hwcaps
                0x000000000001ba10                _dl_tunable_set_x86_ibt
                0x000000000001ba90                _dl_tunable_set_x86_shstk
                0x000000000001bb10                _dl_sysdep_start
                0x000000000001bfa0                _dl_sysdep_start_cleanup
                0x000000000001bfb0                _dl_show_auxv
                0x000000000001c150                _dl_discover_osversion
                0x000000000001c330                _dl_next_ld_env_entry
                0x000000000001c380                unsetenv
                0x000000000001c5b0                __rtld_malloc_init_stubs
                0x000000000001c5f0                __sigjmp_save
                0x000000000001c600                __strerror_r
                0x000000000001c6f0                __GI___libc_fatal
                0x000000000001c6f0                __libc_fatal
                0x000000000001c710                __GI___chk_fail
                0x000000000001c710                __chk_fail
                0x000000000001c730                __GI___assert_fail
                0x000000000001c730                __assert_fail
                0x000000000001c800                __rtld_malloc_is_complete
                0x000000000001ca60                __rtld_malloc_init_real
                0x000000000001cb60                __GI___assert_perror_fail
                0x000000000001cb60                __assert_perror_fail
                0x000000000001cbc0                _itoa
                0x000000000001cc20                __strsep
                0x000000000001cc20                strsep
                0x000000000001cc20                __strsep_g
                0x000000000001cd50                _dl_signal_exception
                0x000000000001cda0                _dl_signal_error
                0x000000000001ce00                _dl_signal_cexception
                0x000000000001ce90                _dl_signal_cerror
                0x000000000001cf20                _dl_catch_exception
                0x000000000001d010                _dl_catch_error
                0x000000000001d060                _dl_receive_error
                0x000000000001d0b0                _rtld_catch_error
                0x000000000001d0c0                _dl_resolve_conflicts
                0x000000000001d320                _dl_important_hwcaps
                0x000000000001dca0                _dl_hwcaps_split
                0x000000000001dcd0                _dl_hwcaps_contains
                0x000000000001dd70                _dl_hwcaps_split_masked
                0x000000000001ddd0                _dl_hwcaps_subdirs_active
                0x000000000001df90                _dl_usage
                0x000000000001dfe0                _dl_version
                0x000000000001e000                _dl_help
                0x000000000001e550                _dl_diagnostics_print_string
                0x000000000001e5e0                _dl_diagnostics_print_labeled_string
                0x000000000001e630                _dl_diagnostics_print_labeled_value
                0x000000000001e650                _dl_print_diagnostics
                0x000000000001eaf0                _dl_diagnostics_kernel
                0x000000000001eb90                _dl_diagnostics_cpu
                0x000000000001f210                __rtld_mutex_init
                0x000000000001f300                __brk
                0x000000000001f300                brk
                0x000000000001f330                sbrk
                0x000000000001f330                __sbrk
                0x000000000001f3d0                __getcwd
                0x000000000001f3d0                getcwd
                0x000000000001fa00                openat64
                0x000000000001fa60                __alloc_dir
                0x000000000001fb50                __opendir
                0x000000000001fb50                opendir
 *fill*         0x000000000001fbf4        0xc 
 .text          0x000000000001fc00       0xd6 /teamspace/studios/this_studio/AI-Automated-Radiology-Report/glibc-2.34/build/libc_pic.a(check_fds.os)
                0x000000000001fca0                __libc_check_standard_fds
 .text          0x000000000001fcd6        0x0 /teamspace/studios/this_studio/AI-Automated-Radiology-Report/glibc-2.34/build/libc_pic.a(errno.os)
 *fill*         0x000000000001fcd6        0xa 
 .text          0x000000000001fce0       0x72 /teamspace/studios/this_studio/AI-Automated-Radiology-Report/glibc-2.34/build/libc_pic.a(setjmp.os)
                0x000000000001fce0                __sigsetjmp
                0x000000000001fce0                __GI___sigsetjmp
 *fill*         0x000000000001fd52        0xe 
 .text          0x000000000001fd60       0x8e /teamspace/studios/this_studio/AI-Automated-Radiology-Report/glibc-2.34/build/libc_pic.a(__longjmp.os)
                0x000000000001fd60                __longjmp
 *fill*         0x000000000001fdee        0x2 
 .text          0x000000000001fdf0      0x118 /teamspace/studios/this_studio/AI-Automated-Radiology-Report/glibc-2.34/build/libc_pic.a(lowlevellock.os)
                0x000000000001fdf0                __GI___lll_lock_wait_private
                0x000000000001fdf0                __lll_lock_wait_private
                0x000000000001fe60                __lll_lock_wait
                0x000000000001fe60                __GI___lll_lock_wait
                0x000000000001fed0                __lll_lock_wake_private
                0x000000000001fed0                __GI___lll_lock_wake_private
                0x000000000001fef0                __lll_lock_wake
                0x000000000001fef0                __GI___lll_lock_wake
 *fill*         0x000000000001ff08        0x8 
 .text          0x000000000001ff10       0xae /teamspace/studios/this_studio/AI-Automated-Radiology-Report/glibc-2.34/build/libc_pic.a(scratch_buffer_set_array_size.os)
                0x000000000001ff10                __libc_scratch_buffer_set_array_size
                0x000000000001ff10                __GI___libc_scratch_buffer_set_array_size
 *fill*         0x000000000001ffbe        0x2 
 .text          0x000000000001ffc0       0x78 /teamspace/studios/this_studio/AI-Automated-Radiology-Report/glibc-2.34/build/libc_pic.a(strchr.os)
                0x000000000001ffc0                __GI_strchr
                0x000000000001ffc0                index
                0x000000000001ffc0                strchr
 *fill*         0x0000000000020038        0x8 
 .text          0x0000000000020040       0x8f /teamspace/studios/this_studio/AI-Automated-Radiology-Report/glibc-2.34/build/libc_pic.a(strcmp.os)
                0x0000000000020040                __GI_strcmp
                0x0000000000020040                strcmp
 *fill*         0x00000000000200cf        0x1 
 .text          0x00000000000200d0       0x25 /teamspace/studios/this_studio/AI-Automated-Radiology-Report/glibc-2.34/build/libc_pic.a(strcspn.os)
                0x00000000000200d0                strcspn
                0x00000000000200d0                __GI_strcspn
 *fill*         0x00000000000200f5        0xb 
 .text          0x0000000000020100       0x40 /teamspace/studios/this_studio/AI-Automated-Radiology-Report/glibc-2.34/build/libc_pic.a(strdup.os)
                0x0000000000020100                __GI___strdup
                0x0000000000020100                __strdup
                0x0000000000020100                strdup
 .text          0x0000000000020140       0x78 /teamspace/studios/this_studio/AI-Automated-Radiology-Report/glibc-2.34/build/libc_pic.a(strlen.os)
                0x0000000000020140                strlen
                0x0000000000020140                __GI_strlen
 *fill*         0x00000000000201b8        0x8 
 .text          0x00000000000201c0       0x78 /teamspace/studios/this_studio/AI-Automated-Radiology-Report/glibc-2.34/build/libc_pic.a(strnlen.os)
                0x00000000000201c0                __strnlen
                0x00000000000201c0                strnlen
                0x00000000000201c0                __GI___strnlen
                0x00000000000201c0                __GI_strnlen
 *fill*         0x0000000000020238        0x8 
 .text          0x0000000000020240       0x9f /teamspace/studios/this_studio/AI-Automated-Radiology-Report/glibc-2.34/build/libc_pic.a(strncmp.os)
                0x0000000000020240                __GI_strncmp
                0x0000000000020240                strncmp
 *fill*         0x00000000000202df        0x1 
 .text          0x00000000000202e0       0x8d /teamspace/studios/this_studio/AI-Automated-Radiology-Report/glibc-2.34/build/libc_pic.a(memchr.os)
                0x00000000000202e0                __GI_memchr
                0x00000000000202e0                memchr
                0x00000000000202e0                __memchr
 *fill*         0x000000000002036d        0x3 
 .text          0x0000000000020370       0x99 /teamspace/studios/this_studio/AI-Automated-Radiology-Report/glibc-2.34/build/libc_pic.a(memcmp.os)
                0x0000000000020370                bcmp
                0x0000000000020370                __GI_memcmp
                0x0000000000020370                memcmp
 *fill*         0x0000000000020409        0x7 
 .text          0x0000000000020410      0x121 /teamspace/studios/this_studio/AI-Automated-Radiology-Report/glibc-2.34/build/libc_pic.a(memmove.os)
                0x0000000000020410                memmove
                0x0000000000020410                __GI_memmove
                0x0000000000020410                __libc_memmove
 *fill*         0x0000000000020531        0xf 
 .text          0x0000000000020540       0xf1 /teamspace/studios/this_studio/AI-Automated-Radiology-Report/glibc-2.34/build/libc_pic.a(memset.os)
                0x0000000000020540                __GI_memset
                0x0000000000020540                memset
 *fill*         0x0000000000020631        0xf 
 .text          0x0000000000020640      0x121 /teamspace/studios/this_studio/AI-Automated-Radiology-Report/glibc-2.34/build/libc_pic.a(mempcpy.os)
                0x0000000000020640                mempcpy
                0x0000000000020640                __GI_mempcpy
                0x0000000000020640                __mempcpy
                0x0000000000020640                __GI___mempcpy
 *fill*         0x0000000000020761        0xf 
 .text          0x0000000000020770       0x81 /teamspace/studios/this_studio/AI-Automated-Radiology-Report/glibc-2.34/build/libc_pic.a(stpcpy.os)
                0x0000000000020770                stpcpy
                0x0000000000020770                __GI_stpcpy
                0x0000000000020770                __stpcpy
                0x0000000000020770                __GI___stpcpy
 *fill*         0x00000000000207f1        0xf 
 .text          0x0000000000020800      0x121 /teamspace/studios/this_studio/AI-Automated-Radiology-Report/glibc-2.34/build/libc_pic.a(memcpy.os)
                0x0000000000020800                __GI_memcpy
                0x0000000000020800                __SI__new_memcpy_0
                0x0000000000020800                __new_memcpy
                0x0000000000020800                memcpy@@GLIBC_2.14
 *fill*         0x0000000000020921        0xf 
 .text          0x0000000000020930       0x8d /teamspace/studios/this_studio/AI-Automated-Radiology-Report/glibc-2.34/build/libc_pic.a(rawmemchr.os)
                0x0000000000020930                __GI___rawmemchr
                0x0000000000020930                __rawmemchr
                0x0000000000020930                rawmemchr
 *fill*         0x00000000000209bd        0x3 
 .text          0x00000000000209c0     0x1449 /teamspace/studios/this_studio/AI-Automated-Radiology-Report/glibc-2.34/build/libc_pic.a(strcmp-sse2.os)
                0x00000000000209c0                __strcmp_sse2
 *fill*         0x0000000000021e09        0x7 
 .text          0x0000000000021e10      0x2a3 /teamspace/studios/this_studio/AI-Automated-Radiology-Report/glibc-2.34/build/libc_pic.a(strcmp-sse2-unaligned.os)
                0x0000000000021e10                __strcmp_sse2_unaligned
 .text          0x00000000000220b3        0x0 /teamspace/studios/this_studio/AI-Automated-Radiology-Report/glibc-2.34/build/libc_pic.a(strcmp-ssse3.os)
 .text          0x00000000000220b3        0x0 /teamspace/studios/this_studio/AI-Automated-Radiology-Report/glibc-2.34/build/libc_pic.a(strcmp-avx2.os)
 *fill*         0x00000000000220b3        0xd 
 .text          0x00000000000220c0     0x1859 /teamspace/studios/this_studio/AI-Automated-Radiology-Report/glibc-2.34/build/libc_pic.a(strncmp-sse2.os)
                0x00000000000220c0                __strncmp_sse2
 .text          0x0000000000023919        0x0 /teamspace/studios/this_studio/AI-Automated-Radiology-Report/glibc-2.34/build/libc_pic.a(strncmp-ssse3.os)
 .text          0x0000000000023919        0x0 /teamspace/studios/this_studio/AI-Automated-Radiology-Report/glibc-2.34/build/libc_pic.a(strncmp-sse4_2.os)
 .text          0x0000000000023919        0x0 /teamspace/studios/this_studio/AI-Automated-Radiology-Report/glibc-2.34/build/libc_pic.a(strncmp-avx2.os)
 *fill*         0x0000000000023919        0x7 
 .text          0x0000000000023920      0x323 /teamspace/studios/this_studio/AI-Automated-Radiology-Report/glibc-2.34/build/libc_pic.a(memchr-sse2.os)
                0x0000000000023920                __memchr_sse2
 *fill*         0x0000000000023c43        0xd 
 .text          0x0000000000023c50      0x209 /teamspace/studios/this_studio/AI-Automated-Radiology-Report/glibc-2.34/build/libc_pic.a(rawmemchr-sse2.os)
                0x0000000000023c50                __rawmemchr_sse2
 .text          0x0000000000023e59        0x0 /teamspace/studios/this_studio/AI-Automated-Radiology-Report/glibc-2.34/build/libc_pic.a(memchr-avx2.os)
 .text          0x0000000000023e59        0x0 /teamspace/studios/this_studio/AI-Automated-Radiology-Report/glibc-2.34/build/libc_pic.a(rawmemchr-avx2.os)
 *fill*         0x0000000000023e59        0x7 
 .text          0x0000000000023e60      0x400 /teamspace/studios/this_studio/AI-Automated-Radiology-Report/glibc-2.34/build/libc_pic.a(memcmp-sse2.os)
                0x0000000000023e60                __memcmp_sse2
 .text          0x0000000000024260        0x0 /teamspace/studios/this_studio/AI-Automated-Radiology-Report/glibc-2.34/build/libc_pic.a(memcmp-avx2-movbe.os)
 .text          0x0000000000024260        0x0 /teamspace/studios/this_studio/AI-Automated-Radiology-Report/glibc-2.34/build/libc_pic.a(memcmp-sse4.os)
 .text          0x0000000000024260        0x0 /teamspace/studios/this_studio/AI-Automated-Radiology-Report/glibc-2.34/build/libc_pic.a(memcpy-ssse3.os)
 .text          0x0000000000024260        0x0 /teamspace/studios/this_studio/AI-Automated-Radiology-Report/glibc-2.34/build/libc_pic.a(memmove-ssse3.os)
 .text          0x0000000000024260        0x0 /teamspace/studios/this_studio/AI-Automated-Radiology-Report/glibc-2.34/build/libc_pic.a(memcpy-ssse3-back.os)
 .text          0x0000000000024260        0x0 /teamspace/studios/this_studio/AI-Automated-Radiology-Report/glibc-2.34/build/libc_pic.a(memmove-ssse3-back.os)
 .text          0x0000000000024260        0x0 /teamspace/studios/this_studio/AI-Automated-Radiology-Report/glibc-2.34/build/libc_pic.a(memmove-avx512-no-vzeroupper.os)
 .text          0x0000000000024260      0x22a /teamspace/studios/this_studio/AI-Automated-Radiology-Report/glibc-2.34/build/libc_pic.a(strchr-sse2.os)
                0x0000000000024260                __strchr_sse2
 .text          0x000000000002448a        0x0 /teamspace/studios/this_studio/AI-Automated-Radiology-Report/glibc-2.34/build/libc_pic.a(strchr-avx2.os)
 *fill*         0x000000000002448a        0x6 
 .text          0x0000000000024490      0x19c /teamspace/studios/this_studio/AI-Automated-Radiology-Report/glibc-2.34/build/libc_pic.a(strlen-sse2.os)
                0x0000000000024490                __strlen_sse2
 *fill*         0x000000000002462c        0x4 
 .text          0x0000000000024630      0x218 /teamspace/studios/this_studio/AI-Automated-Radiology-Report/glibc-2.34/build/libc_pic.a(strnlen-sse2.os)
                0x0000000000024630                __strnlen_sse2
 .text          0x0000000000024848        0x0 /teamspace/studios/this_studio/AI-Automated-Radiology-Report/glibc-2.34/build/libc_pic.a(strlen-avx2.os)
 .text          0x0000000000024848        0x0 /teamspace/studios/this_studio/AI-Automated-Radiology-Report/glibc-2.34/build/libc_pic.a(strnlen-avx2.os)
 *fill*         0x0000000000024848        0x8 
 .text          0x0000000000024850       0xec /teamspace/studios/this_studio/AI-Automated-Radiology-Report/glibc-2.34/build/libc_pic.a(stpcpy-sse2.os)
                0x0000000000024850                __stpcpy_sse2
 .text          0x000000000002493c        0x0 /teamspace/studios/this_studio/AI-Automated-Radiology-Report/glibc-2.34/build/libc_pic.a(stpcpy-ssse3.os)
 *fill*         0x000000000002493c        0x4 
 .text          0x0000000000024940      0x6c0 /teamspace/studios/this_studio/AI-Automated-Radiology-Report/glibc-2.34/build/libc_pic.a(stpcpy-sse2-unaligned.os)
                0x0000000000024940                __stpcpy_sse2_unaligned
 .text          0x0000000000025000        0x0 /teamspace/studios/this_studio/AI-Automated-Radiology-Report/glibc-2.34/build/libc_pic.a(stpcpy-avx2.os)
 .text          0x0000000000025000        0x0 /teamspace/studios/this_studio/AI-Automated-Radiology-Report/glibc-2.34/build/libc_pic.a(strchr-sse2-no-bsf.os)
 .text          0x0000000000025000        0x0 /teamspace/studios/this_studio/AI-Automated-Radiology-Report/glibc-2.34/build/libc_pic.a(memcmp-ssse3.os)
 .text          0x0000000000025000       0xa7 /teamspace/studios/this_studio/AI-Automated-Radiology-Report/glibc-2.34/build/libc_pic.a(strcspn-sse2.os)
                0x0000000000025000                __strcspn_sse2
 .text          0x00000000000250a7        0x0 /teamspace/studios/this_studio/AI-Automated-Radiology-Report/glibc-2.34/build/libc_pic.a(strcspn-c.os)
 .text          0x00000000000250a7        0x0 /teamspace/studios/this_studio/AI-Automated-Radiology-Report/glibc-2.34/build/libc_pic.a(varshift.os)
 .text          0x00000000000250a7        0x0 /teamspace/studios/this_studio/AI-Automated-Radiology-Report/glibc-2.34/build/libc_pic.a(memset-avx512-no-vzeroupper.os)
 *fill*         0x00000000000250a7        0x9 
 .text          0x00000000000250b0      0x692 /teamspace/studios/this_studio/AI-Automated-Radiology-Report/glibc-2.34/build/libc_pic.a(memmove-sse2-unaligned-erms.os)
                0x00000000000250b0                __mempcpy_chk_sse2_unaligned
                0x00000000000250c0                __mempcpy_sse2_unaligned
                0x00000000000250d0                __memcpy_chk_sse2_unaligned
                0x00000000000250d0                __memmove_chk_sse2_unaligned
                0x00000000000250e0                __memmove_sse2_unaligned
                0x00000000000250e0                __SI__memmove_sse2_unaligned_0
                0x00000000000250e0                __memcpy_sse2_unaligned
                0x00000000000250e0                memcpy@GLIBC_2.2.5
                0x0000000000025110                __mempcpy_chk_erms
                0x0000000000025120                __mempcpy_erms
                0x0000000000025140                __memcpy_chk_erms
                0x0000000000025140                __memmove_chk_erms
                0x0000000000025150                __memmove_erms
                0x0000000000025150                __memcpy_erms
                0x0000000000025190                __mempcpy_chk_sse2_unaligned_erms
                0x00000000000251a0                __mempcpy_sse2_unaligned_erms
                0x00000000000251b0                __memmove_chk_sse2_unaligned_erms
                0x00000000000251b0                __memcpy_chk_sse2_unaligned_erms
                0x00000000000251c0                __memmove_sse2_unaligned_erms
                0x00000000000251c0                __memcpy_sse2_unaligned_erms
 .text          0x0000000000025742        0x0 /teamspace/studios/this_studio/AI-Automated-Radiology-Report/glibc-2.34/build/libc_pic.a(memmove-avx-unaligned-erms.os)
 .text          0x0000000000025742        0x0 /teamspace/studios/this_studio/AI-Automated-Radiology-Report/glibc-2.34/build/libc_pic.a(memmove-avx512-unaligned-erms.os)
 *fill*         0x0000000000025742        0xe 
 .text          0x0000000000025750      0x1d2 /teamspace/studios/this_studio/AI-Automated-Radiology-Report/glibc-2.34/build/libc_pic.a(memset-sse2-unaligned-erms.os)
                0x0000000000025750                __bzero
                0x0000000000025750                bzero
                0x0000000000025760                __wmemset_chk_sse2_unaligned
                0x0000000000025770                __wmemset_sse2_unaligned
                0x0000000000025790                __memset_chk_sse2_unaligned
                0x00000000000257a0                __memset_sse2_unaligned
                0x00000000000257e0                __memset_chk_erms
                0x00000000000257f0                __memset_erms
                0x0000000000025810                __memset_chk_sse2_unaligned_erms
                0x0000000000025820                __memset_sse2_unaligned_erms
 .text          0x0000000000025922        0x0 /teamspace/studios/this_studio/AI-Automated-Radiology-Report/glibc-2.34/build/libc_pic.a(memset-avx2-unaligned-erms.os)
 .text          0x0000000000025922        0x0 /teamspace/studios/this_studio/AI-Automated-Radiology-Report/glibc-2.34/build/libc_pic.a(memset-avx512-unaligned-erms.os)
 .text          0x0000000000025922        0x0 /teamspace/studios/this_studio/AI-Automated-Radiology-Report/glibc-2.34/build/libc_pic.a(memchr-avx2-rtm.os)
 .text          0x0000000000025922        0x0 /teamspace/studios/this_studio/AI-Automated-Radiology-Report/glibc-2.34/build/libc_pic.a(memcmp-avx2-movbe-rtm.os)
 .text          0x0000000000025922        0x0 /teamspace/studios/this_studio/AI-Automated-Radiology-Report/glibc-2.34/build/libc_pic.a(memmove-avx-unaligned-erms-rtm.os)
 .text          0x0000000000025922        0x0 /teamspace/studios/this_studio/AI-Automated-Radiology-Report/glibc-2.34/build/libc_pic.a(memset-avx2-unaligned-erms-rtm.os)
 .text          0x0000000000025922        0x0 /teamspace/studios/this_studio/AI-Automated-Radiology-Report/glibc-2.34/build/libc_pic.a(rawmemchr-avx2-rtm.os)
 .text          0x0000000000025922        0x0 /teamspace/studios/this_studio/AI-Automated-Radiology-Report/glibc-2.34/build/libc_pic.a(strchr-avx2-rtm.os)
 .text          0x0000000000025922        0x0 /teamspace/studios/this_studio/AI-Automated-Radiology-Report/glibc-2.34/build/libc_pic.a(strcmp-avx2-rtm.os)
 .text          0x0000000000025922        0x0 /teamspace/studios/this_studio/AI-Automated-Radiology-Report/glibc-2.34/build/libc_pic.a(stpcpy-avx2-rtm.os)
 .text          0x0000000000025922        0x0 /teamspace/studios/this_studio/AI-Automated-Radiology-Report/glibc-2.34/build/libc_pic.a(strlen-avx2-rtm.os)
 .text          0x0000000000025922        0x0 /teamspace/studios/this_studio/AI-Automated-Radiology-Report/glibc-2.34/build/libc_pic.a(strncmp-avx2-rtm.os)
 .text          0x0000000000025922        0x0 /teamspace/studios/this_studio/AI-Automated-Radiology-Report/glibc-2.34/build/libc_pic.a(strnlen-avx2-rtm.os)
 .text          0x0000000000025922        0x0 /teamspace/studios/this_studio/AI-Automated-Radiology-Report/glibc-2.34/build/libc_pic.a(memchr-evex.os)
 .text          0x0000000000025922        0x0 /teamspace/studios/this_studio/AI-Automated-Radiology-Report/glibc-2.34/build/libc_pic.a(memcmp-evex-movbe.os)
 .text          0x0000000000025922        0x0 /teamspace/studios/this_studio/AI-Automated-Radiology-Report/glibc-2.34/build/libc_pic.a(memmove-evex-unaligned-erms.os)
 .text          0x0000000000025922        0x0 /teamspace/studios/this_studio/AI-Automated-Radiology-Report/glibc-2.34/build/libc_pic.a(memset-evex-unaligned-erms.os)
 .text          0x0000000000025922        0x0 /teamspace/studios/this_studio/AI-Automated-Radiology-Report/glibc-2.34/build/libc_pic.a(rawmemchr-evex.os)
 .text          0x0000000000025922        0x0 /teamspace/studios/this_studio/AI-Automated-Radiology-Report/glibc-2.34/build/libc_pic.a(stpcpy-evex.os)
 .text          0x0000000000025922        0x0 /teamspace/studios/this_studio/AI-Automated-Radiology-Report/glibc-2.34/build/libc_pic.a(strchr-evex.os)
 .text          0x0000000000025922        0x0 /teamspace/studios/this_studio/AI-Automated-Radiology-Report/glibc-2.34/build/libc_pic.a(strcmp-evex.os)
 .text          0x0000000000025922        0x0 /teamspace/studios/this_studio/AI-Automated-Radiology-Report/glibc-2.34/build/libc_pic.a(strlen-evex.os)
 .text          0x0000000000025922        0x0 /teamspace/studios/this_studio/AI-Automated-Radiology-Report/glibc-2.34/build/libc_pic.a(strncmp-evex.os)
 .text          0x0000000000025922        0x0 /teamspace/studios/this_studio/AI-Automated-Radiology-Report/glibc-2.34/build/libc_pic.a(strnlen-evex.os)
 .text          0x0000000000025922        0x0 /teamspace/studios/this_studio/AI-Automated-Radiology-Report/glibc-2.34/build/libc_pic.a(memchr-evex-rtm.os)
 .text          0x0000000000025922        0x0 /teamspace/studios/this_studio/AI-Automated-Radiology-Report/glibc-2.34/build/libc_pic.a(rawmemchr-evex-rtm.os)
 *fill*         0x0000000000025922        0xe 
 .text          0x0000000000025930      0x188 /teamspace/studios/this_studio/AI-Automated-Radiology-Report/glibc-2.34/build/libc_pic.a(cacheinfo.os)
                0x0000000000025930                __x86_cacheinfo
                0x00000000000259c0                __cache_sysconf
 *fill*         0x0000000000025ab8        0x8 
 .text          0x0000000000025ac0       0x2d /teamspace/studios/this_studio/AI-Automated-Radiology-Report/glibc-2.34/build/libc_pic.a(closedir.os)
                0x0000000000025ac0                __closedir
                0x0000000000025ac0                closedir
 *fill*         0x0000000000025aed        0x3 
 .text          0x0000000000025af0       0x7e /teamspace/studios/this_studio/AI-Automated-Radiology-Report/glibc-2.34/build/libc_pic.a(rewinddir.os)
                0x0000000000025af0                rewinddir
                0x0000000000025af0                __rewinddir
                0x0000000000025af0                __GI___rewinddir
 *fill*         0x0000000000025b6e        0x2 
 .text          0x0000000000025b70       0xf0 /teamspace/studios/this_studio/AI-Automated-Radiology-Report/glibc-2.34/build/libc_pic.a(readdir64.os)
                0x0000000000025b70                readdir
                0x0000000000025b70                __readdir64
                0x0000000000025b70                __readdir
                0x0000000000025b70                __GI___readdir64
                0x0000000000025b70                readdir64
 .text          0x0000000000025c60       0x9a /teamspace/studios/this_studio/AI-Automated-Radiology-Report/glibc-2.34/build/libc_pic.a(fdopendir.os)
                0x0000000000025c60                fdopendir
                0x0000000000025c60                __fdopendir
 *fill*         0x0000000000025cfa        0x6 
 .text          0x0000000000025d00       0x25 /teamspace/studios/this_studio/AI-Automated-Radiology-Report/glibc-2.34/build/libc_pic.a(uname.os)
                0x0000000000025d00                uname
                0x0000000000025d00                __GI_uname
                0x0000000000025d00                __uname
                0x0000000000025d00                __GI___uname
 *fill*         0x0000000000025d25        0xb 
 .text          0x0000000000025d30       0x58 /teamspace/studios/this_studio/AI-Automated-Radiology-Report/glibc-2.34/build/libc_pic.a(_exit.os)
                0x0000000000025d30                _Exit
                0x0000000000025d30                __GI__exit
                0x0000000000025d30                _exit
 *fill*         0x0000000000025d88        0x8 
 .text          0x0000000000025d90        0xc /teamspace/studios/this_studio/AI-Automated-Radiology-Report/glibc-2.34/build/libc_pic.a(getpid.os)
                0x0000000000025d90                __getpid
                0x0000000000025d90                getpid
                0x0000000000025d90                __GI_getpid
                0x0000000000025d90                __GI___getpid
 .text          0x0000000000025d9c        0x0 /teamspace/studios/this_studio/AI-Automated-Radiology-Report/glibc-2.34/build/libc_pic.a(environ.os)
 *fill*         0x0000000000025d9c        0x4 
 .text          0x0000000000025da0       0x16 /teamspace/studios/this_studio/AI-Automated-Radiology-Report/glibc-2.34/build/libc_pic.a(stat64.os)
                0x0000000000025da0                stat64
                0x0000000000025da0                __stat
                0x0000000000025da0                __stat64
                0x0000000000025da0                stat
                0x0000000000025da0                __GI___stat64
 *fill*         0x0000000000025db6        0xa 
 .text          0x0000000000025dc0       0x34 /teamspace/studios/this_studio/AI-Automated-Radiology-Report/glibc-2.34/build/libc_pic.a(fstat64.os)
                0x0000000000025dc0                __GI___fstat64
                0x0000000000025dc0                fstat64
                0x0000000000025dc0                fstat
                0x0000000000025dc0                __fstat64
                0x0000000000025dc0                __fstat
 *fill*         0x0000000000025df4        0xc 
 .text          0x0000000000025e00       0x19 /teamspace/studios/this_studio/AI-Automated-Radiology-Report/glibc-2.34/build/libc_pic.a(lstat64.os)
                0x0000000000025e00                __lstat64
                0x0000000000025e00                lstat
                0x0000000000025e00                lstat64
                0x0000000000025e00                __GI___lstat64
                0x0000000000025e00                __lstat
 *fill*         0x0000000000025e19        0x7 
 .text          0x0000000000025e20       0x32 /teamspace/studios/this_studio/AI-Automated-Radiology-Report/glibc-2.34/build/libc_pic.a(fstatat64.os)
                0x0000000000025e20                fstatat
                0x0000000000025e20                __fstatat
                0x0000000000025e20                fstatat64
                0x0000000000025e20                __fstatat64
                0x0000000000025e20                __GI___fstatat
                0x0000000000025e20                __GI___fstatat64
 *fill*         0x0000000000025e52        0xe 
 .text          0x0000000000025e60      0x103 /teamspace/studios/this_studio/AI-Automated-Radiology-Report/glibc-2.34/build/libc_pic.a(openat64.os)
                0x0000000000025e60                __openat64
                0x0000000000025e60                __GI___openat
                0x0000000000025e60                __GI___openat64
                0x0000000000025e60                __libc_openat64
                0x0000000000025e60                __openat
                0x0000000000025e60                openat
 *fill*         0x0000000000025f63        0xd 
 .text          0x0000000000025f70       0x2c /teamspace/studios/this_studio/AI-Automated-Radiology-Report/glibc-2.34/build/libc_pic.a(lseek64.os)
                0x0000000000025f70                __GI___lseek
                0x0000000000025f70                __lseek64
                0x0000000000025f70                lseek
                0x0000000000025f70                __libc_lseek64
                0x0000000000025f70                llseek@GLIBC_2.2.5
                0x0000000000025f70                __lseek
                0x0000000000025f70                __SI__lseek64_0
                0x0000000000025f70                __libc_lseek
                0x0000000000025f70                lseek64
 *fill*         0x0000000000025f9c        0x4 
 .text          0x0000000000025fa0       0x2a /teamspace/studios/this_studio/AI-Automated-Radiology-Report/glibc-2.34/build/libc_pic.a(access.os)
                0x0000000000025fa0                __GI___access
                0x0000000000025fa0                access
                0x0000000000025fa0                __access
 *fill*         0x0000000000025fca        0x6 
 .text          0x0000000000025fd0       0x2a /teamspace/studios/this_studio/AI-Automated-Radiology-Report/glibc-2.34/build/libc_pic.a(close_nocancel.os)
                0x0000000000025fd0                __GI___close_nocancel
                0x0000000000025fd0                __close_nocancel
 *fill*         0x0000000000025ffa        0x6 
 .text          0x0000000000026000       0x93 /teamspace/studios/this_studio/AI-Automated-Radiology-Report/glibc-2.34/build/libc_pic.a(fcntl_nocancel.os)
                0x0000000000026000                __fcntl64_nocancel_adjusted
                0x0000000000026060                __fcntl64_nocancel
                0x0000000000026060                __GI___fcntl64_nocancel
 *fill*         0x0000000000026093        0xd 
 .text          0x00000000000260a0       0x82 /teamspace/studios/this_studio/AI-Automated-Radiology-Report/glibc-2.34/build/libc_pic.a(open64_nocancel.os)
                0x00000000000260a0                __GI___open_nocancel
                0x00000000000260a0                __open_nocancel
                0x00000000000260a0                __GI___open64_nocancel
                0x00000000000260a0                __open64_nocancel
 *fill*         0x0000000000026122        0xe 
 .text          0x0000000000026130       0x2c /teamspace/studios/this_studio/AI-Automated-Radiology-Report/glibc-2.34/build/libc_pic.a(read_nocancel.os)
                0x0000000000026130                __read_nocancel
                0x0000000000026130                __GI___read_nocancel
 *fill*         0x000000000002615c        0x4 
 .text          0x0000000000026160       0x34 /teamspace/studios/this_studio/AI-Automated-Radiology-Report/glibc-2.34/build/libc_pic.a(pread64_nocancel.os)
                0x0000000000026160                __GI___pread64_nocancel
                0x0000000000026160                __pread64_nocancel
 *fill*         0x0000000000026194        0xc 
 .text          0x00000000000261a0       0x2c /teamspace/studios/this_studio/AI-Automated-Radiology-Report/glibc-2.34/build/libc_pic.a(write_nocancel.os)
                0x00000000000261a0                __GI___write_nocancel
                0x00000000000261a0                __write_nocancel
 *fill*         0x00000000000261cc        0x4 
 .text          0x00000000000261d0       0xa5 /teamspace/studios/this_studio/AI-Automated-Radiology-Report/glibc-2.34/build/libc_pic.a(mmap64.os)
                0x00000000000261d0                __GI___mmap
                0x00000000000261d0                __mmap
                0x00000000000261d0                mmap
                0x00000000000261d0                __GI___mmap64
                0x00000000000261d0                __mmap64
                0x00000000000261d0                mmap64
 *fill*         0x0000000000026275        0xb 
 .text          0x0000000000026280       0x25 /teamspace/studios/this_studio/AI-Automated-Radiology-Report/glibc-2.34/build/libc_pic.a(munmap.os)
                0x0000000000026280                munmap
                0x0000000000026280                __GI___munmap
                0x0000000000026280                __GI_munmap
                0x0000000000026280                __munmap
 *fill*         0x00000000000262a5        0xb 
 .text          0x00000000000262b0       0x25 /teamspace/studios/this_studio/AI-Automated-Radiology-Report/glibc-2.34/build/libc_pic.a(mprotect.os)
                0x00000000000262b0                __mprotect
                0x00000000000262b0                __GI___mprotect
                0x00000000000262b0                __GI_mprotect
                0x00000000000262b0                mprotect
 *fill*         0x00000000000262d5        0xb 
 .text          0x00000000000262e0      0x1bf /teamspace/studios/this_studio/AI-Automated-Radiology-Report/glibc-2.34/build/libc_pic.a(profil.os)
                0x0000000000026330                __profil
                0x0000000000026330                profil
 *fill*         0x000000000002649f        0x1 
 .text          0x00000000000264a0        0xf /teamspace/studios/this_studio/AI-Automated-Radiology-Report/glibc-2.34/build/libc_pic.a(prof-freq.os)
                0x00000000000264a0                __GI___profile_frequency
                0x00000000000264a0                __profile_frequency
 *fill*         0x00000000000264af        0x1 
 .text          0x00000000000264b0       0x7b /teamspace/studios/this_studio/AI-Automated-Radiology-Report/glibc-2.34/build/libc_pic.a(dl-addr-obj.os)
                0x00000000000264b0                _dl_addr_inside_object
 *fill*         0x000000000002652b        0x5 
 .text          0x0000000000026530       0x34 /teamspace/studios/this_studio/AI-Automated-Radiology-Report/glibc-2.34/build/libc_pic.a(sigaction.os)
                0x0000000000026530                sigaction
                0x0000000000026530                __GI___sigaction
                0x0000000000026530                __sigaction
 *fill*         0x0000000000026564        0xc 
 .text          0x0000000000026570      0x1b5 /teamspace/studios/this_studio/AI-Automated-Radiology-Report/glibc-2.34/build/libc_pic.a(libc_sigaction.os)
                0x0000000000026590                __libc_sigaction
                0x0000000000026590                __GI___libc_sigaction
 *fill*         0x0000000000026725        0xb 
 .text          0x0000000000026730       0x2a /teamspace/studios/this_studio/AI-Automated-Radiology-Report/glibc-2.34/build/libc_pic.a(setitimer.os)
                0x0000000000026730                setitimer
                0x0000000000026730                __setitimer
 *fill*         0x000000000002675a        0x6 
 .text          0x0000000000026760       0x3c /teamspace/studios/this_studio/AI-Automated-Radiology-Report/glibc-2.34/build/libc_pic.a(getdents64.os)
                0x0000000000026760                __getdents
                0x0000000000026760                __GI___getdents64
                0x0000000000026760                getdents64
                0x0000000000026760                __getdents64
 *(.gnu.warning)

.text.ssse3     0x0000000000000000     0xedb3
 .text.ssse3    0x0000000000000000     0x1269 /teamspace/studios/this_studio/AI-Automated-Radiology-Report/glibc-2.34/build/libc_pic.a(strcmp-ssse3.os)
                0x0000000000000000                __GI___strcmp_ssse3
                0x0000000000000000                __strcmp_ssse3
 *fill*         0x0000000000001269        0x7 
 .text.ssse3    0x0000000000001270     0x1769 /teamspace/studios/this_studio/AI-Automated-Radiology-Report/glibc-2.34/build/libc_pic.a(strncmp-ssse3.os)
                0x0000000000001270                __strncmp_ssse3
 *fill*         0x00000000000029d9        0x7 
 .text.ssse3    0x00000000000029e0     0x29f7 /teamspace/studios/this_studio/AI-Automated-Radiology-Report/glibc-2.34/build/libc_pic.a(memcpy-ssse3.os)
                0x00000000000029e0                __mempcpy_chk_ssse3
                0x00000000000029f0                __mempcpy_ssse3
                0x0000000000002a00                __memcpy_chk_ssse3
                0x0000000000002a10                __memcpy_ssse3
 *fill*         0x00000000000053d7        0x9 
 .text.ssse3    0x00000000000053e0     0x2b88 /teamspace/studios/this_studio/AI-Automated-Radiology-Report/glibc-2.34/build/libc_pic.a(memmove-ssse3.os)
                0x00000000000053e0                __memmove_chk_ssse3
                0x00000000000053f0                __memmove_ssse3
 *fill*         0x0000000000007f68        0x8 
 .text.ssse3    0x0000000000007f70     0x2b06 /teamspace/studios/this_studio/AI-Automated-Radiology-Report/glibc-2.34/build/libc_pic.a(memcpy-ssse3-back.os)
                0x0000000000007f70                __mempcpy_chk_ssse3_back
                0x0000000000007f80                __mempcpy_ssse3_back
                0x0000000000007f90                __memcpy_chk_ssse3_back
                0x0000000000007fa0                __memcpy_ssse3_back
 *fill*         0x000000000000aa76        0xa 
 .text.ssse3    0x000000000000aa80     0x2b26 /teamspace/studios/this_studio/AI-Automated-Radiology-Report/glibc-2.34/build/libc_pic.a(memmove-ssse3-back.os)
                0x000000000000aa80                __memmove_chk_ssse3_back
                0x000000000000aa90                __memmove_ssse3_back
 *fill*         0x000000000000d5a6        0xa 
 .text.ssse3    0x000000000000d5b0     0x1803 /teamspace/studios/this_studio/AI-Automated-Radiology-Report/glibc-2.34/build/libc_pic.a(stpcpy-ssse3.os)
                0x000000000000d5b0                __stpcpy_ssse3

.text.avx       0x0000000000000000     0x2561
 .text.avx      0x0000000000000000      0x43f /teamspace/studios/this_studio/AI-Automated-Radiology-Report/glibc-2.34/build/libc_pic.a(strcmp-avx2.os)
                0x0000000000000000                __strcmp_avx2
 *fill*         0x000000000000043f        0x1 
 .text.avx      0x0000000000000440      0x528 /teamspace/studios/this_studio/AI-Automated-Radiology-Report/glibc-2.34/build/libc_pic.a(strncmp-avx2.os)
                0x0000000000000440                __strncmp_avx2
 *fill*         0x0000000000000968       0x18 
 .text.avx      0x0000000000000980      0x2cf /teamspace/studios/this_studio/AI-Automated-Radiology-Report/glibc-2.34/build/libc_pic.a(memchr-avx2.os)
                0x0000000000000980                __memchr_avx2
 *fill*         0x0000000000000c4f        0x1 
 .text.avx      0x0000000000000c50      0x16f /teamspace/studios/this_studio/AI-Automated-Radiology-Report/glibc-2.34/build/libc_pic.a(rawmemchr-avx2.os)
                0x0000000000000c50                __rawmemchr_avx2
 *fill*         0x0000000000000dbf        0x1 
 .text.avx      0x0000000000000dc0      0x43d /teamspace/studios/this_studio/AI-Automated-Radiology-Report/glibc-2.34/build/libc_pic.a(memcmp-avx2-movbe.os)
                0x0000000000000dc0                __memcmp_avx2_movbe
 *fill*         0x00000000000011fd        0x3 
 .text.avx      0x0000000000001200      0x271 /teamspace/studios/this_studio/AI-Automated-Radiology-Report/glibc-2.34/build/libc_pic.a(strchr-avx2.os)
                0x0000000000001200                __strchr_avx2
 *fill*         0x0000000000001471        0xf 
 .text.avx      0x0000000000001480      0x172 /teamspace/studios/this_studio/AI-Automated-Radiology-Report/glibc-2.34/build/libc_pic.a(strlen-avx2.os)
                0x0000000000001480                __strlen_avx2
 *fill*         0x00000000000015f2        0xe 
 .text.avx      0x0000000000001600      0x2ce /teamspace/studios/this_studio/AI-Automated-Radiology-Report/glibc-2.34/build/libc_pic.a(strnlen-avx2.os)
                0x0000000000001600                __strnlen_avx2
 *fill*         0x00000000000018ce        0x2 
 .text.avx      0x00000000000018d0      0x3ac /teamspace/studios/this_studio/AI-Automated-Radiology-Report/glibc-2.34/build/libc_pic.a(stpcpy-avx2.os)
                0x00000000000018d0                __stpcpy_avx2
 *fill*         0x0000000000001c7c        0x4 
 .text.avx      0x0000000000001c80      0x72e /teamspace/studios/this_studio/AI-Automated-Radiology-Report/glibc-2.34/build/libc_pic.a(memmove-avx-unaligned-erms.os)
                0x0000000000001c80                __mempcpy_chk_avx_unaligned
                0x0000000000001c90                __mempcpy_avx_unaligned
                0x0000000000001ca0                __memcpy_chk_avx_unaligned
                0x0000000000001ca0                __memmove_chk_avx_unaligned
                0x0000000000001cb0                __memcpy_avx_unaligned
                0x0000000000001cb0                __memmove_avx_unaligned
                0x0000000000001cf0                __mempcpy_chk_avx_unaligned_erms
                0x0000000000001d00                __mempcpy_avx_unaligned_erms
                0x0000000000001d10                __memmove_chk_avx_unaligned_erms
                0x0000000000001d10                __memcpy_chk_avx_unaligned_erms
                0x0000000000001d20                __memcpy_avx_unaligned_erms
                0x0000000000001d20                __memmove_avx_unaligned_erms
 *fill*         0x00000000000023ae        0x2 
 .text.avx      0x00000000000023b0      0x1b1 /teamspace/studios/this_studio/AI-Automated-Radiology-Report/glibc-2.34/build/libc_pic.a(memset-avx2-unaligned-erms.os)
                0x00000000000023b0                __wmemset_chk_avx2_unaligned
                0x00000000000023c0                __wmemset_avx2_unaligned
                0x00000000000023e0                __memset_chk_avx2_unaligned
                0x00000000000023f0                __memset_avx2_unaligned
                0x0000000000002420                __memset_avx2_erms
                0x0000000000002440                __memset_chk_avx2_unaligned_erms
                0x0000000000002450                __memset_avx2_unaligned_erms

.text.sse4.2    0x0000000000000000     0x111f
 .text.sse4.2   0x0000000000000000      0xfd9 /teamspace/studios/this_studio/AI-Automated-Radiology-Report/glibc-2.34/build/libc_pic.a(strncmp-sse4_2.os)
                0x0000000000000000                __strncmp_sse42
 *fill*         0x0000000000000fd9        0x7 
 .text.sse4.2   0x0000000000000fe0      0x13f /teamspace/studios/this_studio/AI-Automated-Radiology-Report/glibc-2.34/build/libc_pic.a(strcspn-c.os)
                0x0000000000000fe0                __strcspn_sse42

.text.sse4.1    0x0000000000000000     0x163e
 .text.sse4.1   0x0000000000000000     0x163e /teamspace/studios/this_studio/AI-Automated-Radiology-Report/glibc-2.34/build/libc_pic.a(memcmp-sse4.os)
                0x0000000000000000                __memcmp_sse4_1

.text.avx512    0x0000000000000000      0x9f4
 .text.avx512   0x0000000000000000      0x76f /teamspace/studios/this_studio/AI-Automated-Radiology-Report/glibc-2.34/build/libc_pic.a(memmove-avx512-no-vzeroupper.os)
                0x0000000000000000                __mempcpy_chk_avx512_no_vzeroupper
                0x0000000000000010                __mempcpy_avx512_no_vzeroupper
                0x0000000000000020                __memcpy_chk_avx512_no_vzeroupper
                0x0000000000000020                __memmove_chk_avx512_no_vzeroupper
                0x0000000000000030                __memcpy_avx512_no_vzeroupper
                0x0000000000000030                __memmove_avx512_no_vzeroupper
 *fill*         0x000000000000076f        0x1 
 .text.avx512   0x0000000000000770      0x284 /teamspace/studios/this_studio/AI-Automated-Radiology-Report/glibc-2.34/build/libc_pic.a(memset-avx512-no-vzeroupper.os)
                0x0000000000000770                __memset_chk_avx512_no_vzeroupper
                0x0000000000000780                __memset_avx512_no_vzeroupper

.text.atom      0x0000000000000000     0x1a83
 .text.atom     0x0000000000000000      0x315 /teamspace/studios/this_studio/AI-Automated-Radiology-Report/glibc-2.34/build/libc_pic.a(strchr-sse2-no-bsf.os)
                0x0000000000000000                __strchr_sse2_no_bsf
 *fill*         0x0000000000000315        0xb 
 .text.atom     0x0000000000000320     0x1763 /teamspace/studios/this_studio/AI-Automated-Radiology-Report/glibc-2.34/build/libc_pic.a(memcmp-ssse3.os)
                0x0000000000000320                __memcmp_ssse3

.text.evex512   0x0000000000000000      0xa6b
 .text.evex512  0x0000000000000000      0x860 /teamspace/studios/this_studio/AI-Automated-Radiology-Report/glibc-2.34/build/libc_pic.a(memmove-avx512-unaligned-erms.os)
                0x0000000000000000                __mempcpy_chk_avx512_unaligned
                0x0000000000000010                __mempcpy_avx512_unaligned
                0x0000000000000020                __memcpy_chk_avx512_unaligned
                0x0000000000000020                __memmove_chk_avx512_unaligned
                0x0000000000000030                __memmove_avx512_unaligned
                0x0000000000000030                __memcpy_avx512_unaligned
                0x0000000000000070                __mempcpy_chk_avx512_unaligned_erms
                0x0000000000000080                __mempcpy_avx512_unaligned_erms
                0x0000000000000090                __memcpy_chk_avx512_unaligned_erms
                0x0000000000000090                __memmove_chk_avx512_unaligned_erms
                0x00000000000000a0                __memmove_avx512_unaligned_erms
                0x00000000000000a0                __memcpy_avx512_unaligned_erms
 .text.evex512  0x0000000000000860      0x20b /teamspace/studios/this_studio/AI-Automated-Radiology-Report/glibc-2.34/build/libc_pic.a(memset-avx512-unaligned-erms.os)
                0x0000000000000860                __wmemset_chk_avx512_unaligned
                0x0000000000000870                __wmemset_avx512_unaligned
                0x0000000000000890                __memset_chk_avx512_unaligned
                0x00000000000008a0                __memset_avx512_unaligned
                0x00000000000008d0                __memset_avx512_erms
                0x00000000000008f0                __memset_chk_avx512_unaligned_erms
                0x0000000000000900                __memset_avx512_unaligned_erms

.text.avx.rtm   0x0000000000000000     0x25fc
 .text.avx.rtm  0x0000000000000000      0x2c0 /teamspace/studios/this_studio/AI-Automated-Radiology-Report/glibc-2.34/build/libc_pic.a(memchr-avx2-rtm.os)
                0x0000000000000000                __memchr_avx2_rtm
 .text.avx.rtm  0x00000000000002c0      0x43d /teamspace/studios/this_studio/AI-Automated-Radiology-Report/glibc-2.34/build/libc_pic.a(memcmp-avx2-movbe-rtm.os)
                0x00000000000002c0                __memcmp_avx2_movbe_rtm
 *fill*         0x00000000000006fd        0x3 
 .text.avx.rtm  0x0000000000000700      0x73f /teamspace/studios/this_studio/AI-Automated-Radiology-Report/glibc-2.34/build/libc_pic.a(memmove-avx-unaligned-erms-rtm.os)
                0x0000000000000700                __mempcpy_chk_avx_unaligned_rtm
                0x0000000000000710                __mempcpy_avx_unaligned_rtm
                0x0000000000000720                __memmove_chk_avx_unaligned_rtm
                0x0000000000000720                __memcpy_chk_avx_unaligned_rtm
                0x0000000000000730                __memcpy_avx_unaligned_rtm
                0x0000000000000730                __memmove_avx_unaligned_rtm
                0x0000000000000770                __mempcpy_chk_avx_unaligned_erms_rtm
                0x0000000000000780                __mempcpy_avx_unaligned_erms_rtm
                0x0000000000000790                __memcpy_chk_avx_unaligned_erms_rtm
                0x0000000000000790                __memmove_chk_avx_unaligned_erms_rtm
                0x00000000000007a0                __memmove_avx_unaligned_erms_rtm
                0x00000000000007a0                __memcpy_avx_unaligned_erms_rtm
 *fill*         0x0000000000000e3f        0x1 
 .text.avx.rtm  0x0000000000000e40      0x1c6 /teamspace/studios/this_studio/AI-Automated-Radiology-Report/glibc-2.34/build/libc_pic.a(memset-avx2-unaligned-erms-rtm.os)
                0x0000000000000e40                __wmemset_chk_avx2_unaligned_rtm
                0x0000000000000e50                __wmemset_avx2_unaligned_rtm
                0x0000000000000e70                __memset_chk_avx2_unaligned_rtm
                0x0000000000000e80                __memset_avx2_unaligned_rtm
                0x0000000000000eb0                __memset_avx2_erms_rtm
                0x0000000000000ed0                __memset_chk_avx2_unaligned_erms_rtm
                0x0000000000000ee0                __memset_avx2_unaligned_erms_rtm
 *fill*         0x0000000000001006        0xa 
 .text.avx.rtm  0x0000000000001010      0x160 /teamspace/studios/this_studio/AI-Automated-Radiology-Report/glibc-2.34/build/libc_pic.a(rawmemchr-avx2-rtm.os)
                0x0000000000001010                __rawmemchr_avx2_rtm
 *fill*         0x0000000000001170       0x10 
 .text.avx.rtm  0x0000000000001180      0x27a /teamspace/studios/this_studio/AI-Automated-Radiology-Report/glibc-2.34/build/libc_pic.a(strchr-avx2-rtm.os)
                0x0000000000001180                __strchr_avx2_rtm
 *fill*         0x00000000000013fa        0x6 
 .text.avx.rtm  0x0000000000001400      0x470 /teamspace/studios/this_studio/AI-Automated-Radiology-Report/glibc-2.34/build/libc_pic.a(strcmp-avx2-rtm.os)
                0x0000000000001400                __strcmp_avx2_rtm
 .text.avx.rtm  0x0000000000001870      0x3bd /teamspace/studios/this_studio/AI-Automated-Radiology-Report/glibc-2.34/build/libc_pic.a(stpcpy-avx2-rtm.os)
                0x0000000000001870                __stpcpy_avx2_rtm
 *fill*         0x0000000000001c2d       0x13 
 .text.avx.rtm  0x0000000000001c40      0x16b /teamspace/studios/this_studio/AI-Automated-Radiology-Report/glibc-2.34/build/libc_pic.a(strlen-avx2-rtm.os)
                0x0000000000001c40                __strlen_avx2_rtm
 *fill*         0x0000000000001dab        0x5 
 .text.avx.rtm  0x0000000000001db0      0x54d /teamspace/studios/this_studio/AI-Automated-Radiology-Report/glibc-2.34/build/libc_pic.a(strncmp-avx2-rtm.os)
                0x0000000000001db0                __strncmp_avx2_rtm
 *fill*         0x00000000000022fd        0x3 
 .text.avx.rtm  0x0000000000002300      0x2fc /teamspace/studios/this_studio/AI-Automated-Radiology-Report/glibc-2.34/build/libc_pic.a(strnlen-avx2-rtm.os)
                0x0000000000002300                __strnlen_avx2_rtm

.text.evex      0x0000000000000000     0x2b7e
 .text.evex     0x0000000000000000      0x2da /teamspace/studios/this_studio/AI-Automated-Radiology-Report/glibc-2.34/build/libc_pic.a(memchr-evex.os)
                0x0000000000000000                __memchr_evex
 *fill*         0x00000000000002da        0x6 
 .text.evex     0x00000000000002e0      0x4bd /teamspace/studios/this_studio/AI-Automated-Radiology-Report/glibc-2.34/build/libc_pic.a(memcmp-evex-movbe.os)
                0x00000000000002e0                __memcmp_evex_movbe
 *fill*         0x000000000000079d        0x3 
 .text.evex     0x00000000000007a0      0x84b /teamspace/studios/this_studio/AI-Automated-Radiology-Report/glibc-2.34/build/libc_pic.a(memmove-evex-unaligned-erms.os)
                0x00000000000007a0                __mempcpy_chk_evex_unaligned
                0x00000000000007b0                __mempcpy_evex_unaligned
                0x00000000000007c0                __memcpy_chk_evex_unaligned
                0x00000000000007c0                __memmove_chk_evex_unaligned
                0x00000000000007d0                __memmove_evex_unaligned
                0x00000000000007d0                __memcpy_evex_unaligned
                0x0000000000000810                __mempcpy_chk_evex_unaligned_erms
                0x0000000000000820                __mempcpy_evex_unaligned_erms
                0x0000000000000830                __memcpy_chk_evex_unaligned_erms
                0x0000000000000830                __memmove_chk_evex_unaligned_erms
                0x0000000000000840                __memmove_evex_unaligned_erms
                0x0000000000000840                __memcpy_evex_unaligned_erms
 *fill*         0x0000000000000feb        0x5 
 .text.evex     0x0000000000000ff0      0x1f7 /teamspace/studios/this_studio/AI-Automated-Radiology-Report/glibc-2.34/build/libc_pic.a(memset-evex-unaligned-erms.os)
                0x0000000000000ff0                __wmemset_chk_evex_unaligned
                0x0000000000001000                __wmemset_evex_unaligned
                0x0000000000001020                __memset_chk_evex_unaligned
                0x0000000000001030                __memset_evex_unaligned
                0x0000000000001060                __memset_evex_erms
                0x0000000000001080                __memset_chk_evex_unaligned_erms
                0x0000000000001090                __memset_evex_unaligned_erms
 *fill*         0x00000000000011e7       0x19 
 .text.evex     0x0000000000001200      0x17d /teamspace/studios/this_studio/AI-Automated-Radiology-Report/glibc-2.34/build/libc_pic.a(rawmemchr-evex.os)
                0x0000000000001200                __rawmemchr_evex
 *fill*         0x000000000000137d        0x3 
 .text.evex     0x0000000000001380      0x447 /teamspace/studios/this_studio/AI-Automated-Radiology-Report/glibc-2.34/build/libc_pic.a(stpcpy-evex.os)
                0x0000000000001380                __stpcpy_evex
 *fill*         0x00000000000017c7       0x19 
 .text.evex     0x00000000000017e0      0x28f /teamspace/studios/this_studio/AI-Automated-Radiology-Report/glibc-2.34/build/libc_pic.a(strchr-evex.os)
                0x00000000000017e0                __strchr_evex
 *fill*         0x0000000000001a6f        0x1 
 .text.evex     0x0000000000001a70      0x5e2 /teamspace/studios/this_studio/AI-Automated-Radiology-Report/glibc-2.34/build/libc_pic.a(strcmp-evex.os)
                0x0000000000001a70                __strcmp_evex
 *fill*         0x0000000000002052        0xe 
 .text.evex     0x0000000000002060      0x174 /teamspace/studios/this_studio/AI-Automated-Radiology-Report/glibc-2.34/build/libc_pic.a(strlen-evex.os)
                0x0000000000002060                __strlen_evex
 *fill*         0x00000000000021d4        0xc 
 .text.evex     0x00000000000021e0      0x6cf /teamspace/studios/this_studio/AI-Automated-Radiology-Report/glibc-2.34/build/libc_pic.a(strncmp-evex.os)
                0x00000000000021e0                __strncmp_evex
 *fill*         0x00000000000028af       0x11 
 .text.evex     0x00000000000028c0      0x2be /teamspace/studios/this_studio/AI-Automated-Radiology-Report/glibc-2.34/build/libc_pic.a(strnlen-evex.os)
                0x00000000000028c0                __strnlen_evex

.text.evex.rtm  0x0000000000000000      0x49a
 .text.evex.rtm
                0x0000000000000000      0x2ea /teamspace/studios/this_studio/AI-Automated-Radiology-Report/glibc-2.34/build/libc_pic.a(memchr-evex-rtm.os)
                0x0000000000000000                __memchr_evex_rtm
 *fill*         0x00000000000002ea       0x16 
 .text.evex.rtm
                0x0000000000000300      0x19a /teamspace/studios/this_studio/AI-Automated-Radiology-Report/glibc-2.34/build/libc_pic.a(rawmemchr-evex-rtm.os)
                0x0000000000000300                __rawmemchr_evex_rtm

.fini
 *(SORT_NONE(.fini))

.rodata         0x0000000000000000     0x16f4
 *(.rodata)
 .rodata        0x0000000000000000     0x1515 /teamspace/studios/this_studio/AI-Automated-Radiology-Report/glibc-2.34/build/elf/dl-allobjs.os
 *fill*         0x0000000000001515        0x3 
 .rodata        0x0000000000001518       0x40 /teamspace/studios/this_studio/AI-Automated-Radiology-Report/glibc-2.34/build/libc_pic.a(strcmp-sse2.os)
 .rodata        0x0000000000001558       0x40 /teamspace/studios/this_studio/AI-Automated-Radiology-Report/glibc-2.34/build/libc_pic.a(strcmp-ssse3.os)
 .rodata        0x0000000000001598       0x40 /teamspace/studios/this_studio/AI-Automated-Radiology-Report/glibc-2.34/build/libc_pic.a(strncmp-sse2.os)
 .rodata        0x00000000000015d8       0x40 /teamspace/studios/this_studio/AI-Automated-Radiology-Report/glibc-2.34/build/libc_pic.a(strncmp-ssse3.os)
 .rodata        0x0000000000001618       0x80 /teamspace/studios/this_studio/AI-Automated-Radiology-Report/glibc-2.34/build/libc_pic.a(stpcpy-sse2-unaligned.os)
 *fill*         0x0000000000001698        0x8 
 .rodata        0x00000000000016a0       0x1f /teamspace/studios/this_studio/AI-Automated-Radiology-Report/glibc-2.34/build/libc_pic.a(varshift.os)
                0x00000000000016a0                ___m128i_shift_right
 *fill*         0x00000000000016bf        0x1 
 .rodata        0x00000000000016c0       0x34 /teamspace/studios/this_studio/AI-Automated-Radiology-Report/glibc-2.34/build/libc_pic.a(cacheinfo.os)

.rodata.str1.1  0x0000000000000000     0x1872
 .rodata.str1.1
                0x0000000000000000     0x185d /teamspace/studios/this_studio/AI-Automated-Radiology-Report/glibc-2.34/build/elf/dl-allobjs.os
 .rodata.str1.1
                0x000000000000185d       0x14 /teamspace/studios/this_studio/AI-Automated-Radiology-Report/glibc-2.34/build/libc_pic.a(check_fds.os)
 .rodata.str1.1
                0x0000000000001871        0x1 /teamspace/studios/this_studio/AI-Automated-Radiology-Report/glibc-2.34/build/libc_pic.a(fstat64.os)

.rodata.str1.8  0x0000000000000000     0x2fdf
 .rodata.str1.8
                0x0000000000000000     0x2fa1 /teamspace/studios/this_studio/AI-Automated-Radiology-Report/glibc-2.34/build/elf/dl-allobjs.os
 *fill*         0x0000000000002fa1        0x7 
 .rodata.str1.8
                0x0000000000002fa8       0x37 /teamspace/studios/this_studio/AI-Automated-Radiology-Report/glibc-2.34/build/libc_pic.a(lowlevellock.os)

.rodata.str1.16
                0x0000000000000000      0x4a2
 .rodata.str1.16
                0x0000000000000000      0x4a2 /teamspace/studios/this_studio/AI-Automated-Radiology-Report/glibc-2.34/build/elf/dl-allobjs.os
                0x00000000000003f0                __GI__itoa_lower_digits
                0x00000000000003f0                _itoa_lower_digits
                0x0000000000000470                _dl_hwcaps_subdirs

.rodata.cst16   0x0000000000000000       0x10
 .rodata.cst16  0x0000000000000000       0x10 /teamspace/studios/this_studio/AI-Automated-Radiology-Report/glibc-2.34/build/elf/dl-allobjs.os

.rodata.cst4    0x0000000000000000        0x4
 .rodata.cst4   0x0000000000000000        0x4 /teamspace/studios/this_studio/AI-Automated-Radiology-Report/glibc-2.34/build/elf/dl-allobjs.os

.rodata.str1.32
                0x0000000000000000       0x7b
 .rodata.str1.32
                0x0000000000000000       0x7b /teamspace/studios/this_studio/AI-Automated-Radiology-Report/glibc-2.34/build/elf/dl-allobjs.os

.rodata.sse4.2  0x0000000000000000       0x40
 .rodata.sse4.2
                0x0000000000000000       0x40 /teamspace/studios/this_studio/AI-Automated-Radiology-Report/glibc-2.34/build/libc_pic.a(strncmp-sse4_2.os)

.rodata.sse4.1  0x0000000000000000      0x140
 .rodata.sse4.1
                0x0000000000000000      0x140 /teamspace/studios/this_studio/AI-Automated-Radiology-Report/glibc-2.34/build/libc_pic.a(memcmp-sse4.os)

.rodata.ssse3   0x0000000000000000      0xd80
 .rodata.ssse3  0x0000000000000000      0x1c0 /teamspace/studios/this_studio/AI-Automated-Radiology-Report/glibc-2.34/build/libc_pic.a(memcpy-ssse3.os)
 .rodata.ssse3  0x00000000000001c0      0x1c0 /teamspace/studios/this_studio/AI-Automated-Radiology-Report/glibc-2.34/build/libc_pic.a(memmove-ssse3.os)
 .rodata.ssse3  0x0000000000000380      0x500 /teamspace/studios/this_studio/AI-Automated-Radiology-Report/glibc-2.34/build/libc_pic.a(memcpy-ssse3-back.os)
 .rodata.ssse3  0x0000000000000880      0x500 /teamspace/studios/this_studio/AI-Automated-Radiology-Report/glibc-2.34/build/libc_pic.a(memmove-ssse3-back.os)

.rodata1
 *(.rodata1)

.eh_frame_hdr
 *(.eh_frame_hdr)

.eh_frame       0x0000000000000000     0x4e94
 *(.eh_frame)
 .eh_frame      0x0000000000000000     0x2fe8 /teamspace/studios/this_studio/AI-Automated-Radiology-Report/glibc-2.34/build/elf/dl-allobjs.os
                                       0x3050 (size before relaxing)
 .eh_frame      0x0000000000002fe8       0x68 /teamspace/studios/this_studio/AI-Automated-Radiology-Report/glibc-2.34/build/libc_pic.a(check_fds.os)
 .eh_frame      0x0000000000003050       0x30 /teamspace/studios/this_studio/AI-Automated-Radiology-Report/glibc-2.34/build/libc_pic.a(setjmp.os)
 .eh_frame      0x0000000000003080       0x48 /teamspace/studios/this_studio/AI-Automated-Radiology-Report/glibc-2.34/build/libc_pic.a(__longjmp.os)
 .eh_frame      0x00000000000030c8       0x70 /teamspace/studios/this_studio/AI-Automated-Radiology-Report/glibc-2.34/build/libc_pic.a(lowlevellock.os)
 .eh_frame      0x0000000000003138       0x58 /teamspace/studios/this_studio/AI-Automated-Radiology-Report/glibc-2.34/build/libc_pic.a(scratch_buffer_set_array_size.os)
 .eh_frame      0x0000000000003190       0x30 /teamspace/studios/this_studio/AI-Automated-Radiology-Report/glibc-2.34/build/libc_pic.a(strchr.os)
 .eh_frame      0x00000000000031c0       0x30 /teamspace/studios/this_studio/AI-Automated-Radiology-Report/glibc-2.34/build/libc_pic.a(strcmp.os)
 .eh_frame      0x00000000000031f0       0x30 /teamspace/studios/this_studio/AI-Automated-Radiology-Report/glibc-2.34/build/libc_pic.a(strcspn.os)
 .eh_frame      0x0000000000003220       0x50 /teamspace/studios/this_studio/AI-Automated-Radiology-Report/glibc-2.34/build/libc_pic.a(strdup.os)
 .eh_frame      0x0000000000003270       0x30 /teamspace/studios/this_studio/AI-Automated-Radiology-Report/glibc-2.34/build/libc_pic.a(strlen.os)
 .eh_frame      0x00000000000032a0       0x30 /teamspace/studios/this_studio/AI-Automated-Radiology-Report/glibc-2.34/build/libc_pic.a(strnlen.os)
 .eh_frame      0x00000000000032d0       0x30 /teamspace/studios/this_studio/AI-Automated-Radiology-Report/glibc-2.34/build/libc_pic.a(strncmp.os)
 .eh_frame      0x0000000000003300       0x30 /teamspace/studios/this_studio/AI-Automated-Radiology-Report/glibc-2.34/build/libc_pic.a(memchr.os)
 .eh_frame      0x0000000000003330       0x30 /teamspace/studios/this_studio/AI-Automated-Radiology-Report/glibc-2.34/build/libc_pic.a(memcmp.os)
 .eh_frame      0x0000000000003360       0x30 /teamspace/studios/this_studio/AI-Automated-Radiology-Report/glibc-2.34/build/libc_pic.a(memmove.os)
 .eh_frame      0x0000000000003390       0x30 /teamspace/studios/this_studio/AI-Automated-Radiology-Report/glibc-2.34/build/libc_pic.a(memset.os)
 .eh_frame      0x00000000000033c0       0x30 /teamspace/studios/this_studio/AI-Automated-Radiology-Report/glibc-2.34/build/libc_pic.a(mempcpy.os)
 .eh_frame      0x00000000000033f0       0x30 /teamspace/studios/this_studio/AI-Automated-Radiology-Report/glibc-2.34/build/libc_pic.a(stpcpy.os)
 .eh_frame      0x0000000000003420       0x30 /teamspace/studios/this_studio/AI-Automated-Radiology-Report/glibc-2.34/build/libc_pic.a(memcpy.os)
 .eh_frame      0x0000000000003450       0x30 /teamspace/studios/this_studio/AI-Automated-Radiology-Report/glibc-2.34/build/libc_pic.a(rawmemchr.os)
 .eh_frame      0x0000000000003480       0x30 /teamspace/studios/this_studio/AI-Automated-Radiology-Report/glibc-2.34/build/libc_pic.a(strcmp-sse2.os)
 .eh_frame      0x00000000000034b0       0x30 /teamspace/studios/this_studio/AI-Automated-Radiology-Report/glibc-2.34/build/libc_pic.a(strcmp-sse2-unaligned.os)
 .eh_frame      0x00000000000034e0       0x30 /teamspace/studios/this_studio/AI-Automated-Radiology-Report/glibc-2.34/build/libc_pic.a(strcmp-ssse3.os)
 .eh_frame      0x0000000000003510       0x30 /teamspace/studios/this_studio/AI-Automated-Radiology-Report/glibc-2.34/build/libc_pic.a(strcmp-avx2.os)
 .eh_frame      0x0000000000003540       0x30 /teamspace/studios/this_studio/AI-Automated-Radiology-Report/glibc-2.34/build/libc_pic.a(strncmp-sse2.os)
 .eh_frame      0x0000000000003570       0x30 /teamspace/studios/this_studio/AI-Automated-Radiology-Report/glibc-2.34/build/libc_pic.a(strncmp-ssse3.os)
 .eh_frame      0x00000000000035a0       0x30 /teamspace/studios/this_studio/AI-Automated-Radiology-Report/glibc-2.34/build/libc_pic.a(strncmp-sse4_2.os)
 .eh_frame      0x00000000000035d0       0x30 /teamspace/studios/this_studio/AI-Automated-Radiology-Report/glibc-2.34/build/libc_pic.a(strncmp-avx2.os)
 .eh_frame      0x0000000000003600       0x30 /teamspace/studios/this_studio/AI-Automated-Radiology-Report/glibc-2.34/build/libc_pic.a(memchr-sse2.os)
 .eh_frame      0x0000000000003630       0x30 /teamspace/studios/this_studio/AI-Automated-Radiology-Report/glibc-2.34/build/libc_pic.a(rawmemchr-sse2.os)
 .eh_frame      0x0000000000003660       0x30 /teamspace/studios/this_studio/AI-Automated-Radiology-Report/glibc-2.34/build/libc_pic.a(memchr-avx2.os)
 .eh_frame      0x0000000000003690       0x30 /teamspace/studios/this_studio/AI-Automated-Radiology-Report/glibc-2.34/build/libc_pic.a(rawmemchr-avx2.os)
 .eh_frame      0x00000000000036c0       0x30 /teamspace/studios/this_studio/AI-Automated-Radiology-Report/glibc-2.34/build/libc_pic.a(memcmp-sse2.os)
 .eh_frame      0x00000000000036f0       0x30 /teamspace/studios/this_studio/AI-Automated-Radiology-Report/glibc-2.34/build/libc_pic.a(memcmp-avx2-movbe.os)
 .eh_frame      0x0000000000003720       0x30 /teamspace/studios/this_studio/AI-Automated-Radiology-Report/glibc-2.34/build/libc_pic.a(memcmp-sse4.os)
 .eh_frame      0x0000000000003750       0x68 /teamspace/studios/this_studio/AI-Automated-Radiology-Report/glibc-2.34/build/libc_pic.a(memcpy-ssse3.os)
 .eh_frame      0x00000000000037b8       0x40 /teamspace/studios/this_studio/AI-Automated-Radiology-Report/glibc-2.34/build/libc_pic.a(memmove-ssse3.os)
 .eh_frame      0x00000000000037f8       0x68 /teamspace/studios/this_studio/AI-Automated-Radiology-Report/glibc-2.34/build/libc_pic.a(memcpy-ssse3-back.os)
 .eh_frame      0x0000000000003860       0x40 /teamspace/studios/this_studio/AI-Automated-Radiology-Report/glibc-2.34/build/libc_pic.a(memmove-ssse3-back.os)
 .eh_frame      0x00000000000038a0       0x68 /teamspace/studios/this_studio/AI-Automated-Radiology-Report/glibc-2.34/build/libc_pic.a(memmove-avx512-no-vzeroupper.os)
 .eh_frame      0x0000000000003908       0x30 /teamspace/studios/this_studio/AI-Automated-Radiology-Report/glibc-2.34/build/libc_pic.a(strchr-sse2.os)
 .eh_frame      0x0000000000003938       0x30 /teamspace/studios/this_studio/AI-Automated-Radiology-Report/glibc-2.34/build/libc_pic.a(strchr-avx2.os)
 .eh_frame      0x0000000000003968       0x30 /teamspace/studios/this_studio/AI-Automated-Radiology-Report/glibc-2.34/build/libc_pic.a(strlen-sse2.os)
 .eh_frame      0x0000000000003998       0x30 /teamspace/studios/this_studio/AI-Automated-Radiology-Report/glibc-2.34/build/libc_pic.a(strnlen-sse2.os)
 .eh_frame      0x00000000000039c8       0x30 /teamspace/studios/this_studio/AI-Automated-Radiology-Report/glibc-2.34/build/libc_pic.a(strlen-avx2.os)
 .eh_frame      0x00000000000039f8       0x30 /teamspace/studios/this_studio/AI-Automated-Radiology-Report/glibc-2.34/build/libc_pic.a(strnlen-avx2.os)
 .eh_frame      0x0000000000003a28       0x30 /teamspace/studios/this_studio/AI-Automated-Radiology-Report/glibc-2.34/build/libc_pic.a(stpcpy-sse2.os)
 .eh_frame      0x0000000000003a58       0x30 /teamspace/studios/this_studio/AI-Automated-Radiology-Report/glibc-2.34/build/libc_pic.a(stpcpy-ssse3.os)
 .eh_frame      0x0000000000003a88       0x30 /teamspace/studios/this_studio/AI-Automated-Radiology-Report/glibc-2.34/build/libc_pic.a(stpcpy-sse2-unaligned.os)
 .eh_frame      0x0000000000003ab8       0x30 /teamspace/studios/this_studio/AI-Automated-Radiology-Report/glibc-2.34/build/libc_pic.a(stpcpy-avx2.os)
 .eh_frame      0x0000000000003ae8       0x30 /teamspace/studios/this_studio/AI-Automated-Radiology-Report/glibc-2.34/build/libc_pic.a(strchr-sse2-no-bsf.os)
 .eh_frame      0x0000000000003b18       0x30 /teamspace/studios/this_studio/AI-Automated-Radiology-Report/glibc-2.34/build/libc_pic.a(memcmp-ssse3.os)
 .eh_frame      0x0000000000003b48       0x38 /teamspace/studios/this_studio/AI-Automated-Radiology-Report/glibc-2.34/build/libc_pic.a(strcspn-sse2.os)
 .eh_frame      0x0000000000003b80       0x30 /teamspace/studios/this_studio/AI-Automated-Radiology-Report/glibc-2.34/build/libc_pic.a(strcspn-c.os)
 .eh_frame      0x0000000000003bb0       0x40 /teamspace/studios/this_studio/AI-Automated-Radiology-Report/glibc-2.34/build/libc_pic.a(memset-avx512-no-vzeroupper.os)
 .eh_frame      0x0000000000003bf0      0x108 /teamspace/studios/this_studio/AI-Automated-Radiology-Report/glibc-2.34/build/libc_pic.a(memmove-sse2-unaligned-erms.os)
 .eh_frame      0x0000000000003cf8       0xb8 /teamspace/studios/this_studio/AI-Automated-Radiology-Report/glibc-2.34/build/libc_pic.a(memmove-avx-unaligned-erms.os)
 .eh_frame      0x0000000000003db0       0xb8 /teamspace/studios/this_studio/AI-Automated-Radiology-Report/glibc-2.34/build/libc_pic.a(memmove-avx512-unaligned-erms.os)
 .eh_frame      0x0000000000003e68       0xd0 /teamspace/studios/this_studio/AI-Automated-Radiology-Report/glibc-2.34/build/libc_pic.a(memset-sse2-unaligned-erms.os)
 .eh_frame      0x0000000000003f38       0xa8 /teamspace/studios/this_studio/AI-Automated-Radiology-Report/glibc-2.34/build/libc_pic.a(memset-avx2-unaligned-erms.os)
 .eh_frame      0x0000000000003fe0       0xa8 /teamspace/studios/this_studio/AI-Automated-Radiology-Report/glibc-2.34/build/libc_pic.a(memset-avx512-unaligned-erms.os)
 .eh_frame      0x0000000000004088       0x30 /teamspace/studios/this_studio/AI-Automated-Radiology-Report/glibc-2.34/build/libc_pic.a(memchr-avx2-rtm.os)
 .eh_frame      0x00000000000040b8       0x30 /teamspace/studios/this_studio/AI-Automated-Radiology-Report/glibc-2.34/build/libc_pic.a(memcmp-avx2-movbe-rtm.os)
 .eh_frame      0x00000000000040e8       0xb8 /teamspace/studios/this_studio/AI-Automated-Radiology-Report/glibc-2.34/build/libc_pic.a(memmove-avx-unaligned-erms-rtm.os)
 .eh_frame      0x00000000000041a0       0xa8 /teamspace/studios/this_studio/AI-Automated-Radiology-Report/glibc-2.34/build/libc_pic.a(memset-avx2-unaligned-erms-rtm.os)
 .eh_frame      0x0000000000004248       0x30 /teamspace/studios/this_studio/AI-Automated-Radiology-Report/glibc-2.34/build/libc_pic.a(rawmemchr-avx2-rtm.os)
 .eh_frame      0x0000000000004278       0x30 /teamspace/studios/this_studio/AI-Automated-Radiology-Report/glibc-2.34/build/libc_pic.a(strchr-avx2-rtm.os)
 .eh_frame      0x00000000000042a8       0x30 /teamspace/studios/this_studio/AI-Automated-Radiology-Report/glibc-2.34/build/libc_pic.a(strcmp-avx2-rtm.os)
 .eh_frame      0x00000000000042d8       0x30 /teamspace/studios/this_studio/AI-Automated-Radiology-Report/glibc-2.34/build/libc_pic.a(stpcpy-avx2-rtm.os)
 .eh_frame      0x0000000000004308       0x30 /teamspace/studios/this_studio/AI-Automated-Radiology-Report/glibc-2.34/build/libc_pic.a(strlen-avx2-rtm.os)
 .eh_frame      0x0000000000004338       0x30 /teamspace/studios/this_studio/AI-Automated-Radiology-Report/glibc-2.34/build/libc_pic.a(strncmp-avx2-rtm.os)
 .eh_frame      0x0000000000004368       0x30 /teamspace/studios/this_studio/AI-Automated-Radiology-Report/glibc-2.34/build/libc_pic.a(strnlen-avx2-rtm.os)
 .eh_frame      0x0000000000004398       0x30 /teamspace/studios/this_studio/AI-Automated-Radiology-Report/glibc-2.34/build/libc_pic.a(memchr-evex.os)
 .eh_frame      0x00000000000043c8       0x30 /teamspace/studios/this_studio/AI-Automated-Radiology-Report/glibc-2.34/build/libc_pic.a(memcmp-evex-movbe.os)
 .eh_frame      0x00000000000043f8       0xb8 /teamspace/studios/this_studio/AI-Automated-Radiology-Report/glibc-2.34/build/libc_pic.a(memmove-evex-unaligned-erms.os)
 .eh_frame      0x00000000000044b0       0xa8 /teamspace/studios/this_studio/AI-Automated-Radiology-Report/glibc-2.34/build/libc_pic.a(memset-evex-unaligned-erms.os)
 .eh_frame      0x0000000000004558       0x30 /teamspace/studios/this_studio/AI-Automated-Radiology-Report/glibc-2.34/build/libc_pic.a(rawmemchr-evex.os)
 .eh_frame      0x0000000000004588       0x30 /teamspace/studios/this_studio/AI-Automated-Radiology-Report/glibc-2.34/build/libc_pic.a(stpcpy-evex.os)
 .eh_frame      0x00000000000045b8       0x30 /teamspace/studios/this_studio/AI-Automated-Radiology-Report/glibc-2.34/build/libc_pic.a(strchr-evex.os)
 .eh_frame      0x00000000000045e8       0x30 /teamspace/studios/this_studio/AI-Automated-Radiology-Report/glibc-2.34/build/libc_pic.a(strcmp-evex.os)
 .eh_frame      0x0000000000004618       0x30 /teamspace/studios/this_studio/AI-Automated-Radiology-Report/glibc-2.34/build/libc_pic.a(strlen-evex.os)
 .eh_frame      0x0000000000004648       0x30 /teamspace/studios/this_studio/AI-Automated-Radiology-Report/glibc-2.34/build/libc_pic.a(strncmp-evex.os)
 .eh_frame      0x0000000000004678       0x30 /teamspace/studios/this_studio/AI-Automated-Radiology-Report/glibc-2.34/build/libc_pic.a(strnlen-evex.os)
 .eh_frame      0x00000000000046a8       0x30 /teamspace/studios/this_studio/AI-Automated-Radiology-Report/glibc-2.34/build/libc_pic.a(memchr-evex-rtm.os)
 .eh_frame      0x00000000000046d8       0x30 /teamspace/studios/this_studio/AI-Automated-Radiology-Report/glibc-2.34/build/libc_pic.a(rawmemchr-evex-rtm.os)
 .eh_frame      0x0000000000004708       0x40 /teamspace/studios/this_studio/AI-Automated-Radiology-Report/glibc-2.34/build/libc_pic.a(cacheinfo.os)
 .eh_frame      0x0000000000004748       0x38 /teamspace/studios/this_studio/AI-Automated-Radiology-Report/glibc-2.34/build/libc_pic.a(closedir.os)
 .eh_frame      0x0000000000004780       0x50 /teamspace/studios/this_studio/AI-Automated-Radiology-Report/glibc-2.34/build/libc_pic.a(rewinddir.os)
 .eh_frame      0x00000000000047d0       0x70 /teamspace/studios/this_studio/AI-Automated-Radiology-Report/glibc-2.34/build/libc_pic.a(readdir64.os)
 .eh_frame      0x0000000000004840       0x50 /teamspace/studios/this_studio/AI-Automated-Radiology-Report/glibc-2.34/build/libc_pic.a(fdopendir.os)
 .eh_frame      0x0000000000004890       0x30 /teamspace/studios/this_studio/AI-Automated-Radiology-Report/glibc-2.34/build/libc_pic.a(uname.os)
 .eh_frame      0x00000000000048c0       0x30 /teamspace/studios/this_studio/AI-Automated-Radiology-Report/glibc-2.34/build/libc_pic.a(_exit.os)
 .eh_frame      0x00000000000048f0       0x30 /teamspace/studios/this_studio/AI-Automated-Radiology-Report/glibc-2.34/build/libc_pic.a(getpid.os)
 .eh_frame      0x0000000000004920       0x30 /teamspace/studios/this_studio/AI-Automated-Radiology-Report/glibc-2.34/build/libc_pic.a(stat64.os)
 .eh_frame      0x0000000000004950       0x30 /teamspace/studios/this_studio/AI-Automated-Radiology-Report/glibc-2.34/build/libc_pic.a(fstat64.os)
 .eh_frame      0x0000000000004980       0x30 /teamspace/studios/this_studio/AI-Automated-Radiology-Report/glibc-2.34/build/libc_pic.a(lstat64.os)
 .eh_frame      0x00000000000049b0       0x30 /teamspace/studios/this_studio/AI-Automated-Radiology-Report/glibc-2.34/build/libc_pic.a(fstatat64.os)
 .eh_frame      0x00000000000049e0       0x40 /teamspace/studios/this_studio/AI-Automated-Radiology-Report/glibc-2.34/build/libc_pic.a(openat64.os)
 .eh_frame      0x0000000000004a20       0x30 /teamspace/studios/this_studio/AI-Automated-Radiology-Report/glibc-2.34/build/libc_pic.a(lseek64.os)
 .eh_frame      0x0000000000004a50       0x30 /teamspace/studios/this_studio/AI-Automated-Radiology-Report/glibc-2.34/build/libc_pic.a(access.os)
 .eh_frame      0x0000000000004a80       0x30 /teamspace/studios/this_studio/AI-Automated-Radiology-Report/glibc-2.34/build/libc_pic.a(close_nocancel.os)
 .eh_frame      0x0000000000004ab0       0x48 /teamspace/studios/this_studio/AI-Automated-Radiology-Report/glibc-2.34/build/libc_pic.a(fcntl_nocancel.os)
 .eh_frame      0x0000000000004af8       0x30 /teamspace/studios/this_studio/AI-Automated-Radiology-Report/glibc-2.34/build/libc_pic.a(open64_nocancel.os)
 .eh_frame      0x0000000000004b28       0x30 /teamspace/studios/this_studio/AI-Automated-Radiology-Report/glibc-2.34/build/libc_pic.a(read_nocancel.os)
 .eh_frame      0x0000000000004b58       0x30 /teamspace/studios/this_studio/AI-Automated-Radiology-Report/glibc-2.34/build/libc_pic.a(pread64_nocancel.os)
 .eh_frame      0x0000000000004b88       0x30 /teamspace/studios/this_studio/AI-Automated-Radiology-Report/glibc-2.34/build/libc_pic.a(write_nocancel.os)
 .eh_frame      0x0000000000004bb8       0x48 /teamspace/studios/this_studio/AI-Automated-Radiology-Report/glibc-2.34/build/libc_pic.a(mmap64.os)
 .eh_frame      0x0000000000004c00       0x30 /teamspace/studios/this_studio/AI-Automated-Radiology-Report/glibc-2.34/build/libc_pic.a(munmap.os)
 .eh_frame      0x0000000000004c30       0x30 /teamspace/studios/this_studio/AI-Automated-Radiology-Report/glibc-2.34/build/libc_pic.a(mprotect.os)
 .eh_frame      0x0000000000004c60       0x80 /teamspace/studios/this_studio/AI-Automated-Radiology-Report/glibc-2.34/build/libc_pic.a(profil.os)
 .eh_frame      0x0000000000004ce0       0x30 /teamspace/studios/this_studio/AI-Automated-Radiology-Report/glibc-2.34/build/libc_pic.a(prof-freq.os)
 .eh_frame      0x0000000000004d10       0x30 /teamspace/studios/this_studio/AI-Automated-Radiology-Report/glibc-2.34/build/libc_pic.a(dl-addr-obj.os)
 .eh_frame      0x0000000000004d40       0x30 /teamspace/studios/this_studio/AI-Automated-Radiology-Report/glibc-2.34/build/libc_pic.a(sigaction.os)
 .eh_frame      0x0000000000004d70       0xc8 /teamspace/studios/this_studio/AI-Automated-Radiology-Report/glibc-2.34/build/libc_pic.a(libc_sigaction.os)
                                         0xd0 (size before relaxing)
 .eh_frame      0x0000000000004e38       0x30 /teamspace/studios/this_studio/AI-Automated-Radiology-Report/glibc-2.34/build/libc_pic.a(setitimer.os)
 .eh_frame      0x0000000000004e68       0x2c /teamspace/studios/this_studio/AI-Automated-Radiology-Report/glibc-2.34/build/libc_pic.a(getdents64.os)
                                         0x30 (size before relaxing)

.gcc_except_table
 *(.gcc_except_table)

.gnu_extab
 *(.gnu_extab*)

.exception_ranges
 *(.exception_ranges)

.eh_frame
 *(.eh_frame)

.gnu_extab
 *(.gnu_extab)

.gcc_except_table
 *(.gcc_except_table)

.exception_ranges
 *(.exception_ranges)

.tdata
 *(.tdata)

.tbss           0x0000000000000000        0x4
 *(.tbss)
 .tbss          0x0000000000000000        0x4 /teamspace/studios/this_studio/AI-Automated-Radiology-Report/glibc-2.34/build/libc_pic.a(errno.os)
                0x0000000000000000                errno
                0x0000000000000000                __libc_errno

.jcr
 *(.jcr)

.dynamic
 *(.dynamic)

.got
 *(.got)

.got.plt
 *(.got.plt)

.data           0x0000000000000000     0x1058
 *(.data)
 .data          0x0000000000000000        0x0 /teamspace/studios/this_studio/AI-Automated-Radiology-Report/glibc-2.34/build/elf/librtld.mapT.o
 .data          0x0000000000000000     0x1028 /teamspace/studios/this_studio/AI-Automated-Radiology-Report/glibc-2.34/build/elf/dl-allobjs.os
                0x0000000000000000                _rtld_global
                0x0000000000000000                _rtld_local
 .data          0x0000000000001028        0x0 /teamspace/studios/this_studio/AI-Automated-Radiology-Report/glibc-2.34/build/libc_pic.a(check_fds.os)
 .data          0x0000000000001028        0x0 /teamspace/studios/this_studio/AI-Automated-Radiology-Report/glibc-2.34/build/libc_pic.a(errno.os)
 .data          0x0000000000001028        0x0 /teamspace/studios/this_studio/AI-Automated-Radiology-Report/glibc-2.34/build/libc_pic.a(setjmp.os)
 .data          0x0000000000001028        0x0 /teamspace/studios/this_studio/AI-Automated-Radiology-Report/glibc-2.34/build/libc_pic.a(__longjmp.os)
 .data          0x0000000000001028        0x0 /teamspace/studios/this_studio/AI-Automated-Radiology-Report/glibc-2.34/build/libc_pic.a(lowlevellock.os)
 .data          0x0000000000001028        0x0 /teamspace/studios/this_studio/AI-Automated-Radiology-Report/glibc-2.34/build/libc_pic.a(scratch_buffer_set_array_size.os)
 .data          0x0000000000001028        0x0 /teamspace/studios/this_studio/AI-Automated-Radiology-Report/glibc-2.34/build/libc_pic.a(strchr.os)
 .data          0x0000000000001028        0x0 /teamspace/studios/this_studio/AI-Automated-Radiology-Report/glibc-2.34/build/libc_pic.a(strcmp.os)
 .data          0x0000000000001028        0x0 /teamspace/studios/this_studio/AI-Automated-Radiology-Report/glibc-2.34/build/libc_pic.a(strcspn.os)
 .data          0x0000000000001028        0x0 /teamspace/studios/this_studio/AI-Automated-Radiology-Report/glibc-2.34/build/libc_pic.a(strdup.os)
 .data          0x0000000000001028        0x0 /teamspace/studios/this_studio/AI-Automated-Radiology-Report/glibc-2.34/build/libc_pic.a(strlen.os)
 .data          0x0000000000001028        0x0 /teamspace/studios/this_studio/AI-Automated-Radiology-Report/glibc-2.34/build/libc_pic.a(strnlen.os)