Archive member included to satisfy reference by file (symbol)

/teamspace/studios/this_studio/AI-Automated-Radiology-Report/glibc-2.34/build/elf/rtld-libc.a(rtld-check_fds.os)
                              /teamspace/studios/this_studio/AI-Automated-Radiology-Report/glibc-2.34/build/elf/dl-allobjs.os (__libc_check_standard_fds)
/teamspace/studios/this_studio/AI-Automated-Radiology-Report/glibc-2.34/build/elf/rtld-libc.a(rtld-errno.os)
                              /teamspace/studios/this_studio/AI-Automated-Radiology-Report/glibc-2.34/build/elf/dl-allobjs.os (rtld_errno)
/teamspace/studios/this_studio/AI-Automated-Radiology-Report/glibc-2.34/build/elf/rtld-libc.a(rtld-closedir.os)
                              /teamspace/studios/this_studio/AI-Automated-Radiology-Report/glibc-2.34/build/elf/dl-allobjs.os (__closedir)
/teamspace/studios/this_studio/AI-Automated-Radiology-Report/glibc-2.34/build/elf/rtld-libc.a(rtld-rewinddir.os)
                              /teamspace/studios/this_studio/AI-Automated-Radiology-Report/glibc-2.34/build/elf/dl-allobjs.os (__rewinddir)
/teamspace/studios/this_studio/AI-Automated-Radiology-Report/glibc-2.34/build/elf/rtld-libc.a(rtld-readdir64.os)
                              /teamspace/studios/this_studio/AI-Automated-Radiology-Report/glibc-2.34/build/elf/dl-allobjs.os (__readdir64)
/teamspace/studios/this_studio/AI-Automated-Radiology-Report/glibc-2.34/build/elf/rtld-libc.a(rtld-fdopendir.os)
                              /teamspace/studios/this_studio/AI-Automated-Radiology-Report/glibc-2.34/build/elf/dl-allobjs.os (__fdopendir)
/teamspace/studios/this_studio/AI-Automated-Radiology-Report/glibc-2.34/build/elf/rtld-libc.a(rtld-getdents64.os)
                              /teamspace/studios/this_studio/AI-Automated-Radiology-Report/glibc-2.34/build/elf/rtld-libc.a(rtld-readdir64.os) (__getdents64)
/teamspace/studios/this_studio/AI-Automated-Radiology-Report/glibc-2.34/build/elf/rtld-libc.a(rtld-dl-addr-obj.os)
                              /teamspace/studios/this_studio/AI-Automated-Radiology-Report/glibc-2.34/build/elf/dl-allobjs.os (_dl_addr_inside_object)
/teamspace/studios/this_studio/AI-Automated-Radiology-Report/glibc-2.34/build/elf/rtld-libc.a(rtld-profil.os)
                              /teamspace/studios/this_studio/AI-Automated-Radiology-Report/glibc-2.34/build/elf/dl-allobjs.os (__profil)
/teamspace/studios/this_studio/AI-Automated-Radiology-Report/glibc-2.34/build/elf/rtld-libc.a(rtld-prof-freq.os)
                              /teamspace/studios/this_studio/AI-Automated-Radiology-Report/glibc-2.34/build/elf/dl-allobjs.os (__profile_frequency)
/teamspace/studios/this_studio/AI-Automated-Radiology-Report/glibc-2.34/build/elf/rtld-libc.a(rtld-stat64.os)
                              /teamspace/studios/this_studio/AI-Automated-Radiology-Report/glibc-2.34/build/elf/dl-allobjs.os (__GI___stat64)
/teamspace/studios/this_studio/AI-Automated-Radiology-Report/glibc-2.34/build/elf/rtld-libc.a(rtld-fstat64.os)
                              /teamspace/studios/this_studio/AI-Automated-Radiology-Report/glibc-2.34/build/elf/dl-allobjs.os (__GI___fstat64)
/teamspace/studios/this_studio/AI-Automated-Radiology-Report/glibc-2.34/build/elf/rtld-libc.a(rtld-lstat64.os)
                              /teamspace/studios/this_studio/AI-Automated-Radiology-Report/glibc-2.34/build/elf/dl-allobjs.os (__GI___lstat64)
/teamspace/studios/this_studio/AI-Automated-Radiology-Report/glibc-2.34/build/elf/rtld-libc.a(rtld-fstatat64.os)
                              /teamspace/studios/this_studio/AI-Automated-Radiology-Report/glibc-2.34/build/elf/dl-allobjs.os (__GI___fstatat64)
/teamspace/studios/this_studio/AI-Automated-Radiology-Report/glibc-2.34/build/elf/rtld-libc.a(rtld-openat64.os)
                              /teamspace/studios/this_studio/AI-Automated-Radiology-Report/glibc-2.34/build/elf/dl-allobjs.os (__openat64)
/teamspace/studios/this_studio/AI-Automated-Radiology-Report/glibc-2.34/build/elf/rtld-libc.a(rtld-lseek64.os)
                              /teamspace/studios/this_studio/AI-Automated-Radiology-Report/glibc-2.34/build/elf/dl-allobjs.os (__lseek)
/teamspace/studios/this_studio/AI-Automated-Radiology-Report/glibc-2.34/build/elf/rtld-libc.a(rtld-access.os)
                              /teamspace/studios/this_studio/AI-Automated-Radiology-Report/glibc-2.34/build/elf/dl-allobjs.os (__access)
/teamspace/studios/this_studio/AI-Automated-Radiology-Report/glibc-2.34/build/elf/rtld-libc.a(rtld-close_nocancel.os)
                              /teamspace/studios/this_studio/AI-Automated-Radiology-Report/glibc-2.34/build/elf/dl-allobjs.os (__GI___close_nocancel)
/teamspace/studios/this_studio/AI-Automated-Radiology-Report/glibc-2.34/build/elf/rtld-libc.a(rtld-fcntl_nocancel.os)
                              /teamspace/studios/this_studio/AI-Automated-Radiology-Report/glibc-2.34/build/elf/dl-allobjs.os (__GI___fcntl64_nocancel)
[...]
Memory Configuration

Name             Origin             Length             Attributes
*default*        0x0000000000000000 0xffffffffffffffff

Linker script and memory map

START GROUP
LOAD /teamspace/studios/this_studio/AI-Automated-Radiology-Report/glibc-2.34/build/elf/dl-allobjs.os
LOAD /teamspace/studios/this_studio/AI-Automated-Radiology-Report/glibc-2.34/build/elf/rtld-libc.a
LOAD /usr/lib/gcc/x86_64-linux-gnu/9/libgcc.a
END GROUP

.interp
 *(.interp)

.note.gnu.property
                0x0000000000000000       0x20
 .note.gnu.property
                0x0000000000000000       0x20 /teamspace/studios/this_studio/AI-Automated-Radiology-Report/glibc-2.34/build/elf/dl-allobjs.os

.note.gnu.build-id
 *(.note.gnu.build-id)

.hash
 *(.hash)

.gnu.hash
 *(.gnu.hash)

.dynsym
 *(.dynsym)

.dynstr
 *(.dynstr)

.gnu.version
 *(.gnu.version)

.gnu.version_d
 *(.gnu.version_d)

.gnu.version_r
 *(.gnu.version_r)

.rela.init
 *(.rela.init)

.rela.text
 *(.rela.text)

.rela.fini
 *(.rela.fini)

.rela.rodata
 *(.rela.rodata)

.rela.data.rel.ro
 *(.rela.data.rel.ro)

.rela.data
 *(.rela.data)

.rela.tdata
 *(.rela.tdata)

.rela.tbss
 *(.rela.tbss)

.rela.ctors
 *(.rela.ctors)

.rela.dtors
 *(.rela.dtors)

.rela.got
 *(.rela.got)

.rela.bss
 *(.rela.bss)

.rela.ldata
 *(.rela.ldata)

.rela.lbss
 *(.rela.lbss)

.rela.lrodata
 *(.rela.lrodata)

.rela.ifunc
 *(.rela.ifunc)

.rela.plt
 *(.rela.plt)

.init
 *(SORT_NONE(.init))

.plt
 *(.plt)

.plt.got
 *(.plt.got)

.plt.sec
 *(.plt.sec)

.text           0x0000000000000000    0x24ac6
 *(.text .stub)
 .text          0x0000000000000000    0x1fbf4 /teamspace/studios/this_studio/AI-Automated-Radiology-Report/glibc-2.34/build/elf/dl-allobjs.os
                0x0000000000000000                _start
                0x0000000000000008                _dl_start_user
                0x00000000000013e0                handle_preload_list
                0x0000000000006550                _dl_dst_count
                0x0000000000006600                _dl_dst_substitute
                0x0000000000006d40                _dl_init_paths
                0x00000000000070b0                _dl_process_pt_gnu_property
                0x00000000000087e0                _dl_map_object
                0x0000000000009280                _dl_rtld_di_serinfo
                0x000000000000a1f0                _dl_lookup_symbol_x
                0x000000000000b170                _dl_setup_hash
                0x000000000000b230                _dl_add_to_namespace_list
                0x000000000000b2d0                _dl_new_object
                0x000000000000b6e0                _dl_try_allocate_static_tls
                0x000000000000b810                _dl_allocate_static_tls
                0x000000000000b850                _dl_protect_relro
                0x000000000000b8c0                _dl_reloc_bad_type
                0x000000000000b990                _dl_relocate_object
                0x000000000000d6d0                _dl_map_object_deps
                0x000000000000e8d0                _dl_fixup
                0x000000000000ea80                _dl_profile_fixup
                0x000000000000f150                _dl_call_pltexit
                0x000000000000f400                _dl_init
                0x000000000000f530                _dl_fini
                0x000000000000f970                _dl_debug_state
                0x000000000000f970                __GI__dl_debug_state
                0x000000000000f980                _dl_debug_initialize
                0x0000000000010160                _dl_sysdep_read_whole_file
                0x00000000000101f0                _dl_debug_printf
                0x00000000000102a0                _dl_debug_printf_c
                0x0000000000010350                _dl_dprintf
                0x00000000000103f0                _dl_printf
                0x00000000000104a0                _dl_error_printf
                0x0000000000010550                _dl_fatal_printf
                0x0000000000010550                __GI__dl_fatal_printf
                0x0000000000010600                _dl_name_match_p
                0x0000000000010670                _dl_higher_prime_number
                0x00000000000106c0                _dl_strtoul
                0x0000000000010820                _dl_check_map_versions
                0x0000000000010f80                _dl_check_all_versions
                0x0000000000011000                _dl_start_profile
                0x0000000000011800                __GI__dl_mcount
                0x0000000000011800                _dl_mcount
                0x0000000000011d50                _dl_tls_static_surplus_init
                0x0000000000011de0                _dl_assign_tls_modid
                0x0000000000011ef0                _dl_count_modids
                0x0000000000011f60                _dl_determine_tlsoffset
                0x0000000000012110                _dl_get_tls_static_info
                0x0000000000012130                _dl_allocate_tls_storage
                0x0000000000012200                __GI__dl_allocate_tls_init
                0x0000000000012200                _dl_allocate_tls_init
                0x0000000000012450                __GI__dl_allocate_tls
                0x0000000000012450                _dl_allocate_tls
                0x0000000000012490                _dl_deallocate_tls
                0x0000000000012490                __GI__dl_deallocate_tls
                0x0000000000012520                _dl_update_slotinfo
                0x0000000000012780                __GI___tls_get_addr
                0x0000000000012780                ___tls_get_addr
                0x00000000000127d0                _dl_tls_get_addr_soft
                0x0000000000012850                _dl_add_to_slotinfo
                0x0000000000012970                _dl_init_static_tls
                0x0000000000012aa0                __tls_get_addr_slow
                0x0000000000012ad0                _dl_get_origin
                0x0000000000012c40                _dl_scope_free
                0x0000000000012d40                __GI___nptl_change_stack_perm
                0x0000000000012d40                __nptl_change_stack_perm
                0x0000000000012d80                _dl_make_stacks_executable
                0x00000000000131c0                __GI__dl_find_dso_for_object
                0x00000000000131c0                _dl_find_dso_for_object
                0x0000000000013290                _dl_open
                0x00000000000135c0                _dl_show_scope
                0x00000000000143d0                _dl_close_worker
                0x0000000000015570                _dl_close
                0x00000000000155e0                _dl_runtime_profile_avx512
                0x0000000000015a60                _dl_runtime_profile_avx
                0x0000000000015ee0                _dl_runtime_profile_sse
                0x00000000000160e0                _dl_runtime_resolve_fxsave
                0x0000000000016160                _dl_runtime_resolve_xsave
                0x0000000000016230                _dl_runtime_resolve_xsavec
                0x0000000000016310                _dl_error_free
                0x0000000000016340                _dl_exception_create
                0x0000000000016340                __GI__dl_exception_create
                0x0000000000016440                __GI__dl_exception_create_format
                0x0000000000016440                _dl_exception_create_format
                0x00000000000168a0                _dl_exception_free
                0x00000000000168a0                __GI__dl_exception_free
                0x00000000000168d0                _dl_sort_maps
                0x0000000000016ca0                _dl_lookup_direct
                0x0000000000016e70                _dl_call_libc_early_init
                0x0000000000016f00                _dl_write
                0x0000000000016f10                __thread_gscope_wait
                0x0000000000017100                __tls_pre_init_tp
                0x0000000000017160                __tls_init_tp
                0x0000000000017230                _dl_cache_libcmp
                0x00000000000179e0                _dl_load_cache_lookup
                0x0000000000017d70                _dl_unload_cache
                0x0000000000017ee0                __GI___tunable_set_val
                0x0000000000017f10                __GI___tunables_init
                0x0000000000018480                __GI___tunables_print
                0x0000000000018570                __tunable_get_val
                0x0000000000018570                __GI___tunable_get_val
                0x00000000000185e0                _dl_make_tlsdesc_dynamic
                0x0000000000018890                _dl_unmap
                0x0000000000018910                _dl_tlsdesc_return
                0x0000000000018920                _dl_tlsdesc_undefweak
                0x0000000000018940                _dl_tlsdesc_dynamic
                0x00000000000189e0                __tls_get_addr
                0x000000000001aa30                __x86_cpu_features
                0x000000000001aa60                _dl_x86_init_cpu_features
                0x000000000001aa80                _dl_x86_get_cpu_features
                0x000000000001aee0                _dl_cet_open_check
                0x000000000001aef0                _dl_cet_check
                0x000000000001af00                _dl_tunable_set_hwcaps
                0x000000000001ba10                _dl_tunable_set_x86_ibt
                0x000000000001ba90                _dl_tunable_set_x86_shstk
                0x000000000001bb10                _dl_sysdep_start
                0x000000000001bfa0                _dl_sysdep_start_cleanup
                0x000000000001bfb0                _dl_show_auxv
                0x000000000001c150                _dl_discover_osversion
                0x000000000001c330                _dl_next_ld_env_entry
                0x000000000001c380                unsetenv
                0x000000000001c5b0                __rtld_malloc_init_stubs
                0x000000000001c5f0                __sigjmp_save
                0x000000000001c600                __strerror_r
                0x000000000001c6f0                __GI___libc_fatal
                0x000000000001c6f0                __libc_fatal
                0x000000000001c710                __GI___chk_fail
                0x000000000001c710                __chk_fail
                0x000000000001c730                __GI___assert_fail
                0x000000000001c730                __assert_fail
                0x000000000001c800                __rtld_malloc_is_complete
                0x000000000001ca60                __rtld_malloc_init_real
                0x000000000001cb60                __GI___assert_perror_fail
                0x000000000001cb60                __assert_perror_fail
                0x000000000001cbc0                _itoa
                0x000000000001cc20                __strsep
                0x000000000001cc20                strsep
                0x000000000001cc20                __strsep_g
                0x000000000001cd50                _dl_signal_exception
                0x000000000001cda0                _dl_signal_error
                0x000000000001ce00                _dl_signal_cexception
                0x000000000001ce90                _dl_signal_cerror
                0x000000000001cf20                _dl_catch_exception
                0x000000000001d010                _dl_catch_error
                0x000000000001d060                _dl_receive_error
                0x000000000001d0b0                _rtld_catch_error
                0x000000000001d0c0                _dl_resolve_conflicts
                0x000000000001d320                _dl_important_hwcaps
                0x000000000001dca0                _dl_hwcaps_split
                0x000000000001dcd0                _dl_hwcaps_contains
                0x000000000001dd70                _dl_hwcaps_split_masked
                0x000000000001ddd0                _dl_hwcaps_subdirs_active
                0x000000000001df90                _dl_usage
                0x000000000001dfe0                _dl_version
                0x000000000001e000                _dl_help
                0x000000000001e550                _dl_diagnostics_print_string
                0x000000000001e5e0                _dl_diagnostics_print_labeled_string
                0x000000000001e630                _dl_diagnostics_print_labeled_value
                0x000000000001e650                _dl_print_diagnostics
                0x000000000001eaf0                _dl_diagnostics_kernel
                0x000000000001eb90                _dl_diagnostics_cpu
                0x000000000001f210                __rtld_mutex_init
                0x000000000001f300                __brk
                0x000000000001f300                brk
                0x000000000001f330                sbrk
                0x000000000001f330                __sbrk
                0x000000000001f3d0                __getcwd
                0x000000000001f3d0                getcwd
                0x000000000001fa00                openat64
                0x000000000001fa60                __alloc_dir
                0x000000000001fb50                __opendir
                0x000000000001fb50                opendir
 *fill*         0x000000000001fbf4        0xc 
 .text          0x000000000001fc00       0xd6 /teamspace/studios/this_studio/AI-Automated-Radiology-Report/glibc-2.34/build/elf/rtld-libc.a(rtld-check_fds.os)
                0x000000000001fca0                __libc_check_standard_fds
 .text          0x000000000001fcd6        0x0 /teamspace/studios/this_studio/AI-Automated-Radiology-Report/glibc-2.34/build/elf/rtld-libc.a(rtld-errno.os)
 *fill*         0x000000000001fcd6        0xa 
 .text          0x000000000001fce0       0x2a /teamspace/studios/this_studio/AI-Automated-Radiology-Report/glibc-2.34/build/elf/rtld-libc.a(rtld-closedir.os)
                0x000000000001fce0                __closedir
                0x000000000001fce0                closedir
 *fill*         0x000000000001fd0a        0x6 
 .text          0x000000000001fd10       0x34 /teamspace/studios/this_studio/AI-Automated-Radiology-Report/glibc-2.34/build/elf/rtld-libc.a(rtld-rewinddir.os)
                0x000000000001fd10                rewinddir
                0x000000000001fd10                __rewinddir
 *fill*         0x000000000001fd44        0xc 
 .text          0x000000000001fd50       0x90 /teamspace/studios/this_studio/AI-Automated-Radiology-Report/glibc-2.34/build/elf/rtld-libc.a(rtld-readdir64.os)
                0x000000000001fd50                readdir
                0x000000000001fd50                __readdir64
                0x000000000001fd50                __readdir
                0x000000000001fd50                readdir64
 .text          0x000000000001fde0       0x8e /teamspace/studios/this_studio/AI-Automated-Radiology-Report/glibc-2.34/build/elf/rtld-libc.a(rtld-fdopendir.os)
                0x000000000001fde0                fdopendir
                0x000000000001fde0                __fdopendir
 *fill*         0x000000000001fe6e        0x2 
 .text          0x000000000001fe70       0x38 /teamspace/studios/this_studio/AI-Automated-Radiology-Report/glibc-2.34/build/elf/rtld-libc.a(rtld-getdents64.os)
                0x000000000001fe70                __getdents
                0x000000000001fe70                getdents64
                0x000000000001fe70                __getdents64
 *fill*         0x000000000001fea8        0x8 
 .text          0x000000000001feb0       0x7b /teamspace/studios/this_studio/AI-Automated-Radiology-Report/glibc-2.34/build/elf/rtld-libc.a(rtld-dl-addr-obj.os)
                0x000000000001feb0                _dl_addr_inside_object
 *fill*         0x000000000001ff2b        0x5 
 .text          0x000000000001ff30       0xf7 /teamspace/studios/this_studio/AI-Automated-Radiology-Report/glibc-2.34/build/elf/rtld-libc.a(rtld-profil.os)
                0x000000000001ff80                __profil
                0x000000000001ff80                profil
 *fill*         0x0000000000020027        0x9 
 .text          0x0000000000020030        0xb /teamspace/studios/this_studio/AI-Automated-Radiology-Report/glibc-2.34/build/elf/rtld-libc.a(rtld-prof-freq.os)
                0x0000000000020030                __profile_frequency
 *fill*         0x000000000002003b        0x5 
 .text          0x0000000000020040       0x16 /teamspace/studios/this_studio/AI-Automated-Radiology-Report/glibc-2.34/build/elf/rtld-libc.a(rtld-stat64.os)
                0x0000000000020040                stat64
                0x0000000000020040                __stat
                0x0000000000020040                __stat64
                0x0000000000020040                stat
                0x0000000000020040                __GI___stat64
 *fill*         0x0000000000020056        0xa 
 .text          0x0000000000020060       0x30 /teamspace/studios/this_studio/AI-Automated-Radiology-Report/glibc-2.34/build/elf/rtld-libc.a(rtld-fstat64.os)
                0x0000000000020060                __GI___fstat64
                0x0000000000020060                fstat64
                0x0000000000020060                fstat
                0x0000000000020060                __fstat64
                0x0000000000020060                __fstat
 .text          0x0000000000020090       0x19 /teamspace/studios/this_studio/AI-Automated-Radiology-Report/glibc-2.34/build/elf/rtld-libc.a(rtld-lstat64.os)
                0x0000000000020090                __lstat64
                0x0000000000020090                lstat
                0x0000000000020090                lstat64
                0x0000000000020090                __GI___lstat64
                0x0000000000020090                __lstat
 *fill*         0x00000000000200a9        0x7 
 .text          0x00000000000200b0       0x2e /teamspace/studios/this_studio/AI-Automated-Radiology-Report/glibc-2.34/build/elf/rtld-libc.a(rtld-fstatat64.os)
                0x00000000000200b0                fstatat
                0x00000000000200b0                __fstatat
                0x00000000000200b0                fstatat64
                0x00000000000200b0                __fstatat64
                0x00000000000200b0                __GI___fstatat
                0x00000000000200b0                __GI___fstatat64
 *fill*         0x00000000000200de        0x2 
 .text          0x00000000000200e0       0x66 /teamspace/studios/this_studio/AI-Automated-Radiology-Report/glibc-2.34/build/elf/rtld-libc.a(rtld-openat64.os)
                0x00000000000200e0                __openat64
                0x00000000000200e0                __libc_openat64
                0x00000000000200e0                __openat
                0x00000000000200e0                openat
 *fill*         0x0000000000020146        0xa 
 .text          0x0000000000020150       0x28 /teamspace/studios/this_studio/AI-Automated-Radiology-Report/glibc-2.34/build/elf/rtld-libc.a(rtld-lseek64.os)
                0x0000000000020150                __lseek64
                0x0000000000020150                lseek
                0x0000000000020150                __libc_lseek64
                0x0000000000020150                __lseek
                0x0000000000020150                __libc_lseek
                0x0000000000020150                lseek64
 *fill*         0x0000000000020178        0x8 
 .text          0x0000000000020180       0x26 /teamspace/studios/this_studio/AI-Automated-Radiology-Report/glibc-2.34/build/elf/rtld-libc.a(rtld-access.os)
                0x0000000000020180                access
                0x0000000000020180                __access
 *fill*         0x00000000000201a6        0xa 
 .text          0x00000000000201b0       0x26 /teamspace/studios/this_studio/AI-Automated-Radiology-Report/glibc-2.34/build/elf/rtld-libc.a(rtld-close_nocancel.os)
                0x00000000000201b0                __GI___close_nocancel
 *fill*         0x00000000000201d6        0xa 
 .text          0x00000000000201e0       0x93 /teamspace/studios/this_studio/AI-Automated-Radiology-Report/glibc-2.34/build/elf/rtld-libc.a(rtld-fcntl_nocancel.os)
                0x00000000000201e0                __fcntl64_nocancel_adjusted
                0x0000000000020240                __fcntl64_nocancel
                0x0000000000020240                __GI___fcntl64_nocancel
 *fill*         0x0000000000020273        0xd 
 .text          0x0000000000020280       0x7e /teamspace/studios/this_studio/AI-Automated-Radiology-Report/glibc-2.34/build/elf/rtld-libc.a(rtld-open64_nocancel.os)
                0x0000000000020280                __GI___open_nocancel
                0x0000000000020280                __open_nocancel
                0x0000000000020280                __GI___open64_nocancel
                0x0000000000020280                __open64_nocancel
 *fill*         0x00000000000202fe        0x2 
 .text          0x0000000000020300       0x28 /teamspace/studios/this_studio/AI-Automated-Radiology-Report/glibc-2.34/build/elf/rtld-libc.a(rtld-read_nocancel.os)
                0x0000000000020300                __read_nocancel
                0x0000000000020300                __GI___read_nocancel
 *fill*         0x0000000000020328        0x8 
 .text          0x0000000000020330       0x30 /teamspace/studios/this_studio/AI-Automated-Radiology-Report/glibc-2.34/build/elf/rtld-libc.a(rtld-pread64_nocancel.os)
                0x0000000000020330                __GI___pread64_nocancel
                0x0000000000020330                __pread64_nocancel
 .text          0x0000000000020360       0x28 /teamspace/studios/this_studio/AI-Automated-Radiology-Report/glibc-2.34/build/elf/rtld-libc.a(rtld-write_nocancel.os)
                0x0000000000020360                __GI___write_nocancel
                0x0000000000020360                __write_nocancel
 *fill*         0x0000000000020388        0x8 
 .text          0x0000000000020390       0xb0 /teamspace/studios/this_studio/AI-Automated-Radiology-Report/glibc-2.34/build/elf/rtld-libc.a(rtld-scratch_buffer_set_array_size.os)
                0x0000000000020390                __libc_scratch_buffer_set_array_size
 .text          0x0000000000020440       0x99 /teamspace/studios/this_studio/AI-Automated-Radiology-Report/glibc-2.34/build/elf/rtld-libc.a(rtld-mmap64.os)
                0x0000000000020440                __mmap
                0x0000000000020440                mmap
                0x0000000000020440                __mmap64
                0x0000000000020440                mmap64
 *fill*         0x00000000000204d9        0x7 
 .text          0x00000000000204e0       0x24 /teamspace/studios/this_studio/AI-Automated-Radiology-Report/glibc-2.34/build/elf/rtld-libc.a(rtld-munmap.os)
                0x00000000000204e0                munmap
                0x00000000000204e0                __GI___munmap
                0x00000000000204e0                __GI_munmap
                0x00000000000204e0                __munmap
 *fill*         0x0000000000020504        0xc 
 .text          0x0000000000020510       0x24 /teamspace/studios/this_studio/AI-Automated-Radiology-Report/glibc-2.34/build/elf/rtld-libc.a(rtld-mprotect.os)
                0x0000000000020510                __mprotect
                0x0000000000020510                __GI___mprotect
                0x0000000000020510                __GI_mprotect
                0x0000000000020510                mprotect
 *fill*         0x0000000000020534        0xc 
 .text          0x0000000000020540      0x118 /teamspace/studios/this_studio/AI-Automated-Radiology-Report/glibc-2.34/build/elf/rtld-libc.a(rtld-lowlevellock.os)
                0x0000000000020540                __lll_lock_wait_private
                0x00000000000205b0                __lll_lock_wait
                0x0000000000020620                __lll_lock_wake_private
                0x0000000000020640                __lll_lock_wake
 *fill*         0x0000000000020658        0x8 
 .text          0x0000000000020660       0x24 /teamspace/studios/this_studio/AI-Automated-Radiology-Report/glibc-2.34/build/elf/rtld-libc.a(rtld-uname.os)
                0x0000000000020660                uname
                0x0000000000020660                __GI_uname
                0x0000000000020660                __uname
                0x0000000000020660                __GI___uname
 *fill*         0x0000000000020684        0xc 
 .text          0x0000000000020690       0x4a /teamspace/studios/this_studio/AI-Automated-Radiology-Report/glibc-2.34/build/elf/rtld-libc.a(rtld-_exit.os)
                0x0000000000020690                _Exit
                0x0000000000020690                __GI__exit
                0x0000000000020690                _exit
 *fill*         0x00000000000206da        0x6 
 .text          0x00000000000206e0        0xc /teamspace/studios/this_studio/AI-Automated-Radiology-Report/glibc-2.34/build/elf/rtld-libc.a(rtld-getpid.os)
                0x00000000000206e0                __getpid
                0x00000000000206e0                getpid
                0x00000000000206e0                __GI_getpid
                0x00000000000206e0                __GI___getpid
 .text          0x00000000000206ec        0x0 /teamspace/studios/this_studio/AI-Automated-Radiology-Report/glibc-2.34/build/elf/rtld-libc.a(rtld-environ.os)
 *fill*         0x00000000000206ec        0x4 
 .text          0x00000000000206f0       0x5e /teamspace/studios/this_studio/AI-Automated-Radiology-Report/glibc-2.34/build/elf/rtld-libc.a(rtld-setjmp.os)
                0x00000000000206f0                __sigsetjmp
                0x00000000000206f0                __GI___sigsetjmp
 *fill*         0x000000000002074e        0x2 
 .text          0x0000000000020750       0x7c /teamspace/studios/this_studio/AI-Automated-Radiology-Report/glibc-2.34/build/elf/rtld-libc.a(rtld-__longjmp.os)
                0x0000000000020750                __longjmp
 *fill*         0x00000000000207cc        0x4 
 .text          0x00000000000207d0       0x30 /teamspace/studios/this_studio/AI-Automated-Radiology-Report/glibc-2.34/build/elf/rtld-libc.a(rtld-sigaction.os)
                0x00000000000207d0                sigaction
                0x00000000000207d0                __sigaction
 .text          0x0000000000020800      0x1b1 /teamspace/studios/this_studio/AI-Automated-Radiology-Report/glibc-2.34/build/elf/rtld-libc.a(rtld-libc_sigaction.os)
                0x0000000000020820                __libc_sigaction
 *fill*         0x00000000000209b1        0xf 
 .text          0x00000000000209c0       0x44 /teamspace/studios/this_studio/AI-Automated-Radiology-Report/glibc-2.34/build/elf/rtld-libc.a(rtld-strdup.os)
                0x00000000000209c0                __strdup
                0x00000000000209c0                strdup
 *fill*         0x0000000000020a04        0xc 
 .text          0x0000000000020a10     0x1449 /teamspace/studios/this_studio/AI-Automated-Radiology-Report/glibc-2.34/build/elf/rtld-libc.a(rtld-strcmp-sse2.os)
                0x0000000000020a10                strcmp
 *fill*         0x0000000000021e59        0x7 
 .text          0x0000000000021e60     0x1859 /teamspace/studios/this_studio/AI-Automated-Radiology-Report/glibc-2.34/build/elf/rtld-libc.a(rtld-strncmp-sse2.os)
                0x0000000000021e60                strncmp
 *fill*         0x00000000000236b9        0x7 
 .text          0x00000000000236c0      0x323 /teamspace/studios/this_studio/AI-Automated-Radiology-Report/glibc-2.34/build/elf/rtld-libc.a(rtld-memchr-sse2.os)
                0x00000000000236c0                memchr
                0x00000000000236c0                __memchr
 *fill*         0x00000000000239e3        0xd 
 .text          0x00000000000239f0      0x209 /teamspace/studios/this_studio/AI-Automated-Radiology-Report/glibc-2.34/build/elf/rtld-libc.a(rtld-rawmemchr-sse2.os)
                0x00000000000239f0                __rawmemchr
                0x00000000000239f0                rawmemchr
 *fill*         0x0000000000023bf9        0x7 
 .text          0x0000000000023c00      0x400 /teamspace/studios/this_studio/AI-Automated-Radiology-Report/glibc-2.34/build/elf/rtld-libc.a(rtld-memcmp-sse2.os)
                0x0000000000023c00                bcmp
                0x0000000000023c00                memcmp
 .text          0x0000000000024000      0x22a /teamspace/studios/this_studio/AI-Automated-Radiology-Report/glibc-2.34/build/elf/rtld-libc.a(rtld-strchr-sse2.os)
                0x0000000000024000                index
                0x0000000000024000                strchr
 *fill*         0x000000000002422a        0x6 
 .text          0x0000000000024230      0x19c /teamspace/studios/this_studio/AI-Automated-Radiology-Report/glibc-2.34/build/elf/rtld-libc.a(rtld-strlen-sse2.os)
                0x0000000000024230                strlen
 *fill*         0x00000000000243cc        0x4 
 .text          0x00000000000243d0      0x218 /teamspace/studios/this_studio/AI-Automated-Radiology-Report/glibc-2.34/build/elf/rtld-libc.a(rtld-strnlen-sse2.os)
                0x00000000000243d0                __strnlen
                0x00000000000243d0                strnlen
 *fill*         0x00000000000245e8        0x8 
 .text          0x00000000000245f0       0xec /teamspace/studios/this_studio/AI-Automated-Radiology-Report/glibc-2.34/build/elf/rtld-libc.a(rtld-stpcpy-sse2.os)
                0x00000000000245f0                stpcpy
                0x00000000000245f0                __stpcpy
 *fill*         0x00000000000246dc        0x4 
 .text          0x00000000000246e0       0xa7 /teamspace/studios/this_studio/AI-Automated-Radiology-Report/glibc-2.34/build/elf/rtld-libc.a(rtld-strcspn-sse2.os)
                0x00000000000246e0                strcspn
 *fill*         0x0000000000024787        0x9 
 .text          0x0000000000024790      0x208 /teamspace/studios/this_studio/AI-Automated-Radiology-Report/glibc-2.34/build/elf/rtld-libc.a(rtld-memmove-sse2-unaligned-erms.os)
                0x0000000000024790                mempcpy
                0x0000000000024790                __mempcpy
                0x00000000000247a0                memmove
                0x00000000000247a0                memcpy
 *fill*         0x0000000000024998        0x8 
 .text          0x00000000000249a0       0xf2 /teamspace/studios/this_studio/AI-Automated-Radiology-Report/glibc-2.34/build/elf/rtld-libc.a(rtld-memset-sse2-unaligned-erms.os)
                0x00000000000249a0                memset
 *fill*         0x0000000000024a92        0xe 
 .text          0x0000000000024aa0       0x26 /teamspace/studios/this_studio/AI-Automated-Radiology-Report/glibc-2.34/build/elf/rtld-libc.a(rtld-setitimer.os)
                0x0000000000024aa0                setitimer
                0x0000000000024aa0                __setitimer
 *(.gnu.warning)

.fini
 *(SORT_NONE(.fini))

.rodata         0x0000000000000000     0x1598
 *(.rodata)
 .rodata        0x0000000000000000     0x1515 /teamspace/studios/this_studio/AI-Automated-Radiology-Report/glibc-2.34/build/elf/dl-allobjs.os
 *fill*         0x0000000000001515        0x3 
 .rodata        0x0000000000001518       0x40 /teamspace/studios/this_studio/AI-Automated-Radiology-Report/glibc-2.34/build/elf/rtld-libc.a(rtld-strcmp-sse2.os)
 .rodata        0x0000000000001558       0x40 /teamspace/studios/this_studio/AI-Automated-Radiology-Report/glibc-2.34/build/elf/rtld-libc.a(rtld-strncmp-sse2.os)

.rodata.str1.1  0x0000000000000000     0x1872
 .rodata.str1.1
                0x0000000000000000     0x185d /teamspace/studios/this_studio/AI-Automated-Radiology-Report/glibc-2.34/build/elf/dl-allobjs.os
 .rodata.str1.1
                0x000000000000185d       0x14 /teamspace/studios/this_studio/AI-Automated-Radiology-Report/glibc-2.34/build/elf/rtld-libc.a(rtld-check_fds.os)
 .rodata.str1.1
                0x0000000000001871        0x1 /teamspace/studios/this_studio/AI-Automated-Radiology-Report/glibc-2.34/build/elf/rtld-libc.a(rtld-fstat64.os)

.rodata.str1.8  0x0000000000000000     0x2fdf
 .rodata.str1.8
                0x0000000000000000     0x2fa1 /teamspace/studios/this_studio/AI-Automated-Radiology-Report/glibc-2.34/build/elf/dl-allobjs.os
 *fill*         0x0000000000002fa1        0x7 
 .rodata.str1.8
                0x0000000000002fa8       0x37 /teamspace/studios/this_studio/AI-Automated-Radiology-Report/glibc-2.34/build/elf/rtld-libc.a(rtld-lowlevellock.os)

.rodata.str1.16
                0x0000000000000000      0x4a2
 .rodata.str1.16
                0x0000000000000000      0x4a2 /teamspace/studios/this_studio/AI-Automated-Radiology-Report/glibc-2.34/build/elf/dl-allobjs.os
                0x00000000000003f0                __GI__itoa_lower_digits
                0x00000000000003f0                _itoa_lower_digits
                0x0000000000000470                _dl_hwcaps_subdirs

.rodata.cst16   0x0000000000000000       0x10
 .rodata.cst16  0x0000000000000000       0x10 /teamspace/studios/this_studio/AI-Automated-Radiology-Report/glibc-2.34/build/elf/dl-allobjs.os

.rodata.cst4    0x0000000000000000        0x4
 .rodata.cst4   0x0000000000000000        0x4 /teamspace/studios/this_studio/AI-Automated-Radiology-Report/glibc-2.34/build/elf/dl-allobjs.os

.rodata.str1.32
                0x0000000000000000       0x7b
 .rodata.str1.32
                0x0000000000000000       0x7b /teamspace/studios/this_studio/AI-Automated-Radiology-Report/glibc-2.34/build/elf/dl-allobjs.os

.rodata1
 *(.rodata1)

.eh_frame_hdr
 *(.eh_frame_hdr)

.eh_frame       0x0000000000000000     0x3afc
 *(.eh_frame)
 .eh_frame      0x0000000000000000     0x2fe8 /teamspace/studios/this_studio/AI-Automated-Radiology-Report/glibc-2.34/build/elf/dl-allobjs.os
                                       0x3050 (size before relaxing)
 .eh_frame      0x0000000000002fe8       0x68 /teamspace/studios/this_studio/AI-Automated-Radiology-Report/glibc-2.34/build/elf/rtld-libc.a(rtld-check_fds.os)
 .eh_frame      0x0000000000003050       0x38 /teamspace/studios/this_studio/AI-Automated-Radiology-Report/glibc-2.34/build/elf/rtld-libc.a(rtld-closedir.os)
 .eh_frame      0x0000000000003088       0x38 /teamspace/studios/this_studio/AI-Automated-Radiology-Report/glibc-2.34/build/elf/rtld-libc.a(rtld-rewinddir.os)
 .eh_frame      0x00000000000030c0       0x50 /teamspace/studios/this_studio/AI-Automated-Radiology-Report/glibc-2.34/build/elf/rtld-libc.a(rtld-readdir64.os)
 .eh_frame      0x0000000000003110       0x50 /teamspace/studios/this_studio/AI-Automated-Radiology-Report/glibc-2.34/build/elf/rtld-libc.a(rtld-fdopendir.os)
 .eh_frame      0x0000000000003160       0x30 /teamspace/studios/this_studio/AI-Automated-Radiology-Report/glibc-2.34/build/elf/rtld-libc.a(rtld-getdents64.os)
 .eh_frame      0x0000000000003190       0x30 /teamspace/studios/this_studio/AI-Automated-Radiology-Report/glibc-2.34/build/elf/rtld-libc.a(rtld-dl-addr-obj.os)
 .eh_frame      0x00000000000031c0       0x48 /teamspace/studios/this_studio/AI-Automated-Radiology-Report/glibc-2.34/build/elf/rtld-libc.a(rtld-profil.os)
 .eh_frame      0x0000000000003208       0x30 /teamspace/studios/this_studio/AI-Automated-Radiology-Report/glibc-2.34/build/elf/rtld-libc.a(rtld-prof-freq.os)
 .eh_frame      0x0000000000003238       0x30 /teamspace/studios/this_studio/AI-Automated-Radiology-Report/glibc-2.34/build/elf/rtld-libc.a(rtld-stat64.os)
 .eh_frame      0x0000000000003268       0x30 /teamspace/studios/this_studio/AI-Automated-Radiology-Report/glibc-2.34/build/elf/rtld-libc.a(rtld-fstat64.os)
 .eh_frame      0x0000000000003298       0x30 /teamspace/studios/this_studio/AI-Automated-Radiology-Report/glibc-2.34/build/elf/rtld-libc.a(rtld-lstat64.os)
 .eh_frame      0x00000000000032c8       0x30 /teamspace/studios/this_studio/AI-Automated-Radiology-Report/glibc-2.34/build/elf/rtld-libc.a(rtld-fstatat64.os)
 .eh_frame      0x00000000000032f8       0x30 /teamspace/studios/this_studio/AI-Automated-Radiology-Report/glibc-2.34/build/elf/rtld-libc.a(rtld-openat64.os)
 .eh_frame      0x0000000000003328       0x30 /teamspace/studios/this_studio/AI-Automated-Radiology-Report/glibc-2.34/build/elf/rtld-libc.a(rtld-lseek64.os)
 .eh_frame      0x0000000000003358       0x30 /teamspace/studios/this_studio/AI-Automated-Radiology-Report/glibc-2.34/build/elf/rtld-libc.a(rtld-access.os)
 .eh_frame      0x0000000000003388       0x30 /teamspace/studios/this_studio/AI-Automated-Radiology-Report/glibc-2.34/build/elf/rtld-libc.a(rtld-close_nocancel.os)
 .eh_frame      0x00000000000033b8       0x48 /teamspace/studios/this_studio/AI-Automated-Radiology-Report/glibc-2.34/build/elf/rtld-libc.a(rtld-fcntl_nocancel.os)
 .eh_frame      0x0000000000003400       0x30 /teamspace/studios/this_studio/AI-Automated-Radiology-Report/glibc-2.34/build/elf/rtld-libc.a(rtld-open64_nocancel.os)
 .eh_frame      0x0000000000003430       0x30 /teamspace/studios/this_studio/AI-Automated-Radiology-Report/glibc-2.34/build/elf/rtld-libc.a(rtld-read_nocancel.os)
 .eh_frame      0x0000000000003460       0x30 /teamspace/studios/this_studio/AI-Automated-Radiology-Report/glibc-2.34/build/elf/rtld-libc.a(rtld-pread64_nocancel.os)
 .eh_frame      0x0000000000003490       0x30 /teamspace/studios/this_studio/AI-Automated-Radiology-Report/glibc-2.34/build/elf/rtld-libc.a(rtld-write_nocancel.os)
 .eh_frame      0x00000000000034c0       0x60 /teamspace/studios/this_studio/AI-Automated-Radiology-Report/glibc-2.34/build/elf/rtld-libc.a(rtld-scratch_buffer_set_array_size.os)
 .eh_frame      0x0000000000003520       0x48 /teamspace/studios/this_studio/AI-Automated-Radiology-Report/glibc-2.34/build/elf/rtld-libc.a(rtld-mmap64.os)
 .eh_frame      0x0000000000003568       0x30 /teamspace/studios/this_studio/AI-Automated-Radiology-Report/glibc-2.34/build/elf/rtld-libc.a(rtld-munmap.os)
 .eh_frame      0x0000000000003598       0x30 /teamspace/studios/this_studio/AI-Automated-Radiology-Report/glibc-2.34/build/elf/rtld-libc.a(rtld-mprotect.os)
 .eh_frame      0x00000000000035c8       0x70 /teamspace/studios/this_studio/AI-Automated-Radiology-Report/glibc-2.34/build/elf/rtld-libc.a(rtld-lowlevellock.os)
 .eh_frame      0x0000000000003638       0x30 /teamspace/studios/this_studio/AI-Automated-Radiology-Report/glibc-2.34/build/elf/rtld-libc.a(rtld-uname.os)
 .eh_frame      0x0000000000003668       0x30 /teamspace/studios/this_studio/AI-Automated-Radiology-Report/glibc-2.34/build/elf/rtld-libc.a(rtld-_exit.os)
 .eh_frame      0x0000000000003698       0x30 /teamspace/studios/this_studio/AI-Automated-Radiology-Report/glibc-2.34/build/elf/rtld-libc.a(rtld-getpid.os)
 .eh_frame      0x00000000000036c8       0x30 /teamspace/studios/this_studio/AI-Automated-Radiology-Report/glibc-2.34/build/elf/rtld-libc.a(rtld-setjmp.os)
 .eh_frame      0x00000000000036f8       0x48 /teamspace/studios/this_studio/AI-Automated-Radiology-Report/glibc-2.34/build/elf/rtld-libc.a(rtld-__longjmp.os)
 .eh_frame      0x0000000000003740       0x30 /teamspace/studios/this_studio/AI-Automated-Radiology-Report/glibc-2.34/build/elf/rtld-libc.a(rtld-sigaction.os)
 .eh_frame      0x0000000000003770       0xc8 /teamspace/studios/this_studio/AI-Automated-Radiology-Report/glibc-2.34/build/elf/rtld-libc.a(rtld-libc_sigaction.os)
                                         0xd0 (size before relaxing)
 .eh_frame      0x0000000000003838       0x40 /teamspace/studios/this_studio/AI-Automated-Radiology-Report/glibc-2.34/build/elf/rtld-libc.a(rtld-strdup.os)
 .eh_frame      0x0000000000003878       0x30 /teamspace/studios/this_studio/AI-Automated-Radiology-Report/glibc-2.34/build/elf/rtld-libc.a(rtld-strcmp-sse2.os)
 .eh_frame      0x00000000000038a8       0x30 /teamspace/studios/this_studio/AI-Automated-Radiology-Report/glibc-2.34/build/elf/rtld-libc.a(rtld-strncmp-sse2.os)
 .eh_frame      0x00000000000038d8       0x30 /teamspace/studios/this_studio/AI-Automated-Radiology-Report/glibc-2.34/build/elf/rtld-libc.a(rtld-memchr-sse2.os)
 .eh_frame      0x0000000000003908       0x30 /teamspace/studios/this_studio/AI-Automated-Radiology-Report/glibc-2.34/build/elf/rtld-libc.a(rtld-rawmemchr-sse2.os)
 .eh_frame      0x0000000000003938       0x30 /teamspace/studios/this_studio/AI-Automated-Radiology-Report/glibc-2.34/build/elf/rtld-libc.a(rtld-memcmp-sse2.os)
 .eh_frame      0x0000000000003968       0x30 /teamspace/studios/this_studio/AI-Automated-Radiology-Report/glibc-2.34/build/elf/rtld-libc.a(rtld-strchr-sse2.os)
 .eh_frame      0x0000000000003998       0x30 /teamspace/studios/this_studio/AI-Automated-Radiology-Report/glibc-2.34/build/elf/rtld-libc.a(rtld-strlen-sse2.os)
 .eh_frame      0x00000000000039c8       0x30 /teamspace/studios/this_studio/AI-Automated-Radiology-Report/glibc-2.34/build/elf/rtld-libc.a(rtld-strnlen-sse2.os)
 .eh_frame      0x00000000000039f8       0x30 /teamspace/studios/this_studio/AI-Automated-Radiology-Report/glibc-2.34/build/elf/rtld-libc.a(rtld-stpcpy-sse2.os)
 .eh_frame      0x0000000000003a28       0x38 /teamspace/studios/this_studio/AI-Automated-Radiology-Report/glibc-2.34/build/elf/rtld-libc.a(rtld-strcspn-sse2.os)
 .eh_frame      0x0000000000003a60       0x40 /teamspace/studios/this_studio/AI-Automated-Radiology-Report/glibc-2.34/build/elf/rtld-libc.a(rtld-memmove-sse2-unaligned-erms.os)
 .eh_frame      0x0000000000003aa0       0x30 /teamspace/studios/this_studio/AI-Automated-Radiology-Report/glibc-2.34/build/elf/rtld-libc.a(rtld-memset-sse2-unaligned-erms.os)
 .eh_frame      0x0000000000003ad0       0x2c /teamspace/studios/this_studio/AI-Automated-Radiology-Report/glibc-2.34/build/elf/rtld-libc.a(rtld-setitimer.os)
                                         0x30 (size before relaxing)

.gcc_except_table
 *(.gcc_except_table)

.gnu_extab
 *(.gnu_extab*)

.exception_ranges
 *(.exception_ranges)

.eh_frame
 *(.eh_frame)

.gnu_extab
 *(.gnu_extab)

.gcc_except_table
 *(.gcc_except_table)

.exception_ranges
 *(.exception_ranges)

.tdata
 *(.tdata)

.tbss
 *(.tbss)

.jcr
 *(.jcr)

.dynamic
 *(.dynamic)

.got
 *(.got)

.got.plt
 *(.got.plt)

.data           0x0000000000000000     0x1028
 *(.data)
 .data          0x0000000000000000     0x1028 /teamspace/studios/this_studio/AI-Automated-Radiology-Report/glibc-2.34/build/elf/dl-allobjs.os
                0x0000000000000000                _rtld_global
                0x0000000000000000                _rtld_local
 .data          0x0000000000001028        0x0 /teamspace/studios/this_studio/AI-Automated-Radiology-Report/glibc-2.34/build/elf/rtld-libc.a(rtld-check_fds.os)
 .data          0x0000000000001028        0x0 /teamspace/studios/this_studio/AI-Automated-Radiology-Report/glibc-2.34/build/elf/rtld-libc.a(rtld-errno.os)
 .data          0x0000000000001028        0x0 /teamspace/studios/this_studio/AI-Automated-Radiology-Report/glibc-2.34/build/elf/rtld-libc.a(rtld-closedir.os)
 .data          0x0000000000001028        0x0 /teamspace/studios/this_studio/AI-Automated-Radiology-Report/glibc-2.34/build/elf/rtld-libc.a(rtld-rewinddir.os)
 .data          0x0000000000001028        0x0 /teamspace/studios/this_studio/AI-Automated-Radiology-Report/glibc-2.34/build/elf/rtld-libc.a(rtld-readdir64.os)
 .data          0x0000000000001028        0x0 /teamspace/studios/this_studio/AI-Automated-Radiology-Report/glibc-2.34/build/elf/rtld-libc.a(rtld-fdopendir.os)
 .data          0x0000000000001028        0x0 /teamspace/studios/this_studio/AI-Automated-Radiology-Report/glibc-2.34/build/elf/rtld-libc.a(rtld-getdents64.os)
 .data          0x0000000000001028        0x0 /teamspace/studios/this_studio/AI-Automated-Radiology-Report/glibc-2.34/build/elf/rtld-libc.a(rtld-dl-addr-obj.os)
 .data          0x0000000000001028        0x0 /teamspace/studios/this_studio/AI-Automated-Radiology-Report/glibc-2.34/build/elf/rtld-libc.a(rtld-profil.os)
 .data          0x0000000000001028        0x0 /teamspace/studios/this_studio/AI-Automated-Radiology-Report/glibc-2.34/build/elf/rtld-libc.a(rtld-prof-freq.os)
 .data          0x0000000000001028        0x0 /teamspace/studios/this_studio/AI-Automated-Radiology-Report/glibc-2.34/build/elf/rtld-libc.a(rtld-stat64.os)
 .data          0x0000000000001028        0x0 /teamspace/studios/this_studio/AI-Automated-Radiology-Report/glibc-2.34/build/elf/rtld-libc.a(rtld-fstat64.os)
 .data          0x0000000000001028        0x0 /teamspace/studios/this_studio/AI-Automated-Radiology-Report/glibc-2.34/build/elf/rtld-libc.a(rtld-lstat64.os)
 .data          0x0000000000001028        0x0 /teamspace/studios/this_studio/AI-Automated-Radiology-Report/glibc-2.34/build/elf/rtld-libc.a(rtld-fstatat64.os)
 .data          0x0000000000001028        0x0 /teamspace/studios/this_studio/AI-Automated-Radiology-Report/glibc-2.34/build/elf/rtld-libc.a(rtld-openat64.os)
 .data          0x0000000000001028        0x0 /teamspace/studios/this_studio/AI-Automated-Radiology-Report/glibc-2.34/build/elf/rtld-libc.a(rtld-lseek64.os)
 .data          0x0000000000001028        0x0 /teamspace/studios/this_studio/AI-Automated-Radiology-Report/glibc-2.34/build/elf/rtld-libc.a(rtld-access.os)
 .data          0x0000000000001028        0x0 /teamspace/studios/this_studio/AI-Automated-Radiology-Report/glibc-2.34/build/elf/rtld-libc.a(rtld-close_nocancel.os)
 .data          0x0000000000001028        0x0 /teamspace/studios/this_studio/AI-Automated-Radiology-Report/glibc-2.34/build/elf/rtld-libc.a(rtld-fcntl_nocancel.os)
 .data          0x0000000000001028        0x0 /teamspace/studios/this_studio/AI-Automated-Radiology-Report/glibc-2.34/build/elf/rtld-libc.a(rtld-open64_nocancel.os)
 .data          0x0000000000001028        0x0 /teamspace/studios/this_studio/AI-Automated-Radiology-Report/glibc-2.34/build/elf/rtld-libc.a(rtld-read_nocancel.os)
 .data          0x0000000000001028        0x0 /teamspace/studios/this_studio/AI-Automated-Radiology-Report/glibc-2.34/build/elf/rtld-libc.a(rtld-pread64_nocancel.os)
 .data          0x0000000000001028        0x0 /teamspace/studios/this_studio/AI-Automated-Radiology-Report/glibc-2.34/build/elf/rtld-libc.a(rtld-write_nocancel.os)
 .data          0x0000000000001028        0x0 /teamspace/studios/this_studio/AI-Automated-Radiology-Report/glibc-2.34/build/elf/rtld-libc.a(rtld-scratch_buffer_set_array_size.os)
 .data          0x0000000000001028        0x0 /teamspace/studios/this_studio/AI-Automated-Radiology-Report/glibc-2.34/build/elf/rtld-libc.a(rtld-mmap64.os)
 .data          0x0000000000001028        0x0 /teamspace/studios/this_studio/AI-Automated-Radiology-Report/glibc-2.34/build/elf/rtld-libc.a(rtld-munmap.os)
 .data          0x0000000000001028        0x0 /teamspace/studios/this_studio/AI-Automated-Radiology-Report/glibc-2.34/build/elf/rtld-libc.a(rtld-mprotect.os)
 .data          0x0000000000001028        0x0 /teamspace/studios/this_studio/AI-Automated-Radiology-Report/glibc-2.34/build/elf/rtld-libc.a(rtld-lowlevellock.os)
 .data          0x0000000000001028        0x0 /teamspace/studios/this_studio/AI-Automated-Radiology-Report/glibc-2.34/build/elf/rtld-libc.a(rtld-uname.os)
 .data          0x0000000000001028        0x0 /teamspace/studios/this_studio/AI-Automated-Radiology-Report/glibc-2.34/build/elf/rtld-libc.a(rtld-_exit.os)
 .data          0x0000000000001028        0x0 /teamspace/studios/this_studio/AI-Automated-Radiology-Report/glibc-2.34/build/elf/rtld-libc.a(rtld-getpid.os)
 .data          0x0000000000001028        0x0 /teamspace/studios/this_studio/AI-Automated-Radiology-Report/glibc-2.34/build/elf/rtld-libc.a(rtld-environ.os)
 .data          0x0000000000001028        0x0 /teamspace/studios/this_studio/AI-Automated-Radiology-Report/glibc-2.34/build/elf/rtld-libc.a(rtld-setjmp.os)
 .data          0x0000000000001028        0x0 /teamspace/studios/this_studio/AI-Automated-Radiology-Report/glibc-2.34/build/elf/rtld-libc.a(rtld-__longjmp.os)
 .data          0x0000000000001028        0x0 /teamspace/studios/this_studio/AI-Automated-Radiology-Report/glibc-2.34/build/elf/rtld-libc.a(rtld-sigaction.os)
 .data          0x0000000000001028        0x0 /teamspace/studios/this_studio/AI-Automated-Radiology-Report/glibc-2.34/build/elf/rtld-libc.a(rtld-libc_sigaction.os)
 .data          0x0000000000001028        0x0 /teamspace/studios/this_studio/AI-Automated-Radiology-Report/glibc-2.34/build/elf/rtld-libc.a(rtld-strdup.os)
 .data          0x0000000000001028        0x0 /teamspace/studios/this_studio/AI-Automated-Radiology-Report/glibc-2.34/build/elf/rtld-libc.a(rtld-strcmp-sse2.os)
 .data          0x0000000000001028        0x0 /teamspace/studios/this_studio/AI-Automated-Radiology-Report/glibc-2.34/build/elf/rtld-libc.a(rtld-strncmp-sse2.os)
 .data          0x0000000000001028        0x0 /teamspace/studios/this_studio/AI-Automated-Radiology-Report/glibc-2.34/build/elf/rtld-libc.a(rtld-memchr-sse2.os)
 .data          0x0000000000001028        0x0 /teamspace/studios/this_studio/AI-Automated-Radiology-Report/glibc-2.34/build/elf/rtld-libc.a(rtld-rawmemchr-sse2.os)
 .data          0x0000000000001028        0x0 /teamspace/studios/this_studio/AI-Automated-Radiology-Report/glibc-2.34/build/elf/rtld-libc.a(rtld-memcmp-sse2.os)
 .data          0x0000000000001028        0x0 /teamspace/studios/this_studio/AI-Automated-Radiology-Report/glibc-2.34/build/elf/rtld-libc.a(rtld-strchr-sse2.os)
 .data          0x0000000000001028        0x0 /teamspace/studios/this_studio/AI-Automated-Radiology-Report/glibc-2.34/build/elf/rtld-libc.a(rtld-strlen-sse2.os)
 .data          0x0000000000001028        0x0 /teamspace/studios/this_studio/AI-Automated-Radiology-Report/glibc-2.34/build/elf/rtld-libc.a(rtld-strnlen-sse2.os)
 .data          0x0000000000001028        0x0 /teamspace/studios/this_studio/AI-Automated-Radiology-Report/glibc-2.34/build/elf/rtld-libc.a(rtld-stpcpy-sse2.os)
 .data          0x0000000000001028        0x0 /teamspace/studios/this_studio/AI-Automated-Radiology-Report/glibc-2.34/build/elf/rtld-libc.a(rtld-strcspn-sse2.os)
 .data          0x0000000000001028        0x0 /teamspace/studios/this_studio/AI-Automated-Radiology-Report/glibc-2.34/build/elf/rtld-libc.a(rtld-memmove-sse2-unaligned-erms.os)
 .data          0x0000000000001028        0x0 /teamspace/studios/this_studio/AI-Automated-Radiology-Report/glibc-2.34/build/elf/rtld-libc.a(rtld-memset-sse2-unaligned-erms.os)
 .data          0x0000000000001028        0x0 /teamspace/studios/this_studio/AI-Automated-Radiology-Report/glibc-2.34/build/elf/rtld-libc.a(rtld-setitimer.os)

.data.rel.ro    0x0000000000000000     0x12f0
 .data.rel.ro   0x0000000000000000     0x12f0 /teamspace/studios/this_studio/AI-Automated-Radiology-Report/glibc-2.34/build/elf/dl-allobjs.os
                0x0000000000000090                __pointer_chk_guard_local
                0x0000000000000098                _dl_skip_args
                0x00000000000000a0                __GI__dl_argv
                0x00000000000000a0                _dl_argv
                0x00000000000000a8                _dl_argc
                0x00000000000000c0                _rtld_global_ro
                0x00000000000000c0                _rtld_local_ro
                0x0000000000000450                __rtld_search_dirs
                0x0000000000000480                __rtld_env_path_list
                0x0000000000000490                __stack_prot
                0x00000000000012a0                __x86_cpu_features_p
                0x00000000000012a8                _dl_random
                0x00000000000012b0                __libc_stack_end
                0x00000000000012b0                __GI___libc_stack_end
                0x00000000000012b8                __GI___libc_enable_secure
                0x00000000000012b8                __libc_enable_secure
                0x00000000000012c0                __rtld_realloc
                0x00000000000012c8                __rtld_malloc
                0x00000000000012d0                __rtld_free
                0x00000000000012d8                __rtld_calloc
                0x00000000000012e0                ___rtld_mutex_unlock
                0x00000000000012e8                ___rtld_mutex_lock

.data1
 *(.data1)

.bss            0x0000000000000000      0x1a0
 *(.bss)
 .bss           0x0000000000000000      0x168 /teamspace/studios/this_studio/AI-Automated-Radiology-Report/glibc-2.34/build/elf/dl-allobjs.os
                0x0000000000000080                _r_debug
                0x00000000000000f4                __nptl_initial_report_events
                0x00000000000000f4                __GI___nptl_initial_report_events
                0x0000000000000150                _dl_hwcaps_priorities_length
                0x0000000000000158                _dl_hwcaps_priorities
                0x0000000000000160                __curbrk
 .bss           0x0000000000000168        0x0 /teamspace/studios/this_studio/AI-Automated-Radiology-Report/glibc-2.34/build/elf/rtld-libc.a(rtld-check_fds.os)
 .bss           0x0000000000000168        0x4 /teamspace/studios/this_studio/AI-Automated-Radiology-Report/glibc-2.34/build/elf/rtld-libc.a(rtld-errno.os)
                0x0000000000000168                rtld_errno
 .bss           0x000000000000016c        0x0 /teamspace/studios/this_studio/AI-Automated-Radiology-Report/glibc-2.34/build/elf/rtld-libc.a(rtld-closedir.os)
 .bss           0x000000000000016c        0x0 /teamspace/studios/this_studio/AI-Automated-Radiology-Report/glibc-2.34/build/elf/rtld-libc.a(rtld-rewinddir.os)
 .bss           0x000000000000016c        0x0 /teamspace/studios/this_studio/AI-Automated-Radiology-Report/glibc-2.34/build/elf/rtld-libc.a(rtld-readdir64.os)
 .bss           0x000000000000016c        0x0 /teamspace/studios/this_studio/AI-Automated-Radiology-Report/glibc-2.34/build/elf/rtld-libc.a(rtld-fdopendir.os)
 .bss           0x000000000000016c        0x0 /teamspace/studios/this_studio/AI-Automated-Radiology-Report/glibc-2.34/build/elf/rtld-libc.a(rtld-getdents64.os)
 .bss           0x000000000000016c        0x0 /teamspace/studios/this_studio/AI-Automated-Radiology-Report/glibc-2.34/build/elf/rtld-libc.a(rtld-dl-addr-obj.os)
 *fill*         0x000000000000016c        0x4 
 .bss           0x0000000000000170       0x20 /teamspace/studios/this_studio/AI-Automated-Radiology-Report/glibc-2.34/build/elf/rtld-libc.a(rtld-profil.os)
 .bss           0x0000000000000190        0x0 /teamspace/studios/this_studio/AI-Automated-Radiology-Report/glibc-2.34/build/elf/rtld-libc.a(rtld-prof-freq.os)
 .bss           0x0000000000000190        0x0 /teamspace/studios/this_studio/AI-Automated-Radiology-Report/glibc-2.34/build/elf/rtld-libc.a(rtld-stat64.os)
 .bss           0x0000000000000190        0x0 /teamspace/studios/this_studio/AI-Automated-Radiology-Report/glibc-2.34/build/elf/rtld-libc.a(rtld-fstat64.os)
 .bss           0x0000000000000190        0x0 /teamspace/studios/this_studio/AI-Automated-Radiology-Report/glibc-2.34/build/elf/rtld-libc.a(rtld-lstat64.os)
 .bss           0x0000000000000190        0x0 /teamspace/studios/this_studio/AI-Automated-Radiology-Report/glibc-2.34/build/elf/rtld-libc.a(rtld-fstatat64.os)
 .bss           0x0000000000000190        0x0 /teamspace/studios/this_studio/AI-Automated-Radiology-Report/glibc-2.34/build/elf/rtld-libc.a(rtld-openat64.os)
 .bss           0x0000000000000190        0x0 /teamspace/studios/this_studio/AI-Automated-Radiology-Report/glibc-2.34/build/elf/rtld-libc.a(rtld-lseek64.os)
 .bss           0x0000000000000190        0x0 /teamspace/studios/this_studio/AI-Automated-Radiology-Report/glibc-2.34/build/elf/rtld-libc.a(rtld-access.os)
 .bss           0x0000000000000190        0x0 /teamspace/studios/this_studio/AI-Automated-Radiology-Report/glibc-2.34/build/elf/rtld-libc.a(rtld-close_nocancel.os)
 .bss           0x0000000000000190        0x0 /teamspace/studios/this_studio/AI-Automated-Radiology-Report/glibc-2.34/build/elf/rtld-libc.a(rtld-fcntl_nocancel.os)
 .bss           0x0000000000000190        0x0 /teamspace/studios/this_studio/AI-Automated-Radiology-Report/glibc-2.34/build/elf/rtld-libc.a(rtld-open64_nocancel.os)
 .bss           0x0000000000000190        0x0 /teamspace/studios/this_studio/AI-Automated-Radiology-Report/glibc-2.34/build/elf/rtld-libc.a(rtld-read_nocancel.os)
 .bss           0x0000000000000190        0x0 /teamspace/studios/this_studio/AI-Automated-Radiology-Report/glibc-2.34/build/elf/rtld-libc.a(rtld-pread64_nocancel.os)
 .bss           0x0000000000000190        0x0 /teamspace/studios/this_studio/AI-Automated-Radiology-Report/glibc-2.34/build/elf/rtld-libc.a(rtld-write_nocancel.os)
 .bss           0x0000000000000190        0x0 /teamspace/studios/this_studio/AI-Automated-Radiology-Report/glibc-2.34/build/elf/rtld-libc.a(rtld-scratch_buffer_set_array_size.os)
 .bss           0x0000000000000190        0x0 /teamspace/studios/this_studio/AI-Automated-Radiology-Report/glibc-2.34/build/elf/rtld-libc.a(rtld-mmap64.os)
 .bss           0x0000000000000190        0x0 /teamspace/studios/this_studio/AI-Automated-Radiology-Report/glibc-2.34/build/elf/rtld-libc.a(rtld-munmap.os)
 .bss           0x0000000000000190        0x0 /teamspace/studios/this_studio/AI-Automated-Radiology-Report/glibc-2.34/build/elf/rtld-libc.a(rtld-mprotect.os)
 .bss           0x0000000000000190        0x4 /teamspace/studios/this_studio/AI-Automated-Radiology-Report/glibc-2.34/build/elf/rtld-libc.a(rtld-lowlevellock.os)
                0x0000000000000190                __pthread_force_elision
 .bss           0x0000000000000194        0x0 /teamspace/studios/this_studio/AI-Automated-Radiology-Report/glibc-2.34/build/elf/rtld-libc.a(rtld-uname.os)
 .bss           0x0000000000000194        0x0 /teamspace/studios/this_studio/AI-Automated-Radiology-Report/glibc-2.34/build/elf/rtld-libc.a(rtld-_exit.os)
 .bss           0x0000000000000194        0x0 /teamspace/studios/this_studio/AI-Automated-Radiology-Report/glibc-2.34/build/elf/rtld-libc.a(rtld-getpid.os)
 *fill*         0x0000000000000194        0x4 
 .bss           0x0000000000000198        0x8 /teamspace/studios/this_studio/AI-Automated-Radiology-Report/glibc-2.34/build/elf/rtld-libc.a(rtld-environ.os)
                0x0000000000000198                _environ
                0x0000000000000198                __environ
                0x0000000000000198                environ
 .bss           0x00000000000001a0        0x0 /teamspace/studios/this_studio/AI-Automated-Radiology-Report/glibc-2.34/build/elf/rtld-libc.a(rtld-setjmp.os)
 .bss           0x00000000000001a0        0x0 /teamspace/studios/this_studio/AI-Automated-Radiology-Report/glibc-2.34/build/elf/rtld-libc.a(rtld-__longjmp.os)
 .bss           0x00000000000001a0        0x0 /teamspace/studios/this_studio/AI-Automated-Radiology-Report/glibc-2.34/build/elf/rtld-libc.a(rtld-sigaction.os)
 .bss           0x00000000000001a0        0x0 /teamspace/studios/this_studio/AI-Automated-Radiology-Report/glibc-2.34/build/elf/rtld-libc.a(rtld-libc_sigaction.os)
 .bss           0x00000000000001a0        0x0 /teamspace/studios/this_studio/AI-Automated-Radiology-Report/glibc-2.34/build/elf/rtld-libc.a(rtld-strdup.os)
 .bss           0x00000000000001a0        0x0 /teamspace/studios/this_studio/AI-Automated-Radiology-Report/glibc-2.34/build/elf/rtld-libc.a(rtld-strcmp-sse2.os)
 .bss           0x00000000000001a0        0x0 /teamspace/studios/this_studio/AI-Automated-Radiology-Report/glibc-2.34/build/elf/rtld-libc.a(rtld-strncmp-sse2.os)
 .bss           0x00000000000001a0        0x0 /teamspace/studios/this_studio/AI-Automated-Radiology-Report/glibc-2.34/build/elf/rtld-libc.a(rtld-memchr-sse2.os)
 .bss           0x00000000000001a0        0x0 /teamspace/studios/this_studio/AI-Automated-Radiology-Report/glibc-2.34/build/elf/rtld-libc.a(rtld-rawmemchr-sse2.os)
 .bss           0x00000000000001a0        0x0 /teamspace/studios/this_studio/AI-Automated-Radiology-Report/glibc-2.34/build/elf/rtld-libc.a(rtld-memcmp-sse2.os)
 .bss           0x00000000000001a0        0x0 /teamspace/studios/this_studio/AI-Automated-Radiology-Report/glibc-2.34/build/elf/rtld-libc.a(rtld-strchr-sse2.os)
 .bss           0x00000000000001a0        0x0 /teamspace/studios/this_studio/AI-Automated-Radiology-Report/glibc-2.34/build/elf/rtld-libc.a(rtld-strlen-sse2.os)
 .bss           0x00000000000001a0        0x0 /teamspace/studios/this_studio/AI-Automated-Radiology-Report/glibc-2.34/build/elf/rtld-libc.a(rtld-strnlen-sse2.os)
 .bss           0x00000000000001a0        0x0 /teamspace/studios/this_studio/AI-Automated-Radiology-Report/glibc-2.34/build/elf/rtld-libc.a(rtld-stpcpy-sse2.os)
 .bss           0x00000000000001a0        0x0 /teamspace/studios/this_studio/AI-Automated-Radiology-Report/glibc-2.34/build/elf/rtld-libc.a(rtld-strcspn-sse2.os)
 .bss           0x00000000000001a0        0x0 /teamspace/studios/this_studio/AI-Automated-Radiology-Report/glibc-2.34/build/elf/rtld-libc.a(rtld-memmove-sse2-unaligned-erms.os)
 .bss           0x00000000000001a0        0x0 /teamspace/studios/this_studio/AI-Automated-Radiology-Report/glibc-2.34/build/elf/rtld-libc.a(rtld-memset-sse2-unaligned-erms.os)
 .bss           0x00000000000001a0        0x0 /teamspace/studios/this_studio/AI-Automated-Radiology-Report/glibc-2.34/build/elf/rtld-libc.a(rtld-setitimer.os)

.lbss
 *(.lbss)

.lrodata
 *(.lrodata)

.ldata
 *(.ldata)

.stab
 *(.stab)

.stabstr
 *(.stabstr)

.stab.excl
 *(.stab.excl)

.stab.exclstr
 *(.stab.exclstr)

.stab.index
 *(.stab.index)

.stab.indexstr
 *(.stab.indexstr)

.comment        0x0000000000000000      0xdec
 *(.comment)
 .comment       0x0000000000000000      0x86c /teamspace/studios/this_studio/AI-Automated-Radiology-Report/glibc-2.34/build/elf/dl-allobjs.os
 .comment       0x000000000000086c       0x2c /teamspace/studios/this_studio/AI-Automated-Radiology-Report/glibc-2.34/build/elf/rtld-libc.a(rtld-check_fds.os)
 .comment       0x0000000000000898       0x2c /teamspace/studios/this_studio/AI-Automated-Radiology-Report/glibc-2.34/build/elf/rtld-libc.a(rtld-errno.os)
 .comment       0x00000000000008c4       0x2c /teamspace/studios/this_studio/AI-Automated-Radiology-Report/glibc-2.34/build/elf/rtld-libc.a(rtld-closedir.os)
 .comment       0x00000000000008f0       0x2c /teamspace/studios/this_studio/AI-Automated-Radiology-Report/glibc-2.34/build/elf/rtld-libc.a(rtld-rewinddir.os)
 .comment       0x000000000000091c       0x2c /teamspace/studios/this_studio/AI-Automated-Radiology-Report/glibc-2.34/build/elf/rtld-libc.a(rtld-readdir64.os)
 .comment       0x0000000000000948       0x2c /teamspace/studios/this_studio/AI-Automated-Radiology-Report/glibc-2.34/build/elf/rtld-libc.a(rtld-fdopendir.os)
 .comment       0x0000000000000974       0x2c /teamspace/studios/this_studio/AI-Automated-Radiology-Report/glibc-2.34/build/elf/rtld-libc.a(rtld-getdents64.os)
 .comment       0x00000000000009a0       0x2c /teamspace/studios/this_studio/AI-Automated-Radiology-Report/glibc-2.34/build/elf/rtld-libc.a(rtld-dl-addr-obj.os)
 .comment       0x00000000000009cc       0x2c /teamspace/studios/this_studio/AI-Automated-Radiology-Report/glibc-2.34/build/elf/rtld-libc.a(rtld-profil.os)
 .comment       0x00000000000009f8       0x2c /teamspace/studios/this_studio/AI-Automated-Radiology-Report/glibc-2.34/build/elf/rtld-libc.a(rtld-prof-freq.os)
 .comment       0x0000000000000a24       0x2c /teamspace/studios/this_studio/AI-Automated-Radiology-Report/glibc-2.34/build/elf/rtld-libc.a(rtld-stat64.os)
 .comment       0x0000000000000a50       0x2c /teamspace/studios/this_studio/AI-Automated-Radiology-Report/glibc-2.34/build/elf/rtld-libc.a(rtld-fstat64.os)
 .comment       0x0000000000000a7c       0x2c /teamspace/studios/this_studio/AI-Automated-Radiology-Report/glibc-2.34/build/elf/rtld-libc.a(rtld-lstat64.os)
 .comment       0x0000000000000aa8       0x2c /teamspace/studios/this_studio/AI-Automated-Radiology-Report/glibc-2.34/build/elf/rtld-libc.a(rtld-fstatat64.os)
 .comment       0x0000000000000ad4       0x2c /teamspace/studios/this_studio/AI-Automated-Radiology-Report/glibc-2.34/build/elf/rtld-libc.a(rtld-openat64.os)
 .comment       0x0000000000000b00       0x2c /teamspace/studios/this_studio/AI-Automated-Radiology-Report/glibc-2.34/build/elf/rtld-libc.a(rtld-lseek64.os)
 .comment       0x0000000000000b2c       0x2c /teamspace/studios/this_studio/AI-Automated-Radiology-Report/glibc-2.34/build/elf/rtld-libc.a(rtld-access.os)
 .comment       0x0000000000000b58       0x2c /teamspace/studios/this_studio/AI-Automated-Radiology-Report/glibc-2.34/build/elf/rtld-libc.a(rtld-close_nocancel.os)
 .comment       0x0000000000000b84       0x2c /teamspace/studios/this_studio/AI-Automated-Radiology-Report/glibc-2.34/build/elf/rtld-libc.a(rtld-fcntl_nocancel.os)
 .comment       0x0000000000000bb0       0x2c /teamspace/studios/this_studio/AI-Automated-Radiology-Report/glibc-2.34/build/elf/rtld-libc.a(rtld-open64_nocancel.os)
 .comment       0x0000000000000bdc       0x2c /teamspace/studios/this_studio/AI-Automated-Radiology-Report/glibc-2.34/build/elf/rtld-libc.a(rtld-read_nocancel.os)
 .comment       0x0000000000000c08       0x2c /teamspace/studios/this_studio/AI-Automated-Radiology-Report/glibc-2.34/build/elf/rtld-libc.a(rtld-pread64_nocancel.os)
 .comment       0x0000000000000c34       0x2c /teamspace/studios/this_studio/AI-Automated-Radiology-Report/glibc-2.34/build/elf/rtld-libc.a(rtld-write_nocancel.os)
 .comment       0x0000000000000c60       0x2c /teamspace/studios/this_studio/AI-Automated-Radiology-Report/glibc-2.34/build/elf/rtld-libc.a(rtld-scratch_buffer_set_array_size.os)
 .comment       0x0000000000000c8c       0x2c /teamspace/studios/this_studio/AI-Automated-Radiology-Report/glibc-2.34/build/elf/rtld-libc.a(rtld-mmap64.os)
 .comment       0x0000000000000cb8       0x2c /teamspace/studios/this_studio/AI-Automated-Radiology-Report/glibc-2.34/build/elf/rtld-libc.a(rtld-lowlevellock.os)
 .comment       0x0000000000000ce4       0x2c /teamspace/studios/this_studio/AI-Automated-Radiology-Report/glibc-2.34/build/elf/rtld-libc.a(rtld-_exit.os)
 .comment       0x0000000000000d10       0x2c /teamspace/studios/this_studio/AI-Automated-Radiology-Report/glibc-2.34/build/elf/rtld-libc.a(rtld-environ.os)
 .comment       0x0000000000000d3c       0x2c /teamspace/studios/this_studio/AI-Automated-Radiology-Report/glibc-2.34/build/elf/rtld-libc.a(rtld-sigaction.os)
 .comment       0x0000000000000d68       0x2c /teamspace/studios/this_studio/AI-Automated-Radiology-Report/glibc-2.34/build/elf/rtld-libc.a(rtld-libc_sigaction.os)
 .comment       0x0000000000000d94       0x2c /teamspace/studios/this_studio/AI-Automated-Radiology-Report/glibc-2.34/build/elf/rtld-libc.a(rtld-strdup.os)
 .comment       0x0000000000000dc0       0x2c /teamspace/studios/this_studio/AI-Automated-Radiology-Report/glibc-2.34/build/elf/rtld-libc.a(rtld-setitimer.os)

.note.GNU-stack
                0x0000000000000000        0x0
 .note.GNU-stack
                0x0000000000000000        0x0 /teamspace/studios/this_studio/AI-Automated-Radiology-Report/glibc-2.34/build/elf/dl-allobjs.os
 .note.GNU-stack
                0x0000000000000000        0x0 /teamspace/studios/this_studio/AI-Automated-Radiology-Report/glibc-2.34/build/elf/rtld-libc.a(rtld-check_fds.os)
 .note.GNU-stack
                0x0000000000000000        0x0 /teamspace/studios/this_studio/AI-Automated-Radiology-Report/glibc-2.34/build/elf/rtld-libc.a(rtld-errno.os)
 .note.GNU-stack
                0x0000000000000000        0x0 /teamspace/studios/this_studio/AI-Automated-Radiology-Report/glibc-2.34/build/elf/rtld-libc.a(rtld-closedir.os)
 .note.GNU-stack
                0x0000000000000000        0x0 /teamspace/studios/this_studio/AI-Automated-Radiology-Report/glibc-2.34/build/elf/rtld-libc.a(rtld-rewinddir.os)
 .note.GNU-stack
                0x0000000000000000        0x0 /teamspace/studios/this_studio/AI-Automated-Radiology-Report/glibc-2.34/build/elf/rtld-libc.a(rtld-readdir64.os)
 .note.GNU-stack
                0x0000000000000000        0x0 /teamspace/studios/this_studio/AI-Automated-Radiology-Report/glibc-2.34/build/elf/rtld-libc.a(rtld-fdopendir.os)
 .note.GNU-stack
                0x0000000000000000        0x0 /teamspace/studios/this_studio/AI-Automated-Radiology-Report/glibc-2.34/build/elf/rtld-libc.a(rtld-getdents64.os)
 .note.GNU-stack
                0x0000000000000000        0x0 /teamspace/studios/this_studio/AI-Automated-Radiology-Report/glibc-2.34/build/elf/rtld-libc.a(rtld-dl-addr-obj.os)
 .note.GNU-stack
                0x0000000000000000        0x0 /teamspace/studios/this_studio/AI-Automated-Radiology-Report/glibc-2.34/build/elf/rtld-libc.a(rtld-profil.os)
 .note.GNU-stack
                0x0000000000000000        0x0 /teamspace/studios/this_studio/AI-Automated-Radiology-Report/glibc-2.34/build/elf/rtld-libc.a(rtld-prof-freq.os)
 .note.GNU-stack
                0x0000000000000000        0x0 /teamspace/studios/this_studio/AI-Automated-Radiology-Report/glibc-2.34/build/elf/rtld-libc.a(rtld-stat64.os)
 .note.GNU-stack
                0x0000000000000000        0x0 /teamspace/studios/this_studio/AI-Automated-Radiology-Report/glibc-2.34/build/elf/rtld-libc.a(rtld-fstat64.os)
 .note.GNU-stack
                0x0000000000000000        0x0 /teamspace/studios/this_studio/AI-Automated-Radiology-Report/glibc-2.34/build/elf/rtld-libc.a(rtld-lstat64.os)
 .note.GNU-stack
                0x0000000000000000        0x0 /teamspace/studios/this_studio/AI-Automated-Radiology-Report/glibc-2.34/build/elf/rtld-libc.a(rtld-fstatat64.os)
 .note.GNU-stack
                0x0000000000000000        0x0 /teamspace/studios/this_studio/AI-Automated-Radiology-Report/glibc-2.34/build/elf/rtld-libc.a(rtld-openat64.os)
 .note.GNU-stack
                0x0000000000000000        0x0 /teamspace/studios/this_studio/AI-Automated-Radiology-Report/glibc-2.34/build/elf/rtld-libc.a(rtld-lseek64.os)
 .note.GNU-stack
                0x0000000000000000        0x0 /teamspace/studios/this_studio/AI-Automated-Radiology-Report/glibc-2.34/build/elf/rtld-libc.a(rtld-access.os)
 .note.GNU-stack
                0x0000000000000000        0x0 /teamspace/studios/this_studio/AI-Automated-Radiology-Report/glibc-2.34/build/elf/rtld-libc.a(rtld-close_nocancel.os)
 .note.GNU-stack
                0x0000000000000000        0x0 /teamspace/studios/this_studio/AI-Automated-Radiology-Report/glibc-2.34/build/elf/rtld-libc.a(rtld-fcntl_nocancel.os)
 .note.GNU-stack
                0x0000000000000000        0x0 /teamspace/studios/this_studio/AI-Automated-Radiology-Report/glibc-2.34/build/elf/rtld-libc.a(rtld-open64_nocancel.os)
 .note.GNU-stack
                0x0000000000000000        0x0 /teamspace/studios/this_studio/AI-Automated-Radiology-Report/glibc-2.34/build/elf/rtld-libc.a(rtld-read_nocancel.os)
 .note.GNU-stack
                0x0000000000000000        0x0 /teamspace/studios/this_studio/AI-Automated-Radiology-Report/glibc-2.34/build/elf/rtld-libc.a(rtld-pread64_nocancel.os)
 .note.GNU-stack
                0x0000000000000000        0x0 /teamspace/studios/this_studio/AI-Automated-Radiology-Report/glibc-2.34/build/elf/rtld-libc.a(rtld-write_nocancel.os)
 .note.GNU-stack
                0x0000000000000000        0x0 /teamspace/studios/this_studio/AI-Automated-Radiology-Report/glibc-2.34/build/elf/rtld-libc.a(rtld-scratch_buffer_set_array_size.os)
 .note.GNU-stack
                0x0000000000000000        0x0 /teamspace/studios/this_studio/AI-Automated-Radiology-Report/glibc-2.34/build/elf/rtld-libc.a(rtld-mmap64.os)
 .note.GNU-stack
                0x0000000000000000        0x0 /teamspace/studios/this_studio/AI-Automated-Radiology-Report/glibc-2.34/build/elf/rtld-libc.a(rtld-munmap.os)
 .note.GNU-stack
                0x0000000000000000        0x0 /teamspace/studios/this_studio/AI-Automated-Radiology-Report/glibc-2.34/build/elf/rtld-libc.a(rtld-mprotect.os)
 .note.GNU-stack
                0x0000000000000000        0x0 /teamspace/studios/this_studio/AI-Automated-Radiology-Report/glibc-2.34/build/elf/rtld-libc.a(rtld-lowlevellock.os)
 .note.GNU-stack
                0x0000000000000000        0x0 /teamspace/studios/this_studio/AI-Automated-Radiology-Report/glibc-2.34/build/elf/rtld-libc.a(rtld-uname.os)
 .note.GNU-stack
                0x0000000000000000        0x0 /teamspace/studios/this_studio/AI-Automated-Radiology-Report/glibc-2.34/build/elf/rtld-libc.a(rtld-_exit.os)
 .note.GNU-stack
                0x0000000000000000        0x0 /teamspace/studios/this_studio/AI-Automated-Radiology-Report/glibc-2.34/build/elf/rtld-libc.a(rtld-getpid.os)
 .note.GNU-stack
                0x0000000000000000        0x0 /teamspace/studios/this_studio/AI-Automated-Radiology-Report/glibc-2.34/build/elf/rtld-libc.a(rtld-environ.os)
 .note.GNU-stack
                0x0000000000000000        0x0 /teamspace/studios/this_studio/AI-Automated-Radiology-Report/glibc-2.34/build/elf/rtld-libc.a(rtld-setjmp.os)
 .note.GNU-stack
                0x0000000000000000        0x0 /teamspace/studios/this_studio/AI-Automated-Radiology-Report/glibc-2.34/build/elf/rtld-libc.a(rtld-__longjmp.os)
 .note.GNU-stack
                0x0000000000000000        0x0 /teamspace/studios/this_studio/AI-Automated-Radiology-Report/glibc-2.34/build/elf/rtld-libc.a(rtld-sigaction.os)
 .note.GNU-stack
                0x0000000000000000        0x0 /teamspace/studios/this_studio/AI-Automated-Radiology-Report/glibc-2.34/build/elf/rtld-libc.a(rtld-libc_sigaction.os)
 .note.GNU-stack
                0x0000000000000000        0x0 /teamspace/studios/this_studio/AI-Automated-Radiology-Report/glibc-2.34/build/elf/rtld-libc.a(rtld-strdup.os)
 .note.GNU-stack
                0x0000000000000000        0x0 /teamspace/studios/this_studio/AI-Automated-Radiology-Report/glibc-2.34/build/elf/rtld-libc.a(rtld-strcmp-sse2.os)
 .note.GNU-stack
                0x0000000000000000        0x0 /teamspace/studios/this_studio/AI-Automated-Radiology-Report/glibc-2.34/build/elf/rtld-libc.a(rtld-strncmp-sse2.os)
 .note.GNU-stack
                0x0000000000000000        0x0 /teamspace/studios/this_studio/AI-Automated-Radiology-Report/glibc-2.34/build/elf/rtld-libc.a(rtld-memchr-sse2.os)
 .note.GNU-stack
                0x0000000000000000        0x0 /teamspace/studios/this_studio/AI-Automated-Radiology-Report/glibc-2.34/build/elf/rtld-libc.a(rtld-rawmemchr-sse2.os)
 .note.GNU-stack
                0x0000000000000000        0x0 /teamspace/studios/this_studio/AI-Automated-Radiology-Report/glibc-2.34/build/elf/rtld-libc.a(rtld-memcmp-sse2.os)
 .note.GNU-stack
                0x0000000000000000        0x0 /teamspace/studios/this_studio/AI-Automated-Radiology-Report/glibc-2.34/build/elf/rtld-libc.a(rtld-strchr-sse2.os)
 .note.GNU-stack
                0x0000000000000000        0x0 /teamspace/studios/this_studio/AI-Automated-Radiology-Report/glibc-2.34/build/elf/rtld-libc.a(rtld-strlen-sse2.os)
 .note.GNU-stack
                0x0000000000000000        0x0 /teamspace/studios/this_studio/AI-Automated-Radiology-Report/glibc-2.34/build/elf/rtld-libc.a(rtld-strnlen-sse2.os)
 .note.GNU-stack
                0x0000000000000000        0x0 /teamspace/studios/this_studio/AI-Automated-Radiology-Report/glibc-2.34/build/elf/rtld-libc.a(rtld-stpcpy-sse2.os)
 .note.GNU-stack
                0x0000000000000000        0x0 /teamspace/studios/this_studio/AI-Automated-Radiology-Report/glibc-2.34/build/elf/rtld-libc.a(rtld-strcspn-sse2.os)
 .note.GNU-stack
                0x0000000000000000        0x0 /teamspace/studios/this_studio/AI-Automated-Radiology-Report/glibc-2.34/build/elf/rtld-libc.a(rtld-memmove-sse2-unaligned-erms.os)
 .note.GNU-stack
                0x0000000000000000        0x0 /teamspace/studios/this_studio/AI-Automated-Radiology-Report/glibc-2.34/build/elf/rtld-libc.a(rtld-memset-sse2-unaligned-erms.os)
 .note.GNU-stack
                0x0000000000000000        0x0 /teamspace/studios/this_studio/AI-Automated-Radiology-Report/glibc-2.34/build/elf/rtld-libc.a(rtld-setitimer.os)

.gnu.build.attributes
 *(.gnu.build.attributes)

.debug
 *(.debug)

.line
 *(.line)

.debug_srcinfo
 *(.debug_srcinfo)

.debug_sfnames
 *(.debug_sfnames)

.debug_aranges  0x0000000000000000     0x1300
 *(.debug_aranges)
 .debug_aranges
                0x0000000000000000      0x9c0 /teamspace/studios/this_studio/AI-Automated-Radiology-Report/glibc-2.34/build/elf/dl-allobjs.os
 .debug_aranges
                0x00000000000009c0       0x30 /teamspace/studios/this_studio/AI-Automated-Radiology-Report/glibc-2.34/build/elf/rtld-libc.a(rtld-check_fds.os)
 .debug_aranges
                0x00000000000009f0       0x20 /teamspace/studios/this_studio/AI-Automated-Radiology-Report/glibc-2.34/build/elf/rtld-libc.a(rtld-errno.os)
 .debug_aranges
                0x0000000000000a10       0x30 /teamspace/studios/this_studio/AI-Automated-Radiology-Report/glibc-2.34/build/elf/rtld-libc.a(rtld-closedir.os)
 .debug_aranges
                0x0000000000000a40       0x30 /teamspace/studios/this_studio/AI-Automated-Radiology-Report/glibc-2.34/build/elf/rtld-libc.a(rtld-rewinddir.os)
 .debug_aranges
                0x0000000000000a70       0x30 /teamspace/studios/this_studio/AI-Automated-Radiology-Report/glibc-2.34/build/elf/rtld-libc.a(rtld-readdir64.os)
 .debug_aranges
                0x0000000000000aa0       0x30 /teamspace/studios/this_studio/AI-Automated-Radiology-Report/glibc-2.34/build/elf/rtld-libc.a(rtld-fdopendir.os)
 .debug_aranges
                0x0000000000000ad0       0x30 /teamspace/studios/this_studio/AI-Automated-Radiology-Report/glibc-2.34/build/elf/rtld-libc.a(rtld-getdents64.os)
 .debug_aranges
                0x0000000000000b00       0x30 /teamspace/studios/this_studio/AI-Automated-Radiology-Report/glibc-2.34/build/elf/rtld-libc.a(rtld-dl-addr-obj.os)
 .debug_aranges
                0x0000000000000b30       0x30 /teamspace/studios/this_studio/AI-Automated-Radiology-Report/glibc-2.34/build/elf/rtld-libc.a(rtld-profil.os)
 .debug_aranges
                0x0000000000000b60       0x30 /teamspace/studios/this_studio/AI-Automated-Radiology-Report/glibc-2.34/build/elf/rtld-libc.a(rtld-prof-freq.os)
 .debug_aranges
                0x0000000000000b90       0x30 /teamspace/studios/this_studio/AI-Automated-Radiology-Report/glibc-2.34/build/elf/rtld-libc.a(rtld-stat64.os)
 .debug_aranges
                0x0000000000000bc0       0x30 /teamspace/studios/this_studio/AI-Automated-Radiology-Report/glibc-2.34/build/elf/rtld-libc.a(rtld-fstat64.os)
 .debug_aranges
                0x0000000000000bf0       0x30 /teamspace/studios/this_studio/AI-Automated-Radiology-Report/glibc-2.34/build/elf/rtld-libc.a(rtld-lstat64.os)
 .debug_aranges
                0x0000000000000c20       0x30 /teamspace/studios/this_studio/AI-Automated-Radiology-Report/glibc-2.34/build/elf/rtld-libc.a(rtld-fstatat64.os)
 .debug_aranges
                0x0000000000000c50       0x30 /teamspace/studios/this_studio/AI-Automated-Radiology-Report/glibc-2.34/build/elf/rtld-libc.a(rtld-openat64.os)
 .debug_aranges
                0x0000000000000c80       0x30 /teamspace/studios/this_studio/AI-Automated-Radiology-Report/glibc-2.34/build/elf/rtld-libc.a(rtld-lseek64.os)
 .debug_aranges
                0x0000000000000cb0       0x30 /teamspace/studios/this_studio/AI-Automated-Radiology-Report/glibc-2.34/build/elf/rtld-libc.a(rtld-access.os)
 .debug_aranges
                0x0000000000000ce0       0x30 /teamspace/studios/this_studio/AI-Automated-Radiology-Report/glibc-2.34/build/elf/rtld-libc.a(rtld-close_nocancel.os)
 .debug_aranges
                0x0000000000000d10       0x30 /teamspace/studios/this_studio/AI-Automated-Radiology-Report/glibc-2.34/build/elf/rtld-libc.a(rtld-fcntl_nocancel.os)
 .debug_aranges
                0x0000000000000d40       0x30 /teamspace/studios/this_studio/AI-Automated-Radiology-Report/glibc-2.34/build/elf/rtld-libc.a(rtld-open64_nocancel.os)
 .debug_aranges
                0x0000000000000d70       0x30 /teamspace/studios/this_studio/AI-Automated-Radiology-Report/glibc-2.34/build/elf/rtld-libc.a(rtld-read_nocancel.os)
 .debug_aranges
                0x0000000000000da0       0x30 /teamspace/studios/this_studio/AI-Automated-Radiology-Report/glibc-2.34/build/elf/rtld-libc.a(rtld-pread64_nocancel.os)
 .debug_aranges
                0x0000000000000dd0       0x30 /teamspace/studios/this_studio/AI-Automated-Radiology-Report/glibc-2.34/build/elf/rtld-libc.a(rtld-write_nocancel.os)
 .debug_aranges
                0x0000000000000e00       0x30 /teamspace/studios/this_studio/AI-Automated-Radiology-Report/glibc-2.34/build/elf/rtld-libc.a(rtld-scratch_buffer_set_array_size.os)
 .debug_aranges
                0x0000000000000e30       0x30 /teamspace/studios/this_studio/AI-Automated-Radiology-Report/glibc-2.34/build/elf/rtld-libc.a(rtld-mmap64.os)
 .debug_aranges
                0x0000000000000e60       0x30 /teamspace/studios/this_studio/AI-Automated-Radiology-Report/glibc-2.34/build/elf/rtld-libc.a(rtld-munmap.os)
 .debug_aranges
                0x0000000000000e90       0x30 /teamspace/studios/this_studio/AI-Automated-Radiology-Report/glibc-2.34/build/elf/rtld-libc.a(rtld-mprotect.os)
 .debug_aranges
                0x0000000000000ec0       0x30 /teamspace/studios/this_studio/AI-Automated-Radiology-Report/glibc-2.34/build/elf/rtld-libc.a(rtld-lowlevellock.os)
 .debug_aranges
                0x0000000000000ef0       0x30 /teamspace/studios/this_studio/AI-Automated-Radiology-Report/glibc-2.34/build/elf/rtld-libc.a(rtld-uname.os)
 .debug_aranges
                0x0000000000000f20       0x30 /teamspace/studios/this_studio/AI-Automated-Radiology-Report/glibc-2.34/build/elf/rtld-libc.a(rtld-_exit.os)
 .debug_aranges
                0x0000000000000f50       0x30 /teamspace/studios/this_studio/AI-Automated-Radiology-Report/glibc-2.34/build/elf/rtld-libc.a(rtld-getpid.os)
 .debug_aranges
                0x0000000000000f80       0x20 /teamspace/studios/this_studio/AI-Automated-Radiology-Report/glibc-2.34/build/elf/rtld-libc.a(rtld-environ.os)
 .debug_aranges
                0x0000000000000fa0       0x30 /teamspace/studios/this_studio/AI-Automated-Radiology-Report/glibc-2.34/build/elf/rtld-libc.a(rtld-setjmp.os)
 .debug_aranges
                0x0000000000000fd0       0x30 /teamspace/studios/this_studio/AI-Automated-Radiology-Report/glibc-2.34/build/elf/rtld-libc.a(rtld-__longjmp.os)
 .debug_aranges
                0x0000000000001000       0x30 /teamspace/studios/this_studio/AI-Automated-Radiology-Report/glibc-2.34/build/elf/rtld-libc.a(rtld-sigaction.os)
 .debug_aranges
                0x0000000000001030       0x30 /teamspace/studios/this_studio/AI-Automated-Radiology-Report/glibc-2.34/build/elf/rtld-libc.a(rtld-libc_sigaction.os)
 .debug_aranges
                0x0000000000001060       0x30 /teamspace/studios/this_studio/AI-Automated-Radiology-Report/glibc-2.34/build/elf/rtld-libc.a(rtld-strdup.os)
 .debug_aranges
                0x0000000000001090       0x30 /teamspace/studios/this_studio/AI-Automated-Radiology-Report/glibc-2.34/build/elf/rtld-libc.a(rtld-strcmp-sse2.os)
 .debug_aranges
                0x00000000000010c0       0x30 /teamspace/studios/this_studio/AI-Automated-Radiology-Report/glibc-2.34/build/elf/rtld-libc.a(rtld-strncmp-sse2.os)
 .debug_aranges
                0x00000000000010f0       0x30 /teamspace/studios/this_studio/AI-Automated-Radiology-Report/glibc-2.34/build/elf/rtld-libc.a(rtld-memchr-sse2.os)
 .debug_aranges
                0x0000000000001120       0x30 /teamspace/studios/this_studio/AI-Automated-Radiology-Report/glibc-2.34/build/elf/rtld-libc.a(rtld-rawmemchr-sse2.os)
 .debug_aranges
                0x0000000000001150       0x30 /teamspace/studios/this_studio/AI-Automated-Radiology-Report/glibc-2.34/build/elf/rtld-libc.a(rtld-memcmp-sse2.os)
 .debug_aranges
                0x0000000000001180       0x30 /teamspace/studios/this_studio/AI-Automated-Radiology-Report/glibc-2.34/build/elf/rtld-libc.a(rtld-strchr-sse2.os)
 .debug_aranges
                0x00000000000011b0       0x30 /teamspace/studios/this_studio/AI-Automated-Radiology-Report/glibc-2.34/build/elf/rtld-libc.a(rtld-strlen-sse2.os)
 .debug_aranges
                0x00000000000011e0       0x30 /teamspace/studios/this_studio/AI-Automated-Radiology-Report/glibc-2.34/build/elf/rtld-libc.a(rtld-strnlen-sse2.os)
 .debug_aranges
                0x0000000000001210       0x30 /teamspace/studios/this_studio/AI-Automated-Radiology-Report/glibc-2.34/build/elf/rtld-libc.a(rtld-stpcpy-sse2.os)
 .debug_aranges
                0x0000000000001240       0x30 /teamspace/studios/this_studio/AI-Automated-Radiology-Report/glibc-2.34/build/elf/rtld-libc.a(rtld-strcspn-sse2.os)
 .debug_aranges
                0x0000000000001270       0x30 /teamspace/studios/this_studio/AI-Automated-Radiology-Report/glibc-2.34/build/elf/rtld-libc.a(rtld-memmove-sse2-unaligned-erms.os)
 .debug_aranges
                0x00000000000012a0       0x30 /teamspace/studios/this_studio/AI-Automated-Radiology-Report/glibc-2.34/build/elf/rtld-libc.a(rtld-memset-sse2-unaligned-erms.os)
 .debug_aranges
                0x00000000000012d0       0x30 /teamspace/studios/this_studio/AI-Automated-Radiology-Report/glibc-2.34/build/elf/rtld-libc.a(rtld-setitimer.os)

.debug_pubnames
 *(.debug_pubnames)

.debug_info     0x0000000000000000    0xcf633
 *(.debug_info)
 .debug_info    0x0000000000000000    0xb680b /teamspace/studios/this_studio/AI-Automated-Radiology-Report/glibc-2.34/build/elf/dl-allobjs.os
 .debug_info    0x00000000000b680b      0xcee /teamspace/studios/this_studio/AI-Automated-Radiology-Report/glibc-2.34/build/elf/rtld-libc.a(rtld-check_fds.os)
 .debug_info    0x00000000000b74f9      0x887 /teamspace/studios/this_studio/AI-Automated-Radiology-Report/glibc-2.34/build/elf/rtld-libc.a(rtld-errno.os)
 .debug_info    0x00000000000b7d80      0xa7c /teamspace/studios/this_studio/AI-Automated-Radiology-Report/glibc-2.34/build/elf/rtld-libc.a(rtld-closedir.os)
 .debug_info    0x00000000000b87fc      0xa06 /teamspace/studios/this_studio/AI-Automated-Radiology-Report/glibc-2.34/build/elf/rtld-libc.a(rtld-rewinddir.os)
 .debug_info    0x00000000000b9202      0xa9f /teamspace/studios/this_studio/AI-Automated-Radiology-Report/glibc-2.34/build/elf/rtld-libc.a(rtld-readdir64.os)
 .debug_info    0x00000000000b9ca1      0xc14 /teamspace/studios/this_studio/AI-Automated-Radiology-Report/glibc-2.34/build/elf/rtld-libc.a(rtld-fdopendir.os)
 .debug_info    0x00000000000ba8b5      0x991 /teamspace/studios/this_studio/AI-Automated-Radiology-Report/glibc-2.34/build/elf/rtld-libc.a(rtld-getdents64.os)
 .debug_info    0x00000000000bb246     0x13bd /teamspace/studios/this_studio/AI-Automated-Radiology-Report/glibc-2.34/build/elf/rtld-libc.a(rtld-dl-addr-obj.os)
 .debug_info    0x00000000000bc603      0xd10 /teamspace/studios/this_studio/AI-Automated-Radiology-Report/glibc-2.34/build/elf/rtld-libc.a(rtld-profil.os)
 .debug_info    0x00000000000bd313     0x2cfa /teamspace/studios/this_studio/AI-Automated-Radiology-Report/glibc-2.34/build/elf/rtld-libc.a(rtld-prof-freq.os)
 .debug_info    0x00000000000c000d      0x299 /teamspace/studios/this_studio/AI-Automated-Radiology-Report/glibc-2.34/build/elf/rtld-libc.a(rtld-stat64.os)
 .debug_info    0x00000000000c02a6      0x2c0 /teamspace/studios/this_studio/AI-Automated-Radiology-Report/glibc-2.34/build/elf/rtld-libc.a(rtld-fstat64.os)
 .debug_info    0x00000000000c0566      0x29b /teamspace/studios/this_studio/AI-Automated-Radiology-Report/glibc-2.34/build/elf/rtld-libc.a(rtld-lstat64.os)
 .debug_info    0x00000000000c0801      0xc25 /teamspace/studios/this_studio/AI-Automated-Radiology-Report/glibc-2.34/build/elf/rtld-libc.a(rtld-fstatat64.os)
 .debug_info    0x00000000000c1426      0xb02 /teamspace/studios/this_studio/AI-Automated-Radiology-Report/glibc-2.34/build/elf/rtld-libc.a(rtld-openat64.os)
 .debug_info    0x00000000000c1f28      0x9f7 /teamspace/studios/this_studio/AI-Automated-Radiology-Report/glibc-2.34/build/elf/rtld-libc.a(rtld-lseek64.os)
 .debug_info    0x00000000000c291f      0x9bc /teamspace/studios/this_studio/AI-Automated-Radiology-Report/glibc-2.34/build/elf/rtld-libc.a(rtld-access.os)
 .debug_info    0x00000000000c32db      0x98f /teamspace/studios/this_studio/AI-Automated-Radiology-Report/glibc-2.34/build/elf/rtld-libc.a(rtld-close_nocancel.os)
 .debug_info    0x00000000000c3c6a      0xcc8 /teamspace/studios/this_studio/AI-Automated-Radiology-Report/glibc-2.34/build/elf/rtld-libc.a(rtld-fcntl_nocancel.os)
 .debug_info    0x00000000000c4932      0xab9 /teamspace/studios/this_studio/AI-Automated-Radiology-Report/glibc-2.34/build/elf/rtld-libc.a(rtld-open64_nocancel.os)
 .debug_info    0x00000000000c53eb      0xa07 /teamspace/studios/this_studio/AI-Automated-Radiology-Report/glibc-2.34/build/elf/rtld-libc.a(rtld-read_nocancel.os)
 .debug_info    0x00000000000c5df2      0xa49 /teamspace/studios/this_studio/AI-Automated-Radiology-Report/glibc-2.34/build/elf/rtld-libc.a(rtld-pread64_nocancel.os)
 .debug_info    0x00000000000c683b      0xa0e /teamspace/studios/this_studio/AI-Automated-Radiology-Report/glibc-2.34/build/elf/rtld-libc.a(rtld-write_nocancel.os)
 .debug_info    0x00000000000c7249      0x502 /teamspace/studios/this_studio/AI-Automated-Radiology-Report/glibc-2.34/build/elf/rtld-libc.a(rtld-scratch_buffer_set_array_size.os)
 .debug_info    0x00000000000c774b     0x3240 /teamspace/studios/this_studio/AI-Automated-Radiology-Report/glibc-2.34/build/elf/rtld-libc.a(rtld-mmap64.os)
 .debug_info    0x00000000000ca98b       0x2e /teamspace/studios/this_studio/AI-Automated-Radiology-Report/glibc-2.34/build/elf/rtld-libc.a(rtld-munmap.os)
 .debug_info    0x00000000000ca9b9       0x2e /teamspace/studios/this_studio/AI-Automated-Radiology-Report/glibc-2.34/build/elf/rtld-libc.a(rtld-mprotect.os)
 .debug_info    0x00000000000ca9e7     0x14a8 /teamspace/studios/this_studio/AI-Automated-Radiology-Report/glibc-2.34/build/elf/rtld-libc.a(rtld-lowlevellock.os)
 .debug_info    0x00000000000cbe8f       0x2e /teamspace/studios/this_studio/AI-Automated-Radiology-Report/glibc-2.34/build/elf/rtld-libc.a(rtld-uname.os)
 .debug_info    0x00000000000cbebd      0x9d4 /teamspace/studios/this_studio/AI-Automated-Radiology-Report/glibc-2.34/build/elf/rtld-libc.a(rtld-_exit.os)
 .debug_info    0x00000000000cc891       0x2e /teamspace/studios/this_studio/AI-Automated-Radiology-Report/glibc-2.34/build/elf/rtld-libc.a(rtld-getpid.os)
 .debug_info    0x00000000000cc8bf      0x103 /teamspace/studios/this_studio/AI-Automated-Radiology-Report/glibc-2.34/build/elf/rtld-libc.a(rtld-environ.os)
 .debug_info    0x00000000000cc9c2       0x2e /teamspace/studios/this_studio/AI-Automated-Radiology-Report/glibc-2.34/build/elf/rtld-libc.a(rtld-setjmp.os)
 .debug_info    0x00000000000cc9f0       0x2e /teamspace/studios/this_studio/AI-Automated-Radiology-Report/glibc-2.34/build/elf/rtld-libc.a(rtld-__longjmp.os)
 .debug_info    0x00000000000cca1e      0xe40 /teamspace/studios/this_studio/AI-Automated-Radiology-Report/glibc-2.34/build/elf/rtld-libc.a(rtld-sigaction.os)
 .debug_info    0x00000000000cd85e      0xdcd /teamspace/studios/this_studio/AI-Automated-Radiology-Report/glibc-2.34/build/elf/rtld-libc.a(rtld-libc_sigaction.os)
 .debug_info    0x00000000000ce62b      0x3b4 /teamspace/studios/this_studio/AI-Automated-Radiology-Report/glibc-2.34/build/elf/rtld-libc.a(rtld-strdup.os)
 .debug_info    0x00000000000ce9df       0x2e /teamspace/studios/this_studio/AI-Automated-Radiology-Report/glibc-2.34/build/elf/rtld-libc.a(rtld-strcmp-sse2.os)
 .debug_info    0x00000000000cea0d       0x2e /teamspace/studios/this_studio/AI-Automated-Radiology-Report/glibc-2.34/build/elf/rtld-libc.a(rtld-strncmp-sse2.os)
 .debug_info    0x00000000000cea3b       0x2e /teamspace/studios/this_studio/AI-Automated-Radiology-Report/glibc-2.34/build/elf/rtld-libc.a(rtld-memchr-sse2.os)
 .debug_info    0x00000000000cea69       0x2e /teamspace/studios/this_studio/AI-Automated-Radiology-Report/glibc-2.34/build/elf/rtld-libc.a(rtld-rawmemchr-sse2.os)
 .debug_info    0x00000000000cea97       0x2e /teamspace/studios/this_studio/AI-Automated-Radiology-Report/glibc-2.34/build/elf/rtld-libc.a(rtld-memcmp-sse2.os)
 .debug_info    0x00000000000ceac5       0x2e /teamspace/studios/this_studio/AI-Automated-Radiology-Report/glibc-2.34/build/elf/rtld-libc.a(rtld-strchr-sse2.os)
 .debug_info    0x00000000000ceaf3       0x2e /teamspace/studios/this_studio/AI-Automated-Radiology-Report/glibc-2.34/build/elf/rtld-libc.a(rtld-strlen-sse2.os)
 .debug_info    0x00000000000ceb21       0x2e /teamspace/studios/this_studio/AI-Automated-Radiology-Report/glibc-2.34/build/elf/rtld-libc.a(rtld-strnlen-sse2.os)
 .debug_info    0x00000000000ceb4f       0x2e /teamspace/studios/this_studio/AI-Automated-Radiology-Report/glibc-2.34/build/elf/rtld-libc.a(rtld-stpcpy-sse2.os)
 .debug_info    0x00000000000ceb7d       0x2e /teamspace/studios/this_studio/AI-Automated-Radiology-Report/glibc-2.34/build/elf/rtld-libc.a(rtld-strcspn-sse2.os)
 .debug_info    0x00000000000cebab       0x2e /teamspace/studios/this_studio/AI-Automated-Radiology-Report/glibc-2.34/build/elf/rtld-libc.a(rtld-memmove-sse2-unaligned-erms.os)
 .debug_info    0x00000000000cebd9       0x2e /teamspace/studios/this_studio/AI-Automated-Radiology-Report/glibc-2.34/build/elf/rtld-libc.a(rtld-memset-sse2-unaligned-erms.os)
 .debug_info    0x00000000000cec07      0xa2c /teamspace/studios/this_studio/AI-Automated-Radiology-Report/glibc-2.34/build/elf/rtld-libc.a(rtld-setitimer.os)

.debug_abbrev   0x0000000000000000    0x154f5
 *(.debug_abbrev)
 .debug_abbrev  0x0000000000000000    0x11067 /teamspace/studios/this_studio/AI-Automated-Radiology-Report/glibc-2.34/build/elf/dl-allobjs.os
 .debug_abbrev  0x0000000000011067      0x27c /teamspace/studios/this_studio/AI-Automated-Radiology-Report/glibc-2.34/build/elf/rtld-libc.a(rtld-check_fds.os)
 .debug_abbrev  0x00000000000112e3      0x165 /teamspace/studios/this_studio/AI-Automated-Radiology-Report/glibc-2.34/build/elf/rtld-libc.a(rtld-errno.os)
 .debug_abbrev  0x0000000000011448      0x269 /teamspace/studios/this_studio/AI-Automated-Radiology-Report/glibc-2.34/build/elf/rtld-libc.a(rtld-closedir.os)
 .debug_abbrev  0x00000000000116b1      0x1ff /teamspace/studios/this_studio/AI-Automated-Radiology-Report/glibc-2.34/build/elf/rtld-libc.a(rtld-rewinddir.os)
 .debug_abbrev  0x00000000000118b0      0x241 /teamspace/studios/this_studio/AI-Automated-Radiology-Report/glibc-2.34/build/elf/rtld-libc.a(rtld-readdir64.os)
 .debug_abbrev  0x0000000000011af1      0x233 /teamspace/studios/this_studio/AI-Automated-Radiology-Report/glibc-2.34/build/elf/rtld-libc.a(rtld-fdopendir.os)
 .debug_abbrev  0x0000000000011d24      0x1d0 /teamspace/studios/this_studio/AI-Automated-Radiology-Report/glibc-2.34/build/elf/rtld-libc.a(rtld-getdents64.os)